<!doctype html public "-//w3c//dtd html 4.0 transitional//en">
<html><head>
<title>Static Call Graph - [.\objects\sniffer.axf]</title></head>
<body><HR>
<H1>Static Call Graph for image .\objects\sniffer.axf</H1><HR>
<BR><P>#&#060CALLGRAPH&#062# ARM Linker, 5060960: Last Updated: Tue Nov 04 16:33:49 2025
<BR><P>
<H3>Maximum Stack Usage =        272 bytes + Unknown(Cycles, Untraceable Function Pointers)</H3><H3>
Call chain for Maximum Stack Depth:</H3>
main &rArr; cli_proc &rArr; ciProcessInput &rArr; processCommand &rArr; validateArguments &rArr; validateInteger &rArr; strtoul &rArr; _strtoul
<P>
<H3>
Mutually Recursive functions
</H3> <LI><a href="#[78]">ACC_IRQHandler</a>&nbsp;&nbsp;&nbsp;&rArr;&nbsp;&nbsp;&nbsp;<a href="#[78]">ACC_IRQHandler</a><BR>
 <LI><a href="#[37]">BusFault_Handler</a>&nbsp;&nbsp;&nbsp;&rArr;&nbsp;&nbsp;&nbsp;<a href="#[37]">BusFault_Handler</a><BR>
 <LI><a href="#[35]">HardFault_Handler</a>&nbsp;&nbsp;&nbsp;&rArr;&nbsp;&nbsp;&nbsp;<a href="#[35]">HardFault_Handler</a><BR>
 <LI><a href="#[36]">MemManage_Handler</a>&nbsp;&nbsp;&nbsp;&rArr;&nbsp;&nbsp;&nbsp;<a href="#[36]">MemManage_Handler</a><BR>
 <LI><a href="#[38]">UsageFault_Handler</a>&nbsp;&nbsp;&nbsp;&rArr;&nbsp;&nbsp;&nbsp;<a href="#[38]">UsageFault_Handler</a><BR>
</UL>
<P>
<H3>
Function Pointers
</H3><UL>
 <LI><a href="#[78]">ACC_IRQHandler</a> from startup_at32f413.o(.text) referenced from startup_at32f413.o(RESET)
 <LI><a href="#[4f]">ADC1_2_IRQHandler</a> from at32f413_int.o(i.ADC1_2_IRQHandler) referenced from startup_at32f413.o(RESET)
 <LI><a href="#[37]">BusFault_Handler</a> from at32f413_int.o(i.BusFault_Handler) referenced from startup_at32f413.o(RESET)
 <LI><a href="#[52]">CAN1_RX1_IRQHandler</a> from startup_at32f413.o(.text) referenced from startup_at32f413.o(RESET)
 <LI><a href="#[53]">CAN1_SE_IRQHandler</a> from startup_at32f413.o(.text) referenced from startup_at32f413.o(RESET)
 <LI><a href="#[75]">CAN2_RX0_IRQHandler</a> from startup_at32f413.o(.text) referenced from startup_at32f413.o(RESET)
 <LI><a href="#[76]">CAN2_RX1_IRQHandler</a> from startup_at32f413.o(.text) referenced from startup_at32f413.o(RESET)
 <LI><a href="#[77]">CAN2_SE_IRQHandler</a> from startup_at32f413.o(.text) referenced from startup_at32f413.o(RESET)
 <LI><a href="#[74]">CAN2_TX_IRQHandler</a> from startup_at32f413.o(.text) referenced from startup_at32f413.o(RESET)
 <LI><a href="#[42]">CRM_IRQHandler</a> from startup_at32f413.o(.text) referenced from startup_at32f413.o(RESET)
 <LI><a href="#[48]">DMA1_Channel1_IRQHandler</a> from startup_at32f413.o(.text) referenced from startup_at32f413.o(RESET)
 <LI><a href="#[49]">DMA1_Channel2_IRQHandler</a> from startup_at32f413.o(.text) referenced from startup_at32f413.o(RESET)
 <LI><a href="#[4a]">DMA1_Channel3_IRQHandler</a> from startup_at32f413.o(.text) referenced from startup_at32f413.o(RESET)
 <LI><a href="#[4b]">DMA1_Channel4_IRQHandler</a> from startup_at32f413.o(.text) referenced from startup_at32f413.o(RESET)
 <LI><a href="#[4c]">DMA1_Channel5_IRQHandler</a> from startup_at32f413.o(.text) referenced from startup_at32f413.o(RESET)
 <LI><a href="#[4d]">DMA1_Channel6_IRQHandler</a> from startup_at32f413.o(.text) referenced from startup_at32f413.o(RESET)
 <LI><a href="#[4e]">DMA1_Channel7_IRQHandler</a> from startup_at32f413.o(.text) referenced from startup_at32f413.o(RESET)
 <LI><a href="#[70]">DMA2_Channel1_IRQHandler</a> from startup_at32f413.o(.text) referenced from startup_at32f413.o(RESET)
 <LI><a href="#[71]">DMA2_Channel2_IRQHandler</a> from startup_at32f413.o(.text) referenced from startup_at32f413.o(RESET)
 <LI><a href="#[72]">DMA2_Channel3_IRQHandler</a> from startup_at32f413.o(.text) referenced from startup_at32f413.o(RESET)
 <LI><a href="#[73]">DMA2_Channel4_5_IRQHandler</a> from startup_at32f413.o(.text) referenced from startup_at32f413.o(RESET)
 <LI><a href="#[7b]">DMA2_Channel6_7_IRQHandler</a> from startup_at32f413.o(.text) referenced from startup_at32f413.o(RESET)
 <LI><a href="#[3a]">DebugMon_Handler</a> from at32f413_int.o(i.DebugMon_Handler) referenced from startup_at32f413.o(RESET)
 <LI><a href="#[43]">EXINT0_IRQHandler</a> from at32f413_int.o(i.EXINT0_IRQHandler) referenced from startup_at32f413.o(RESET)
 <LI><a href="#[65]">EXINT15_10_IRQHandler</a> from startup_at32f413.o(.text) referenced from startup_at32f413.o(RESET)
 <LI><a href="#[44]">EXINT1_IRQHandler</a> from startup_at32f413.o(.text) referenced from startup_at32f413.o(RESET)
 <LI><a href="#[45]">EXINT2_IRQHandler</a> from startup_at32f413.o(.text) referenced from startup_at32f413.o(RESET)
 <LI><a href="#[46]">EXINT3_IRQHandler</a> from startup_at32f413.o(.text) referenced from startup_at32f413.o(RESET)
 <LI><a href="#[47]">EXINT4_IRQHandler</a> from startup_at32f413.o(.text) referenced from startup_at32f413.o(RESET)
 <LI><a href="#[54]">EXINT9_5_IRQHandler</a> from startup_at32f413.o(.text) referenced from startup_at32f413.o(RESET)
 <LI><a href="#[41]">FLASH_IRQHandler</a> from startup_at32f413.o(.text) referenced from startup_at32f413.o(RESET)
 <LI><a href="#[35]">HardFault_Handler</a> from at32f413_int.o(i.HardFault_Handler) referenced from startup_at32f413.o(RESET)
 <LI><a href="#[5d]">I2C1_ERR_IRQHandler</a> from startup_at32f413.o(.text) referenced from startup_at32f413.o(RESET)
 <LI><a href="#[5c]">I2C1_EVT_IRQHandler</a> from startup_at32f413.o(.text) referenced from startup_at32f413.o(RESET)
 <LI><a href="#[5f]">I2C2_ERR_IRQHandler</a> from startup_at32f413.o(.text) referenced from startup_at32f413.o(RESET)
 <LI><a href="#[5e]">I2C2_EVT_IRQHandler</a> from startup_at32f413.o(.text) referenced from startup_at32f413.o(RESET)
 <LI><a href="#[36]">MemManage_Handler</a> from at32f413_int.o(i.MemManage_Handler) referenced from startup_at32f413.o(RESET)
 <LI><a href="#[34]">NMI_Handler</a> from at32f413_int.o(i.NMI_Handler) referenced from startup_at32f413.o(RESET)
 <LI><a href="#[3e]">PVM_IRQHandler</a> from startup_at32f413.o(.text) referenced from startup_at32f413.o(RESET)
 <LI><a href="#[3b]">PendSV_Handler</a> from at32f413_int.o(i.PendSV_Handler) referenced from startup_at32f413.o(RESET)
 <LI><a href="#[66]">RTCAlarm_IRQHandler</a> from startup_at32f413.o(.text) referenced from startup_at32f413.o(RESET)
 <LI><a href="#[40]">RTC_IRQHandler</a> from startup_at32f413.o(.text) referenced from startup_at32f413.o(RESET)
 <LI><a href="#[33]">Reset_Handler</a> from startup_at32f413.o(.text) referenced from startup_at32f413.o(RESET)
 <LI><a href="#[6c]">SDIO1_IRQHandler</a> from startup_at32f413.o(.text) referenced from startup_at32f413.o(RESET)
 <LI><a href="#[60]">SPI1_IRQHandler</a> from startup_at32f413.o(.text) referenced from startup_at32f413.o(RESET)
 <LI><a href="#[61]">SPI2_IRQHandler</a> from startup_at32f413.o(.text) referenced from startup_at32f413.o(RESET)
 <LI><a href="#[39]">SVC_Handler</a> from at32f413_int.o(i.SVC_Handler) referenced from startup_at32f413.o(RESET)
 <LI><a href="#[3c]">SysTick_Handler</a> from at32f413_int.o(i.SysTick_Handler) referenced from startup_at32f413.o(RESET)
 <LI><a href="#[7d]">SystemInit</a> from system_at32f413.o(i.SystemInit) referenced from startup_at32f413.o(.text)
 <LI><a href="#[3f]">TAMPER_IRQHandler</a> from startup_at32f413.o(.text) referenced from startup_at32f413.o(RESET)
 <LI><a href="#[55]">TMR1_BRK_TMR9_IRQHandler</a> from startup_at32f413.o(.text) referenced from startup_at32f413.o(RESET)
 <LI><a href="#[58]">TMR1_CH_IRQHandler</a> from startup_at32f413.o(.text) referenced from startup_at32f413.o(RESET)
 <LI><a href="#[56]">TMR1_OVF_TMR10_IRQHandler</a> from startup_at32f413.o(.text) referenced from startup_at32f413.o(RESET)
 <LI><a href="#[57]">TMR1_TRG_HALL_TMR11_IRQHandler</a> from startup_at32f413.o(.text) referenced from startup_at32f413.o(RESET)
 <LI><a href="#[59]">TMR2_GLOBAL_IRQHandler</a> from startup_at32f413.o(.text) referenced from startup_at32f413.o(RESET)
 <LI><a href="#[5a]">TMR3_GLOBAL_IRQHandler</a> from startup_at32f413.o(.text) referenced from startup_at32f413.o(RESET)
 <LI><a href="#[5b]">TMR4_GLOBAL_IRQHandler</a> from startup_at32f413.o(.text) referenced from startup_at32f413.o(RESET)
 <LI><a href="#[6d]">TMR5_GLOBAL_IRQHandler</a> from startup_at32f413.o(.text) referenced from startup_at32f413.o(RESET)
 <LI><a href="#[68]">TMR8_BRK_IRQHandler</a> from startup_at32f413.o(.text) referenced from startup_at32f413.o(RESET)
 <LI><a href="#[6b]">TMR8_CH_IRQHandler</a> from startup_at32f413.o(.text) referenced from startup_at32f413.o(RESET)
 <LI><a href="#[69]">TMR8_OVF_IRQHandler</a> from startup_at32f413.o(.text) referenced from startup_at32f413.o(RESET)
 <LI><a href="#[6a]">TMR8_TRG_HALL_IRQHandler</a> from startup_at32f413.o(.text) referenced from startup_at32f413.o(RESET)
 <LI><a href="#[6e]">UART4_IRQHandler</a> from startup_at32f413.o(.text) referenced from startup_at32f413.o(RESET)
 <LI><a href="#[6f]">UART5_IRQHandler</a> from startup_at32f413.o(.text) referenced from startup_at32f413.o(RESET)
 <LI><a href="#[62]">USART1_IRQHandler</a> from at32f413_int.o(i.USART1_IRQHandler) referenced from startup_at32f413.o(RESET)
 <LI><a href="#[63]">USART2_IRQHandler</a> from startup_at32f413.o(.text) referenced from startup_at32f413.o(RESET)
 <LI><a href="#[64]">USART3_IRQHandler</a> from startup_at32f413.o(.text) referenced from startup_at32f413.o(RESET)
 <LI><a href="#[67]">USBFSWakeUp_IRQHandler</a> from startup_at32f413.o(.text) referenced from startup_at32f413.o(RESET)
 <LI><a href="#[50]">USBFS_H_CAN1_TX_IRQHandler</a> from startup_at32f413.o(.text) referenced from startup_at32f413.o(RESET)
 <LI><a href="#[51]">USBFS_L_CAN1_RX0_IRQHandler</a> from startup_at32f413.o(.text) referenced from startup_at32f413.o(RESET)
 <LI><a href="#[79]">USBFS_MAPH_IRQHandler</a> from startup_at32f413.o(.text) referenced from startup_at32f413.o(RESET)
 <LI><a href="#[7a]">USBFS_MAPL_IRQHandler</a> from at32f413_int.o(i.USBFS_MAPL_IRQHandler) referenced from startup_at32f413.o(RESET)
 <LI><a href="#[38]">UsageFault_Handler</a> from at32f413_int.o(i.UsageFault_Handler) referenced from startup_at32f413.o(RESET)
 <LI><a href="#[3d]">WWDT_IRQHandler</a> from startup_at32f413.o(.text) referenced from startup_at32f413.o(RESET)
 <LI><a href="#[7e]">__main</a> from entry.o(.ARM.Collect$$$$00000000) referenced from startup_at32f413.o(.text)
 <LI><a href="#[2]">class_clear_handler</a> from cdc_class.o(i.class_clear_handler) referenced 2 times from cdc_class.o(.data)
 <LI><a href="#[5]">class_ept0_rx_handler</a> from cdc_class.o(i.class_ept0_rx_handler) referenced 2 times from cdc_class.o(.data)
 <LI><a href="#[4]">class_ept0_tx_handler</a> from cdc_class.o(i.class_ept0_tx_handler) referenced 2 times from cdc_class.o(.data)
 <LI><a href="#[9]">class_event_handler</a> from cdc_class.o(i.class_event_handler) referenced 2 times from cdc_class.o(.data)
 <LI><a href="#[6]">class_in_handler</a> from cdc_class.o(i.class_in_handler) referenced 2 times from cdc_class.o(.data)
 <LI><a href="#[1]">class_init_handler</a> from cdc_class.o(i.class_init_handler) referenced 2 times from cdc_class.o(.data)
 <LI><a href="#[7]">class_out_handler</a> from cdc_class.o(i.class_out_handler) referenced 2 times from cdc_class.o(.data)
 <LI><a href="#[3]">class_setup_handler</a> from cdc_class.o(i.class_setup_handler) referenced 2 times from cdc_class.o(.data)
 <LI><a href="#[8]">class_sof_handler</a> from cdc_class.o(i.class_sof_handler) referenced 2 times from cdc_class.o(.data)
 <LI><a href="#[29]">cli_clearstats</a> from app_cli.o(i.cli_clearstats) referenced 2 times from app_cli.o(.data)
 <LI><a href="#[2d]">cli_dumpregs</a> from app_cli.o(i.cli_dumpregs) referenced 2 times from app_cli.o(.data)
 <LI><a href="#[1f]">cli_getRSSI</a> from app_cli.o(i.cli_getRSSI) referenced 2 times from app_cli.o(.data)
 <LI><a href="#[30]">cli_getchip</a> from app_cli.o(i.cli_getchip) referenced 2 times from app_cli.o(.data)
 <LI><a href="#[17]">cli_getdevid</a> from app_cli.o(i.cli_getdevid) referenced 2 times from app_cli.o(.data)
 <LI><a href="#[19]">cli_getfreq</a> from app_cli.o(i.cli_getfreq) referenced 2 times from app_cli.o(.data)
 <LI><a href="#[21]">cli_getmodparams</a> from app_cli.o(i.cli_getmodparams) referenced 2 times from app_cli.o(.data)
 <LI><a href="#[23]">cli_getpacketparams</a> from app_cli.o(i.cli_getpacketparams) referenced 2 times from app_cli.o(.data)
 <LI><a href="#[1b]">cli_getpower</a> from app_cli.o(i.cli_getpower) referenced 2 times from app_cli.o(.data)
 <LI><a href="#[28]">cli_getstats</a> from app_cli.o(i.cli_getstats) referenced 2 times from app_cli.o(.data)
 <LI><a href="#[20]">cli_getstatus</a> from app_cli.o(i.cli_getstatus) referenced 2 times from app_cli.o(.data)
 <LI><a href="#[16]">cli_getver</a> from app_cli.o(i.cli_getver) referenced 2 times from app_cli.o(.data)
 <LI><a href="#[2a]">cli_getvt</a> from app_cli.o(i.cli_getvt) referenced 2 times from app_cli.o(.data)
 <LI><a href="#[1d]">cli_getxotrim</a> from app_cli.o(i.cli_getxotrim) referenced 2 times from app_cli.o(.data)
 <LI><a href="#[15]">cli_info</a> from app_cli.o(i.cli_info) referenced 2 times from app_cli.o(.data)
 <LI><a href="#[2e]">cli_initconfig</a> from app_cli.o(i.cli_initconfig) referenced 2 times from app_cli.o(.data)
 <LI><a href="#[31]">cli_radioinit</a> from app_cli.o(i.cli_radioinit) referenced 2 times from app_cli.o(.data)
 <LI><a href="#[2b]">cli_readreg</a> from app_cli.o(i.cli_readreg) referenced 2 times from app_cli.o(.data)
 <LI><a href="#[14]">cli_reset</a> from app_cli.o(i.cli_reset) referenced 2 times from app_cli.o(.data)
 <LI><a href="#[25]">cli_sendburst</a> from app_cli.o(i.cli_sendburst) referenced 2 times from app_cli.o(.data)
 <LI><a href="#[18]">cli_setdevid</a> from app_cli.o(i.cli_setdevid) referenced 2 times from app_cli.o(.data)
 <LI><a href="#[1a]">cli_setfreq</a> from app_cli.o(i.cli_setfreq) referenced 2 times from app_cli.o(.data)
 <LI><a href="#[22]">cli_setmodparams</a> from app_cli.o(i.cli_setmodparams) referenced 2 times from app_cli.o(.data)
 <LI><a href="#[32]">cli_setopmode</a> from app_cli.o(i.cli_setopmode) referenced 2 times from app_cli.o(.data)
 <LI><a href="#[24]">cli_setpacketparams</a> from app_cli.o(i.cli_setpacketparams) referenced 2 times from app_cli.o(.data)
 <LI><a href="#[1c]">cli_setpower</a> from app_cli.o(i.cli_setpower) referenced 2 times from app_cli.o(.data)
 <LI><a href="#[1e]">cli_setxotrim</a> from app_cli.o(i.cli_setxotrim) referenced 2 times from app_cli.o(.data)
 <LI><a href="#[26]">cli_stopburst</a> from app_cli.o(i.cli_stopburst) referenced 2 times from app_cli.o(.data)
 <LI><a href="#[2f]">cli_storeconfig</a> from app_cli.o(i.cli_storeconfig) referenced 2 times from app_cli.o(.data)
 <LI><a href="#[27]">cli_txstream</a> from app_cli.o(i.cli_txstream) referenced 2 times from app_cli.o(.data)
 <LI><a href="#[2c]">cli_writereg</a> from app_cli.o(i.cli_writereg) referenced 2 times from app_cli.o(.data)
 <LI><a href="#[7f]">fputc</a> from retarget.o(i.fputc) referenced from printfa.o(i.__0printf)
 <LI><a href="#[13]">get_device_config_string</a> from cdc_desc.o(i.get_device_config_string) referenced 2 times from cdc_desc.o(.data)
 <LI><a href="#[c]">get_device_configuration</a> from cdc_desc.o(i.get_device_configuration) referenced 2 times from cdc_desc.o(.data)
 <LI><a href="#[a]">get_device_descriptor</a> from cdc_desc.o(i.get_device_descriptor) referenced 2 times from cdc_desc.o(.data)
 <LI><a href="#[12]">get_device_interface_string</a> from cdc_desc.o(i.get_device_interface_string) referenced 2 times from cdc_desc.o(.data)
 <LI><a href="#[e]">get_device_lang_id</a> from cdc_desc.o(i.get_device_lang_id) referenced 2 times from cdc_desc.o(.data)
 <LI><a href="#[f]">get_device_manufacturer_string</a> from cdc_desc.o(i.get_device_manufacturer_string) referenced 2 times from cdc_desc.o(.data)
 <LI><a href="#[d]">get_device_other_speed</a> from cdc_desc.o(i.get_device_other_speed) referenced 2 times from cdc_desc.o(.data)
 <LI><a href="#[10]">get_device_product_string</a> from cdc_desc.o(i.get_device_product_string) referenced 2 times from cdc_desc.o(.data)
 <LI><a href="#[b]">get_device_qualifier</a> from cdc_desc.o(i.get_device_qualifier) referenced 2 times from cdc_desc.o(.data)
 <LI><a href="#[11]">get_device_serial_string</a> from cdc_desc.o(i.get_device_serial_string) referenced 2 times from cdc_desc.o(.data)
 <LI><a href="#[7c]">main</a> from main.o(i.main) referenced from entry9a.o(.ARM.Collect$$$$0000000B)
</UL>
<P>
<H3>
Global Symbols
</H3>
<P><STRONG><a name="[7e]"></a>__main</STRONG> (Thumb, 0 bytes, Stack size unknown bytes, entry.o(.ARM.Collect$$$$00000000))
<BR>[Address Reference Count : 1]<UL><LI> startup_at32f413.o(.text)
</UL>
<P><STRONG><a name="[22b]"></a>_main_stk</STRONG> (Thumb, 0 bytes, Stack size unknown bytes, entry2.o(.ARM.Collect$$$$00000001))

<P><STRONG><a name="[80]"></a>_main_scatterload</STRONG> (Thumb, 0 bytes, Stack size unknown bytes, entry5.o(.ARM.Collect$$$$00000004))
<BR><BR>[Calls]<UL><LI><a href="#[81]">&gt;&gt;</a>&nbsp;&nbsp;&nbsp;__scatterload
</UL>

<P><STRONG><a name="[98]"></a>__main_after_scatterload</STRONG> (Thumb, 0 bytes, Stack size unknown bytes, entry5.o(.ARM.Collect$$$$00000004))
<BR><BR>[Called By]<UL><LI><a href="#[81]">&gt;&gt;</a>&nbsp;&nbsp;&nbsp;__scatterload
</UL>

<P><STRONG><a name="[22c]"></a>_main_clock</STRONG> (Thumb, 0 bytes, Stack size unknown bytes, entry7b.o(.ARM.Collect$$$$00000008))

<P><STRONG><a name="[22d]"></a>_main_cpp_init</STRONG> (Thumb, 0 bytes, Stack size unknown bytes, entry8b.o(.ARM.Collect$$$$0000000A))

<P><STRONG><a name="[22e]"></a>_main_init</STRONG> (Thumb, 0 bytes, Stack size unknown bytes, entry9a.o(.ARM.Collect$$$$0000000B))

<P><STRONG><a name="[22f]"></a>__rt_lib_shutdown_fini</STRONG> (Thumb, 0 bytes, Stack size unknown bytes, entry12b.o(.ARM.Collect$$$$0000000E))

<P><STRONG><a name="[230]"></a>__rt_final_cpp</STRONG> (Thumb, 0 bytes, Stack size unknown bytes, entry10a.o(.ARM.Collect$$$$0000000F))

<P><STRONG><a name="[231]"></a>__rt_final_exit</STRONG> (Thumb, 0 bytes, Stack size unknown bytes, entry11a.o(.ARM.Collect$$$$00000011))

<P><STRONG><a name="[33]"></a>Reset_Handler</STRONG> (Thumb, 8 bytes, Stack size 0 bytes, startup_at32f413.o(.text))
<BR>[Address Reference Count : 1]<UL><LI> startup_at32f413.o(RESET)
</UL>
<P><STRONG><a name="[78]"></a>ACC_IRQHandler</STRONG> (Thumb, 0 bytes, Stack size 0 bytes, startup_at32f413.o(.text))
<BR><BR>[Calls]<UL><LI><a href="#[78]">&gt;&gt;</a>&nbsp;&nbsp;&nbsp;ACC_IRQHandler
</UL>
<BR>[Called By]<UL><LI><a href="#[78]">&gt;&gt;</a>&nbsp;&nbsp;&nbsp;ACC_IRQHandler
</UL>
<BR>[Address Reference Count : 1]<UL><LI> startup_at32f413.o(RESET)
</UL>
<P><STRONG><a name="[52]"></a>CAN1_RX1_IRQHandler</STRONG> (Thumb, 0 bytes, Stack size 0 bytes, startup_at32f413.o(.text))
<BR>[Address Reference Count : 1]<UL><LI> startup_at32f413.o(RESET)
</UL>
<P><STRONG><a name="[53]"></a>CAN1_SE_IRQHandler</STRONG> (Thumb, 0 bytes, Stack size 0 bytes, startup_at32f413.o(.text))
<BR>[Address Reference Count : 1]<UL><LI> startup_at32f413.o(RESET)
</UL>
<P><STRONG><a name="[75]"></a>CAN2_RX0_IRQHandler</STRONG> (Thumb, 0 bytes, Stack size 0 bytes, startup_at32f413.o(.text))
<BR>[Address Reference Count : 1]<UL><LI> startup_at32f413.o(RESET)
</UL>
<P><STRONG><a name="[76]"></a>CAN2_RX1_IRQHandler</STRONG> (Thumb, 0 bytes, Stack size 0 bytes, startup_at32f413.o(.text))
<BR>[Address Reference Count : 1]<UL><LI> startup_at32f413.o(RESET)
</UL>
<P><STRONG><a name="[77]"></a>CAN2_SE_IRQHandler</STRONG> (Thumb, 0 bytes, Stack size 0 bytes, startup_at32f413.o(.text))
<BR>[Address Reference Count : 1]<UL><LI> startup_at32f413.o(RESET)
</UL>
<P><STRONG><a name="[74]"></a>CAN2_TX_IRQHandler</STRONG> (Thumb, 0 bytes, Stack size 0 bytes, startup_at32f413.o(.text))
<BR>[Address Reference Count : 1]<UL><LI> startup_at32f413.o(RESET)
</UL>
<P><STRONG><a name="[42]"></a>CRM_IRQHandler</STRONG> (Thumb, 0 bytes, Stack size 0 bytes, startup_at32f413.o(.text))
<BR>[Address Reference Count : 1]<UL><LI> startup_at32f413.o(RESET)
</UL>
<P><STRONG><a name="[48]"></a>DMA1_Channel1_IRQHandler</STRONG> (Thumb, 0 bytes, Stack size 0 bytes, startup_at32f413.o(.text))
<BR>[Address Reference Count : 1]<UL><LI> startup_at32f413.o(RESET)
</UL>
<P><STRONG><a name="[49]"></a>DMA1_Channel2_IRQHandler</STRONG> (Thumb, 0 bytes, Stack size 0 bytes, startup_at32f413.o(.text))
<BR>[Address Reference Count : 1]<UL><LI> startup_at32f413.o(RESET)
</UL>
<P><STRONG><a name="[4a]"></a>DMA1_Channel3_IRQHandler</STRONG> (Thumb, 0 bytes, Stack size 0 bytes, startup_at32f413.o(.text))
<BR>[Address Reference Count : 1]<UL><LI> startup_at32f413.o(RESET)
</UL>
<P><STRONG><a name="[4b]"></a>DMA1_Channel4_IRQHandler</STRONG> (Thumb, 0 bytes, Stack size 0 bytes, startup_at32f413.o(.text))
<BR>[Address Reference Count : 1]<UL><LI> startup_at32f413.o(RESET)
</UL>
<P><STRONG><a name="[4c]"></a>DMA1_Channel5_IRQHandler</STRONG> (Thumb, 0 bytes, Stack size 0 bytes, startup_at32f413.o(.text))
<BR>[Address Reference Count : 1]<UL><LI> startup_at32f413.o(RESET)
</UL>
<P><STRONG><a name="[4d]"></a>DMA1_Channel6_IRQHandler</STRONG> (Thumb, 0 bytes, Stack size 0 bytes, startup_at32f413.o(.text))
<BR>[Address Reference Count : 1]<UL><LI> startup_at32f413.o(RESET)
</UL>
<P><STRONG><a name="[4e]"></a>DMA1_Channel7_IRQHandler</STRONG> (Thumb, 0 bytes, Stack size 0 bytes, startup_at32f413.o(.text))
<BR>[Address Reference Count : 1]<UL><LI> startup_at32f413.o(RESET)
</UL>
<P><STRONG><a name="[70]"></a>DMA2_Channel1_IRQHandler</STRONG> (Thumb, 0 bytes, Stack size 0 bytes, startup_at32f413.o(.text))
<BR>[Address Reference Count : 1]<UL><LI> startup_at32f413.o(RESET)
</UL>
<P><STRONG><a name="[71]"></a>DMA2_Channel2_IRQHandler</STRONG> (Thumb, 0 bytes, Stack size 0 bytes, startup_at32f413.o(.text))
<BR>[Address Reference Count : 1]<UL><LI> startup_at32f413.o(RESET)
</UL>
<P><STRONG><a name="[72]"></a>DMA2_Channel3_IRQHandler</STRONG> (Thumb, 0 bytes, Stack size 0 bytes, startup_at32f413.o(.text))
<BR>[Address Reference Count : 1]<UL><LI> startup_at32f413.o(RESET)
</UL>
<P><STRONG><a name="[73]"></a>DMA2_Channel4_5_IRQHandler</STRONG> (Thumb, 0 bytes, Stack size 0 bytes, startup_at32f413.o(.text))
<BR>[Address Reference Count : 1]<UL><LI> startup_at32f413.o(RESET)
</UL>
<P><STRONG><a name="[7b]"></a>DMA2_Channel6_7_IRQHandler</STRONG> (Thumb, 0 bytes, Stack size 0 bytes, startup_at32f413.o(.text))
<BR>[Address Reference Count : 1]<UL><LI> startup_at32f413.o(RESET)
</UL>
<P><STRONG><a name="[65]"></a>EXINT15_10_IRQHandler</STRONG> (Thumb, 0 bytes, Stack size 0 bytes, startup_at32f413.o(.text))
<BR>[Address Reference Count : 1]<UL><LI> startup_at32f413.o(RESET)
</UL>
<P><STRONG><a name="[44]"></a>EXINT1_IRQHandler</STRONG> (Thumb, 0 bytes, Stack size 0 bytes, startup_at32f413.o(.text))
<BR>[Address Reference Count : 1]<UL><LI> startup_at32f413.o(RESET)
</UL>
<P><STRONG><a name="[45]"></a>EXINT2_IRQHandler</STRONG> (Thumb, 0 bytes, Stack size 0 bytes, startup_at32f413.o(.text))
<BR>[Address Reference Count : 1]<UL><LI> startup_at32f413.o(RESET)
</UL>
<P><STRONG><a name="[46]"></a>EXINT3_IRQHandler</STRONG> (Thumb, 0 bytes, Stack size 0 bytes, startup_at32f413.o(.text))
<BR>[Address Reference Count : 1]<UL><LI> startup_at32f413.o(RESET)
</UL>
<P><STRONG><a name="[47]"></a>EXINT4_IRQHandler</STRONG> (Thumb, 0 bytes, Stack size 0 bytes, startup_at32f413.o(.text))
<BR>[Address Reference Count : 1]<UL><LI> startup_at32f413.o(RESET)
</UL>
<P><STRONG><a name="[54]"></a>EXINT9_5_IRQHandler</STRONG> (Thumb, 0 bytes, Stack size 0 bytes, startup_at32f413.o(.text))
<BR>[Address Reference Count : 1]<UL><LI> startup_at32f413.o(RESET)
</UL>
<P><STRONG><a name="[41]"></a>FLASH_IRQHandler</STRONG> (Thumb, 0 bytes, Stack size 0 bytes, startup_at32f413.o(.text))
<BR>[Address Reference Count : 1]<UL><LI> startup_at32f413.o(RESET)
</UL>
<P><STRONG><a name="[5d]"></a>I2C1_ERR_IRQHandler</STRONG> (Thumb, 0 bytes, Stack size 0 bytes, startup_at32f413.o(.text))
<BR>[Address Reference Count : 1]<UL><LI> startup_at32f413.o(RESET)
</UL>
<P><STRONG><a name="[5c]"></a>I2C1_EVT_IRQHandler</STRONG> (Thumb, 0 bytes, Stack size 0 bytes, startup_at32f413.o(.text))
<BR>[Address Reference Count : 1]<UL><LI> startup_at32f413.o(RESET)
</UL>
<P><STRONG><a name="[5f]"></a>I2C2_ERR_IRQHandler</STRONG> (Thumb, 0 bytes, Stack size 0 bytes, startup_at32f413.o(.text))
<BR>[Address Reference Count : 1]<UL><LI> startup_at32f413.o(RESET)
</UL>
<P><STRONG><a name="[5e]"></a>I2C2_EVT_IRQHandler</STRONG> (Thumb, 0 bytes, Stack size 0 bytes, startup_at32f413.o(.text))
<BR>[Address Reference Count : 1]<UL><LI> startup_at32f413.o(RESET)
</UL>
<P><STRONG><a name="[3e]"></a>PVM_IRQHandler</STRONG> (Thumb, 0 bytes, Stack size 0 bytes, startup_at32f413.o(.text))
<BR>[Address Reference Count : 1]<UL><LI> startup_at32f413.o(RESET)
</UL>
<P><STRONG><a name="[66]"></a>RTCAlarm_IRQHandler</STRONG> (Thumb, 0 bytes, Stack size 0 bytes, startup_at32f413.o(.text))
<BR>[Address Reference Count : 1]<UL><LI> startup_at32f413.o(RESET)
</UL>
<P><STRONG><a name="[40]"></a>RTC_IRQHandler</STRONG> (Thumb, 0 bytes, Stack size 0 bytes, startup_at32f413.o(.text))
<BR>[Address Reference Count : 1]<UL><LI> startup_at32f413.o(RESET)
</UL>
<P><STRONG><a name="[6c]"></a>SDIO1_IRQHandler</STRONG> (Thumb, 0 bytes, Stack size 0 bytes, startup_at32f413.o(.text))
<BR>[Address Reference Count : 1]<UL><LI> startup_at32f413.o(RESET)
</UL>
<P><STRONG><a name="[60]"></a>SPI1_IRQHandler</STRONG> (Thumb, 0 bytes, Stack size 0 bytes, startup_at32f413.o(.text))
<BR>[Address Reference Count : 1]<UL><LI> startup_at32f413.o(RESET)
</UL>
<P><STRONG><a name="[61]"></a>SPI2_IRQHandler</STRONG> (Thumb, 0 bytes, Stack size 0 bytes, startup_at32f413.o(.text))
<BR>[Address Reference Count : 1]<UL><LI> startup_at32f413.o(RESET)
</UL>
<P><STRONG><a name="[3f]"></a>TAMPER_IRQHandler</STRONG> (Thumb, 0 bytes, Stack size 0 bytes, startup_at32f413.o(.text))
<BR>[Address Reference Count : 1]<UL><LI> startup_at32f413.o(RESET)
</UL>
<P><STRONG><a name="[55]"></a>TMR1_BRK_TMR9_IRQHandler</STRONG> (Thumb, 0 bytes, Stack size 0 bytes, startup_at32f413.o(.text))
<BR>[Address Reference Count : 1]<UL><LI> startup_at32f413.o(RESET)
</UL>
<P><STRONG><a name="[58]"></a>TMR1_CH_IRQHandler</STRONG> (Thumb, 0 bytes, Stack size 0 bytes, startup_at32f413.o(.text))
<BR>[Address Reference Count : 1]<UL><LI> startup_at32f413.o(RESET)
</UL>
<P><STRONG><a name="[56]"></a>TMR1_OVF_TMR10_IRQHandler</STRONG> (Thumb, 0 bytes, Stack size 0 bytes, startup_at32f413.o(.text))
<BR>[Address Reference Count : 1]<UL><LI> startup_at32f413.o(RESET)
</UL>
<P><STRONG><a name="[57]"></a>TMR1_TRG_HALL_TMR11_IRQHandler</STRONG> (Thumb, 0 bytes, Stack size 0 bytes, startup_at32f413.o(.text))
<BR>[Address Reference Count : 1]<UL><LI> startup_at32f413.o(RESET)
</UL>
<P><STRONG><a name="[59]"></a>TMR2_GLOBAL_IRQHandler</STRONG> (Thumb, 0 bytes, Stack size 0 bytes, startup_at32f413.o(.text))
<BR>[Address Reference Count : 1]<UL><LI> startup_at32f413.o(RESET)
</UL>
<P><STRONG><a name="[5a]"></a>TMR3_GLOBAL_IRQHandler</STRONG> (Thumb, 0 bytes, Stack size 0 bytes, startup_at32f413.o(.text))
<BR>[Address Reference Count : 1]<UL><LI> startup_at32f413.o(RESET)
</UL>
<P><STRONG><a name="[5b]"></a>TMR4_GLOBAL_IRQHandler</STRONG> (Thumb, 0 bytes, Stack size 0 bytes, startup_at32f413.o(.text))
<BR>[Address Reference Count : 1]<UL><LI> startup_at32f413.o(RESET)
</UL>
<P><STRONG><a name="[6d]"></a>TMR5_GLOBAL_IRQHandler</STRONG> (Thumb, 0 bytes, Stack size 0 bytes, startup_at32f413.o(.text))
<BR>[Address Reference Count : 1]<UL><LI> startup_at32f413.o(RESET)
</UL>
<P><STRONG><a name="[68]"></a>TMR8_BRK_IRQHandler</STRONG> (Thumb, 0 bytes, Stack size 0 bytes, startup_at32f413.o(.text))
<BR>[Address Reference Count : 1]<UL><LI> startup_at32f413.o(RESET)
</UL>
<P><STRONG><a name="[6b]"></a>TMR8_CH_IRQHandler</STRONG> (Thumb, 0 bytes, Stack size 0 bytes, startup_at32f413.o(.text))
<BR>[Address Reference Count : 1]<UL><LI> startup_at32f413.o(RESET)
</UL>
<P><STRONG><a name="[69]"></a>TMR8_OVF_IRQHandler</STRONG> (Thumb, 0 bytes, Stack size 0 bytes, startup_at32f413.o(.text))
<BR>[Address Reference Count : 1]<UL><LI> startup_at32f413.o(RESET)
</UL>
<P><STRONG><a name="[6a]"></a>TMR8_TRG_HALL_IRQHandler</STRONG> (Thumb, 0 bytes, Stack size 0 bytes, startup_at32f413.o(.text))
<BR>[Address Reference Count : 1]<UL><LI> startup_at32f413.o(RESET)
</UL>
<P><STRONG><a name="[6e]"></a>UART4_IRQHandler</STRONG> (Thumb, 0 bytes, Stack size 0 bytes, startup_at32f413.o(.text))
<BR>[Address Reference Count : 1]<UL><LI> startup_at32f413.o(RESET)
</UL>
<P><STRONG><a name="[6f]"></a>UART5_IRQHandler</STRONG> (Thumb, 0 bytes, Stack size 0 bytes, startup_at32f413.o(.text))
<BR>[Address Reference Count : 1]<UL><LI> startup_at32f413.o(RESET)
</UL>
<P><STRONG><a name="[63]"></a>USART2_IRQHandler</STRONG> (Thumb, 0 bytes, Stack size 0 bytes, startup_at32f413.o(.text))
<BR>[Address Reference Count : 1]<UL><LI> startup_at32f413.o(RESET)
</UL>
<P><STRONG><a name="[64]"></a>USART3_IRQHandler</STRONG> (Thumb, 0 bytes, Stack size 0 bytes, startup_at32f413.o(.text))
<BR>[Address Reference Count : 1]<UL><LI> startup_at32f413.o(RESET)
</UL>
<P><STRONG><a name="[67]"></a>USBFSWakeUp_IRQHandler</STRONG> (Thumb, 0 bytes, Stack size 0 bytes, startup_at32f413.o(.text))
<BR>[Address Reference Count : 1]<UL><LI> startup_at32f413.o(RESET)
</UL>
<P><STRONG><a name="[50]"></a>USBFS_H_CAN1_TX_IRQHandler</STRONG> (Thumb, 0 bytes, Stack size 0 bytes, startup_at32f413.o(.text))
<BR>[Address Reference Count : 1]<UL><LI> startup_at32f413.o(RESET)
</UL>
<P><STRONG><a name="[51]"></a>USBFS_L_CAN1_RX0_IRQHandler</STRONG> (Thumb, 0 bytes, Stack size 0 bytes, startup_at32f413.o(.text))
<BR>[Address Reference Count : 1]<UL><LI> startup_at32f413.o(RESET)
</UL>
<P><STRONG><a name="[79]"></a>USBFS_MAPH_IRQHandler</STRONG> (Thumb, 0 bytes, Stack size 0 bytes, startup_at32f413.o(.text))
<BR>[Address Reference Count : 1]<UL><LI> startup_at32f413.o(RESET)
</UL>
<P><STRONG><a name="[3d]"></a>WWDT_IRQHandler</STRONG> (Thumb, 0 bytes, Stack size 0 bytes, startup_at32f413.o(.text))
<BR>[Address Reference Count : 1]<UL><LI> startup_at32f413.o(RESET)
</UL>
<P><STRONG><a name="[232]"></a>___aeabi_memcpy8$move</STRONG> (Thumb, 0 bytes, Stack size 8 bytes, memmovea.o(.text), UNUSED)

<P><STRONG><a name="[167]"></a>__aeabi_memcpy</STRONG> (Thumb, 64 bytes, Stack size 8 bytes, memmovea.o(.text))
<BR><BR>[Stack]<UL><LI>Max Depth = 8<LI>Call Chain = __aeabi_memcpy
</UL>
<BR>[Called By]<UL><LI><a href="#[156]">&gt;&gt;</a>&nbsp;&nbsp;&nbsp;wk_usb_app_task
<LI><a href="#[182]">&gt;&gt;</a>&nbsp;&nbsp;&nbsp;writeconfig
<LI><a href="#[166]">&gt;&gt;</a>&nbsp;&nbsp;&nbsp;ciProcessInput
<LI><a href="#[1b1]">&gt;&gt;</a>&nbsp;&nbsp;&nbsp;prepareTxPacket
</UL>

<P><STRONG><a name="[1ba]"></a>__aeabi_memcpy4</STRONG> (Thumb, 0 bytes, Stack size 8 bytes, memmovea.o(.text))
<BR><BR>[Stack]<UL><LI>Max Depth = 8<LI>Call Chain = __aeabi_memcpy4
</UL>
<BR>[Called By]<UL><LI><a href="#[1ab]">&gt;&gt;</a>&nbsp;&nbsp;&nbsp;readconfig
</UL>

<P><STRONG><a name="[169]"></a>__aeabi_memmove</STRONG> (Thumb, 0 bytes, Stack size 8 bytes, memmovea.o(.text))
<BR><BR>[Stack]<UL><LI>Max Depth = 8<LI>Call Chain = __aeabi_memmove
</UL>
<BR>[Called By]<UL><LI><a href="#[166]">&gt;&gt;</a>&nbsp;&nbsp;&nbsp;ciProcessInput
</UL>

<P><STRONG><a name="[233]"></a>__aeabi_memmove4</STRONG> (Thumb, 0 bytes, Stack size 8 bytes, memmovea.o(.text), UNUSED)

<P><STRONG><a name="[234]"></a>__aeabi_memmove8</STRONG> (Thumb, 0 bytes, Stack size 8 bytes, memmovea.o(.text), UNUSED)

<P><STRONG><a name="[1f4]"></a>strstr</STRONG> (Thumb, 36 bytes, Stack size 12 bytes, strstr.o(.text))
<BR><BR>[Stack]<UL><LI>Max Depth = 12<LI>Call Chain = strstr
</UL>
<BR>[Called By]<UL><LI><a href="#[1b4]">&gt;&gt;</a>&nbsp;&nbsp;&nbsp;validateArguments
</UL>

<P><STRONG><a name="[165]"></a>strlen</STRONG> (Thumb, 14 bytes, Stack size 0 bytes, strlen.o(.text))
<BR><BR>[Called By]<UL><LI><a href="#[164]">&gt;&gt;</a>&nbsp;&nbsp;&nbsp;ciPrintHelp
<LI><a href="#[1f5]">&gt;&gt;</a>&nbsp;&nbsp;&nbsp;validateInteger
<LI><a href="#[1b4]">&gt;&gt;</a>&nbsp;&nbsp;&nbsp;validateArguments
</UL>

<P><STRONG><a name="[1f3]"></a>strcmp</STRONG> (Thumb, 28 bytes, Stack size 8 bytes, strcmp.o(.text))
<BR><BR>[Stack]<UL><LI>Max Depth = 8<LI>Call Chain = strcmp
</UL>
<BR>[Called By]<UL><LI><a href="#[1b4]">&gt;&gt;</a>&nbsp;&nbsp;&nbsp;validateArguments
</UL>

<P><STRONG><a name="[1c4]"></a>strspn</STRONG> (Thumb, 28 bytes, Stack size 12 bytes, strspn.o(.text))
<BR><BR>[Stack]<UL><LI>Max Depth = 12<LI>Call Chain = strspn
</UL>
<BR>[Called By]<UL><LI><a href="#[1b3]">&gt;&gt;</a>&nbsp;&nbsp;&nbsp;strtok_r
</UL>

<P><STRONG><a name="[1c5]"></a>strcspn</STRONG> (Thumb, 34 bytes, Stack size 12 bytes, strcspn.o(.text))
<BR><BR>[Stack]<UL><LI>Max Depth = 12<LI>Call Chain = strcspn
</UL>
<BR>[Called By]<UL><LI><a href="#[1b3]">&gt;&gt;</a>&nbsp;&nbsp;&nbsp;strtok_r
</UL>

<P><STRONG><a name="[82]"></a>strcasecmp</STRONG> (Thumb, 42 bytes, Stack size 24 bytes, strcasecmp.o(.text))
<BR><BR>[Stack]<UL><LI>Max Depth = 24<LI>Call Chain = strcasecmp
</UL>
<BR>[Calls]<UL><LI><a href="#[83]">&gt;&gt;</a>&nbsp;&nbsp;&nbsp;tolower
</UL>
<BR>[Called By]<UL><LI><a href="#[168]">&gt;&gt;</a>&nbsp;&nbsp;&nbsp;processCommand
</UL>

<P><STRONG><a name="[84]"></a>strtol</STRONG> (Thumb, 112 bytes, Stack size 32 bytes, strtol.o(.text))
<BR><BR>[Stack]<UL><LI>Max Depth = 72<LI>Call Chain = strtol &rArr; _strtoul
</UL>
<BR>[Calls]<UL><LI><a href="#[87]">&gt;&gt;</a>&nbsp;&nbsp;&nbsp;__aeabi_errno_addr
<LI><a href="#[86]">&gt;&gt;</a>&nbsp;&nbsp;&nbsp;_strtoul
<LI><a href="#[85]">&gt;&gt;</a>&nbsp;&nbsp;&nbsp;__rt_ctype_table
</UL>
<BR>[Called By]<UL><LI><a href="#[162]">&gt;&gt;</a>&nbsp;&nbsp;&nbsp;ciGetSigned
<LI><a href="#[1f5]">&gt;&gt;</a>&nbsp;&nbsp;&nbsp;validateInteger
</UL>

<P><STRONG><a name="[88]"></a>strtoul</STRONG> (Thumb, 114 bytes, Stack size 40 bytes, strtoul.o(.text))
<BR><BR>[Stack]<UL><LI>Max Depth = 80<LI>Call Chain = strtoul &rArr; _strtoul
</UL>
<BR>[Calls]<UL><LI><a href="#[87]">&gt;&gt;</a>&nbsp;&nbsp;&nbsp;__aeabi_errno_addr
<LI><a href="#[86]">&gt;&gt;</a>&nbsp;&nbsp;&nbsp;_strtoul
<LI><a href="#[85]">&gt;&gt;</a>&nbsp;&nbsp;&nbsp;__rt_ctype_table
</UL>
<BR>[Called By]<UL><LI><a href="#[163]">&gt;&gt;</a>&nbsp;&nbsp;&nbsp;ciGetUnsigned
<LI><a href="#[1f5]">&gt;&gt;</a>&nbsp;&nbsp;&nbsp;validateInteger
</UL>

<P><STRONG><a name="[89]"></a>__aeabi_dadd</STRONG> (Thumb, 322 bytes, Stack size 48 bytes, dadd.o(.text), UNUSED)
<BR><BR>[Calls]<UL><LI><a href="#[8b]">&gt;&gt;</a>&nbsp;&nbsp;&nbsp;__aeabi_lasr
<LI><a href="#[8a]">&gt;&gt;</a>&nbsp;&nbsp;&nbsp;__aeabi_llsl
<LI><a href="#[8d]">&gt;&gt;</a>&nbsp;&nbsp;&nbsp;_double_round
<LI><a href="#[8c]">&gt;&gt;</a>&nbsp;&nbsp;&nbsp;_double_epilogue
</UL>
<BR>[Called By]<UL><LI><a href="#[8e]">&gt;&gt;</a>&nbsp;&nbsp;&nbsp;__aeabi_dsub
<LI><a href="#[8f]">&gt;&gt;</a>&nbsp;&nbsp;&nbsp;__aeabi_drsub
<LI><a href="#[159]">&gt;&gt;</a>&nbsp;&nbsp;&nbsp;_fp_digits
</UL>

<P><STRONG><a name="[8e]"></a>__aeabi_dsub</STRONG> (Thumb, 6 bytes, Stack size 0 bytes, dadd.o(.text), UNUSED)
<BR><BR>[Calls]<UL><LI><a href="#[89]">&gt;&gt;</a>&nbsp;&nbsp;&nbsp;__aeabi_dadd
</UL>

<P><STRONG><a name="[8f]"></a>__aeabi_drsub</STRONG> (Thumb, 6 bytes, Stack size 0 bytes, dadd.o(.text), UNUSED)
<BR><BR>[Calls]<UL><LI><a href="#[89]">&gt;&gt;</a>&nbsp;&nbsp;&nbsp;__aeabi_dadd
</UL>

<P><STRONG><a name="[90]"></a>__aeabi_dmul</STRONG> (Thumb, 228 bytes, Stack size 48 bytes, dmul.o(.text), UNUSED)
<BR><BR>[Calls]<UL><LI><a href="#[8c]">&gt;&gt;</a>&nbsp;&nbsp;&nbsp;_double_epilogue
</UL>
<BR>[Called By]<UL><LI><a href="#[159]">&gt;&gt;</a>&nbsp;&nbsp;&nbsp;_fp_digits
</UL>

<P><STRONG><a name="[91]"></a>__aeabi_ddiv</STRONG> (Thumb, 222 bytes, Stack size 32 bytes, ddiv.o(.text))
<BR><BR>[Stack]<UL><LI>Max Depth = 40<LI>Call Chain = __aeabi_ddiv &rArr; _double_round
</UL>
<BR>[Calls]<UL><LI><a href="#[8d]">&gt;&gt;</a>&nbsp;&nbsp;&nbsp;_double_round
</UL>
<BR>[Called By]<UL><LI><a href="#[183]">&gt;&gt;</a>&nbsp;&nbsp;&nbsp;radio_set_freq
<LI><a href="#[180]">&gt;&gt;</a>&nbsp;&nbsp;&nbsp;radio_init
<LI><a href="#[159]">&gt;&gt;</a>&nbsp;&nbsp;&nbsp;_fp_digits
</UL>

<P><STRONG><a name="[92]"></a>__aeabi_ui2d</STRONG> (Thumb, 26 bytes, Stack size 16 bytes, dfltui.o(.text))
<BR><BR>[Stack]<UL><LI>Max Depth = 56<LI>Call Chain = __aeabi_ui2d &rArr; _double_epilogue &rArr; _double_round
</UL>
<BR>[Calls]<UL><LI><a href="#[8c]">&gt;&gt;</a>&nbsp;&nbsp;&nbsp;_double_epilogue
</UL>
<BR>[Called By]<UL><LI><a href="#[183]">&gt;&gt;</a>&nbsp;&nbsp;&nbsp;radio_set_freq
<LI><a href="#[180]">&gt;&gt;</a>&nbsp;&nbsp;&nbsp;radio_init
</UL>

<P><STRONG><a name="[93]"></a>__aeabi_d2uiz</STRONG> (Thumb, 50 bytes, Stack size 8 bytes, dfixui.o(.text))
<BR><BR>[Stack]<UL><LI>Max Depth = 8<LI>Call Chain = __aeabi_d2uiz
</UL>
<BR>[Calls]<UL><LI><a href="#[94]">&gt;&gt;</a>&nbsp;&nbsp;&nbsp;__aeabi_llsr
</UL>
<BR>[Called By]<UL><LI><a href="#[183]">&gt;&gt;</a>&nbsp;&nbsp;&nbsp;radio_set_freq
<LI><a href="#[180]">&gt;&gt;</a>&nbsp;&nbsp;&nbsp;radio_init
</UL>

<P><STRONG><a name="[176]"></a>__aeabi_f2d</STRONG> (Thumb, 38 bytes, Stack size 0 bytes, f2d.o(.text))
<BR><BR>[Called By]<UL><LI><a href="#[1f]">&gt;&gt;</a>&nbsp;&nbsp;&nbsp;cli_getRSSI
<LI><a href="#[1b2]">&gt;&gt;</a>&nbsp;&nbsp;&nbsp;print_meshtastic_packet
</UL>

<P><STRONG><a name="[235]"></a>__aeabi_uidiv</STRONG> (Thumb, 0 bytes, Stack size 12 bytes, uidiv.o(.text), UNUSED)

<P><STRONG><a name="[15d]"></a>__aeabi_uidivmod</STRONG> (Thumb, 44 bytes, Stack size 12 bytes, uidiv.o(.text), UNUSED)
<BR><BR>[Called By]<UL><LI><a href="#[158]">&gt;&gt;</a>&nbsp;&nbsp;&nbsp;_printf_core
</UL>

<P><STRONG><a name="[95]"></a>__aeabi_uldivmod</STRONG> (Thumb, 98 bytes, Stack size 40 bytes, uldiv.o(.text), UNUSED)
<BR><BR>[Calls]<UL><LI><a href="#[94]">&gt;&gt;</a>&nbsp;&nbsp;&nbsp;__aeabi_llsr
<LI><a href="#[8a]">&gt;&gt;</a>&nbsp;&nbsp;&nbsp;__aeabi_llsl
</UL>
<BR>[Called By]<UL><LI><a href="#[158]">&gt;&gt;</a>&nbsp;&nbsp;&nbsp;_printf_core
<LI><a href="#[159]">&gt;&gt;</a>&nbsp;&nbsp;&nbsp;_fp_digits
</UL>

<P><STRONG><a name="[8a]"></a>__aeabi_llsl</STRONG> (Thumb, 30 bytes, Stack size 0 bytes, llshl.o(.text))
<BR><BR>[Called By]<UL><LI><a href="#[97]">&gt;&gt;</a>&nbsp;&nbsp;&nbsp;__aeabi_d2ulz
<LI><a href="#[89]">&gt;&gt;</a>&nbsp;&nbsp;&nbsp;__aeabi_dadd
<LI><a href="#[95]">&gt;&gt;</a>&nbsp;&nbsp;&nbsp;__aeabi_uldivmod
<LI><a href="#[8c]">&gt;&gt;</a>&nbsp;&nbsp;&nbsp;_double_epilogue
</UL>

<P><STRONG><a name="[236]"></a>_ll_shift_l</STRONG> (Thumb, 0 bytes, Stack size 0 bytes, llshl.o(.text), UNUSED)

<P><STRONG><a name="[94]"></a>__aeabi_llsr</STRONG> (Thumb, 32 bytes, Stack size 0 bytes, llushr.o(.text))
<BR><BR>[Called By]<UL><LI><a href="#[93]">&gt;&gt;</a>&nbsp;&nbsp;&nbsp;__aeabi_d2uiz
<LI><a href="#[97]">&gt;&gt;</a>&nbsp;&nbsp;&nbsp;__aeabi_d2ulz
<LI><a href="#[95]">&gt;&gt;</a>&nbsp;&nbsp;&nbsp;__aeabi_uldivmod
<LI><a href="#[8c]">&gt;&gt;</a>&nbsp;&nbsp;&nbsp;_double_epilogue
</UL>

<P><STRONG><a name="[237]"></a>_ll_ushift_r</STRONG> (Thumb, 0 bytes, Stack size 0 bytes, llushr.o(.text), UNUSED)

<P><STRONG><a name="[8b]"></a>__aeabi_lasr</STRONG> (Thumb, 36 bytes, Stack size 0 bytes, llsshr.o(.text), UNUSED)
<BR><BR>[Called By]<UL><LI><a href="#[89]">&gt;&gt;</a>&nbsp;&nbsp;&nbsp;__aeabi_dadd
</UL>

<P><STRONG><a name="[238]"></a>_ll_sshift_r</STRONG> (Thumb, 0 bytes, Stack size 0 bytes, llsshr.o(.text), UNUSED)

<P><STRONG><a name="[85]"></a>__rt_ctype_table</STRONG> (Thumb, 4 bytes, Stack size 0 bytes, ctype_o.o(.text))
<BR><BR>[Called By]<UL><LI><a href="#[84]">&gt;&gt;</a>&nbsp;&nbsp;&nbsp;strtol
<LI><a href="#[88]">&gt;&gt;</a>&nbsp;&nbsp;&nbsp;strtoul
</UL>

<P><STRONG><a name="[83]"></a>tolower</STRONG> (Thumb, 12 bytes, Stack size 0 bytes, tolower.o(.text))
<BR><BR>[Called By]<UL><LI><a href="#[82]">&gt;&gt;</a>&nbsp;&nbsp;&nbsp;strcasecmp
</UL>

<P><STRONG><a name="[86]"></a>_strtoul</STRONG> (Thumb, 158 bytes, Stack size 40 bytes, _strtoul.o(.text))
<BR><BR>[Stack]<UL><LI>Max Depth = 40<LI>Call Chain = _strtoul
</UL>
<BR>[Calls]<UL><LI><a href="#[87]">&gt;&gt;</a>&nbsp;&nbsp;&nbsp;__aeabi_errno_addr
<LI><a href="#[96]">&gt;&gt;</a>&nbsp;&nbsp;&nbsp;_chval
</UL>
<BR>[Called By]<UL><LI><a href="#[84]">&gt;&gt;</a>&nbsp;&nbsp;&nbsp;strtol
<LI><a href="#[88]">&gt;&gt;</a>&nbsp;&nbsp;&nbsp;strtoul
</UL>

<P><STRONG><a name="[239]"></a>__I$use$fp</STRONG> (Thumb, 0 bytes, Stack size 8 bytes, iusefp.o(.text), UNUSED)

<P><STRONG><a name="[8d]"></a>_double_round</STRONG> (Thumb, 30 bytes, Stack size 8 bytes, depilogue.o(.text))
<BR><BR>[Stack]<UL><LI>Max Depth = 8<LI>Call Chain = _double_round
</UL>
<BR>[Called By]<UL><LI><a href="#[91]">&gt;&gt;</a>&nbsp;&nbsp;&nbsp;__aeabi_ddiv
<LI><a href="#[89]">&gt;&gt;</a>&nbsp;&nbsp;&nbsp;__aeabi_dadd
<LI><a href="#[8c]">&gt;&gt;</a>&nbsp;&nbsp;&nbsp;_double_epilogue
</UL>

<P><STRONG><a name="[8c]"></a>_double_epilogue</STRONG> (Thumb, 156 bytes, Stack size 32 bytes, depilogue.o(.text))
<BR><BR>[Stack]<UL><LI>Max Depth = 40<LI>Call Chain = _double_epilogue &rArr; _double_round
</UL>
<BR>[Calls]<UL><LI><a href="#[94]">&gt;&gt;</a>&nbsp;&nbsp;&nbsp;__aeabi_llsr
<LI><a href="#[8a]">&gt;&gt;</a>&nbsp;&nbsp;&nbsp;__aeabi_llsl
<LI><a href="#[8d]">&gt;&gt;</a>&nbsp;&nbsp;&nbsp;_double_round
</UL>
<BR>[Called By]<UL><LI><a href="#[92]">&gt;&gt;</a>&nbsp;&nbsp;&nbsp;__aeabi_ui2d
<LI><a href="#[90]">&gt;&gt;</a>&nbsp;&nbsp;&nbsp;__aeabi_dmul
<LI><a href="#[89]">&gt;&gt;</a>&nbsp;&nbsp;&nbsp;__aeabi_dadd
</UL>

<P><STRONG><a name="[97]"></a>__aeabi_d2ulz</STRONG> (Thumb, 48 bytes, Stack size 0 bytes, dfixul.o(.text), UNUSED)
<BR><BR>[Calls]<UL><LI><a href="#[94]">&gt;&gt;</a>&nbsp;&nbsp;&nbsp;__aeabi_llsr
<LI><a href="#[8a]">&gt;&gt;</a>&nbsp;&nbsp;&nbsp;__aeabi_llsl
</UL>
<BR>[Called By]<UL><LI><a href="#[159]">&gt;&gt;</a>&nbsp;&nbsp;&nbsp;_fp_digits
</UL>

<P><STRONG><a name="[15a]"></a>__aeabi_cdrcmple</STRONG> (Thumb, 48 bytes, Stack size 0 bytes, cdrcmple.o(.text), UNUSED)
<BR><BR>[Called By]<UL><LI><a href="#[159]">&gt;&gt;</a>&nbsp;&nbsp;&nbsp;_fp_digits
</UL>

<P><STRONG><a name="[81]"></a>__scatterload</STRONG> (Thumb, 28 bytes, Stack size 0 bytes, init.o(.text))
<BR><BR>[Calls]<UL><LI><a href="#[98]">&gt;&gt;</a>&nbsp;&nbsp;&nbsp;__main_after_scatterload
</UL>
<BR>[Called By]<UL><LI><a href="#[80]">&gt;&gt;</a>&nbsp;&nbsp;&nbsp;_main_scatterload
</UL>

<P><STRONG><a name="[23a]"></a>__scatterload_rt2</STRONG> (Thumb, 0 bytes, Stack size 0 bytes, init.o(.text), UNUSED)

<P><STRONG><a name="[96]"></a>_chval</STRONG> (Thumb, 28 bytes, Stack size 0 bytes, _chval.o(.text))
<BR><BR>[Called By]<UL><LI><a href="#[86]">&gt;&gt;</a>&nbsp;&nbsp;&nbsp;_strtoul
</UL>

<P><STRONG><a name="[23b]"></a>__decompress</STRONG> (Thumb, 0 bytes, Stack size unknown bytes, __dczerorl2.o(.text), UNUSED)

<P><STRONG><a name="[23c]"></a>__decompress1</STRONG> (Thumb, 86 bytes, Stack size unknown bytes, __dczerorl2.o(.text), UNUSED)

<P><STRONG><a name="[4f]"></a>ADC1_2_IRQHandler</STRONG> (Thumb, 2 bytes, Stack size 0 bytes, at32f413_int.o(i.ADC1_2_IRQHandler))
<BR>[Address Reference Count : 1]<UL><LI> startup_at32f413.o(RESET)
</UL>
<P><STRONG><a name="[37]"></a>BusFault_Handler</STRONG> (Thumb, 2 bytes, Stack size 0 bytes, at32f413_int.o(i.BusFault_Handler))
<BR><BR>[Calls]<UL><LI><a href="#[37]">&gt;&gt;</a>&nbsp;&nbsp;&nbsp;BusFault_Handler
</UL>
<BR>[Called By]<UL><LI><a href="#[37]">&gt;&gt;</a>&nbsp;&nbsp;&nbsp;BusFault_Handler
</UL>
<BR>[Address Reference Count : 1]<UL><LI> startup_at32f413.o(RESET)
</UL>
<P><STRONG><a name="[3a]"></a>DebugMon_Handler</STRONG> (Thumb, 2 bytes, Stack size 0 bytes, at32f413_int.o(i.DebugMon_Handler))
<BR>[Address Reference Count : 1]<UL><LI> startup_at32f413.o(RESET)
</UL>
<P><STRONG><a name="[43]"></a>EXINT0_IRQHandler</STRONG> (Thumb, 26 bytes, Stack size 8 bytes, at32f413_int.o(i.EXINT0_IRQHandler))
<BR><BR>[Stack]<UL><LI>Max Depth = 72<LI>Call Chain = EXINT0_IRQHandler &rArr; radio_irq_handler &rArr; SX128X_ClearIrqStatus &rArr; SX128X_writeCmd &rArr; spi1_transfer
</UL>
<BR>[Calls]<UL><LI><a href="#[9b]">&gt;&gt;</a>&nbsp;&nbsp;&nbsp;radio_irq_handler
<LI><a href="#[99]">&gt;&gt;</a>&nbsp;&nbsp;&nbsp;exint_flag_get
<LI><a href="#[9a]">&gt;&gt;</a>&nbsp;&nbsp;&nbsp;exint_flag_clear
</UL>
<BR>[Address Reference Count : 1]<UL><LI> startup_at32f413.o(RESET)
</UL>
<P><STRONG><a name="[35]"></a>HardFault_Handler</STRONG> (Thumb, 2 bytes, Stack size 0 bytes, at32f413_int.o(i.HardFault_Handler))
<BR><BR>[Calls]<UL><LI><a href="#[35]">&gt;&gt;</a>&nbsp;&nbsp;&nbsp;HardFault_Handler
</UL>
<BR>[Called By]<UL><LI><a href="#[35]">&gt;&gt;</a>&nbsp;&nbsp;&nbsp;HardFault_Handler
</UL>
<BR>[Address Reference Count : 1]<UL><LI> startup_at32f413.o(RESET)
</UL>
<P><STRONG><a name="[9c]"></a>LR112X_Calibrate</STRONG> (Thumb, 16 bytes, Stack size 8 bytes, lr112x.o(i.LR112X_Calibrate))
<BR><BR>[Stack]<UL><LI>Max Depth = 48<LI>Call Chain = LR112X_Calibrate &rArr; LR112X_writeCmd &rArr; spi1_transfer
</UL>
<BR>[Calls]<UL><LI><a href="#[9d]">&gt;&gt;</a>&nbsp;&nbsp;&nbsp;LR112X_writeCmd
</UL>
<BR>[Called By]<UL><LI><a href="#[180]">&gt;&gt;</a>&nbsp;&nbsp;&nbsp;radio_init
</UL>

<P><STRONG><a name="[9e]"></a>LR112X_ClearErrors</STRONG> (Thumb, 12 bytes, Stack size 0 bytes, lr112x.o(i.LR112X_ClearErrors))
<BR><BR>[Stack]<UL><LI>Max Depth = 40<LI>Call Chain = LR112X_ClearErrors &rArr; LR112X_writeCmd &rArr; spi1_transfer
</UL>
<BR>[Calls]<UL><LI><a href="#[9d]">&gt;&gt;</a>&nbsp;&nbsp;&nbsp;LR112X_writeCmd
</UL>
<BR>[Called By]<UL><LI><a href="#[180]">&gt;&gt;</a>&nbsp;&nbsp;&nbsp;radio_init
</UL>

<P><STRONG><a name="[9f]"></a>LR112X_ClearIrq</STRONG> (Thumb, 38 bytes, Stack size 8 bytes, lr112x.o(i.LR112X_ClearIrq))
<BR><BR>[Stack]<UL><LI>Max Depth = 48<LI>Call Chain = LR112X_ClearIrq &rArr; LR112X_writeCmd &rArr; spi1_transfer
</UL>
<BR>[Calls]<UL><LI><a href="#[9d]">&gt;&gt;</a>&nbsp;&nbsp;&nbsp;LR112X_writeCmd
</UL>
<BR>[Called By]<UL><LI><a href="#[9b]">&gt;&gt;</a>&nbsp;&nbsp;&nbsp;radio_irq_handler
<LI><a href="#[180]">&gt;&gt;</a>&nbsp;&nbsp;&nbsp;radio_init
</UL>

<P><STRONG><a name="[a0]"></a>LR112X_ConfigLfClock</STRONG> (Thumb, 42 bytes, Stack size 16 bytes, lr112x.o(i.LR112X_ConfigLfClock))
<BR><BR>[Stack]<UL><LI>Max Depth = 56<LI>Call Chain = LR112X_ConfigLfClock &rArr; LR112X_writeCmd &rArr; spi1_transfer
</UL>
<BR>[Calls]<UL><LI><a href="#[9d]">&gt;&gt;</a>&nbsp;&nbsp;&nbsp;LR112X_writeCmd
</UL>
<BR>[Called By]<UL><LI><a href="#[180]">&gt;&gt;</a>&nbsp;&nbsp;&nbsp;radio_init
</UL>

<P><STRONG><a name="[a1]"></a>LR112X_GetLoRaPacketStatus</STRONG> (Thumb, 98 bytes, Stack size 24 bytes, lr112x.o(i.LR112X_GetLoRaPacketStatus))
<BR><BR>[Stack]<UL><LI>Max Depth = 64<LI>Call Chain = LR112X_GetLoRaPacketStatus &rArr; LR112X_readCmd &rArr; spi1_transfer
</UL>
<BR>[Calls]<UL><LI><a href="#[a2]">&gt;&gt;</a>&nbsp;&nbsp;&nbsp;LR112X_readCmd
</UL>
<BR>[Called By]<UL><LI><a href="#[1b6]">&gt;&gt;</a>&nbsp;&nbsp;&nbsp;radio_getpktstatus
</UL>

<P><STRONG><a name="[a3]"></a>LR112X_GetRssiInst</STRONG> (Thumb, 26 bytes, Stack size 16 bytes, lr112x.o(i.LR112X_GetRssiInst))
<BR><BR>[Stack]<UL><LI>Max Depth = 56<LI>Call Chain = LR112X_GetRssiInst &rArr; LR112X_readCmd &rArr; spi1_transfer
</UL>
<BR>[Calls]<UL><LI><a href="#[a2]">&gt;&gt;</a>&nbsp;&nbsp;&nbsp;LR112X_readCmd
</UL>
<BR>[Called By]<UL><LI><a href="#[175]">&gt;&gt;</a>&nbsp;&nbsp;&nbsp;radio_getrssi
</UL>

<P><STRONG><a name="[a4]"></a>LR112X_GetRxBufferStatus</STRONG> (Thumb, 38 bytes, Stack size 24 bytes, lr112x.o(i.LR112X_GetRxBufferStatus))
<BR><BR>[Stack]<UL><LI>Max Depth = 64<LI>Call Chain = LR112X_GetRxBufferStatus &rArr; LR112X_readCmd &rArr; spi1_transfer
</UL>
<BR>[Calls]<UL><LI><a href="#[a2]">&gt;&gt;</a>&nbsp;&nbsp;&nbsp;LR112X_readCmd
</UL>
<BR>[Called By]<UL><LI><a href="#[1b7]">&gt;&gt;</a>&nbsp;&nbsp;&nbsp;radio_getpacket
</UL>

<P><STRONG><a name="[a5]"></a>LR112X_GetStats</STRONG> (Thumb, 90 bytes, Stack size 40 bytes, lr112x.o(i.LR112X_GetStats))
<BR><BR>[Stack]<UL><LI>Max Depth = 80<LI>Call Chain = LR112X_GetStats &rArr; LR112X_readCmd &rArr; spi1_transfer
</UL>
<BR>[Calls]<UL><LI><a href="#[a2]">&gt;&gt;</a>&nbsp;&nbsp;&nbsp;LR112X_readCmd
</UL>
<BR>[Called By]<UL><LI><a href="#[179]">&gt;&gt;</a>&nbsp;&nbsp;&nbsp;radio_getstats
</UL>

<P><STRONG><a name="[a6]"></a>LR112X_GetStatus</STRONG> (Thumb, 58 bytes, Stack size 16 bytes, lr112x.o(i.LR112X_GetStatus))
<BR><BR>[Stack]<UL><LI>Max Depth = 32<LI>Call Chain = LR112X_GetStatus &rArr; LR112X_spi_transfer &rArr; spi1_transfer
</UL>
<BR>[Calls]<UL><LI><a href="#[a9]">&gt;&gt;</a>&nbsp;&nbsp;&nbsp;LR112X_spi_transfer
<LI><a href="#[a8]">&gt;&gt;</a>&nbsp;&nbsp;&nbsp;LR112X_select
<LI><a href="#[aa]">&gt;&gt;</a>&nbsp;&nbsp;&nbsp;LR112X_deselect
<LI><a href="#[a7]">&gt;&gt;</a>&nbsp;&nbsp;&nbsp;LR112X_checkBusy
</UL>
<BR>[Called By]<UL><LI><a href="#[17a]">&gt;&gt;</a>&nbsp;&nbsp;&nbsp;radio_get_status
<LI><a href="#[c7]">&gt;&gt;</a>&nbsp;&nbsp;&nbsp;LR112X_printstatus
</UL>

<P><STRONG><a name="[ab]"></a>LR112X_GetVersion</STRONG> (Thumb, 54 bytes, Stack size 32 bytes, lr112x.o(i.LR112X_GetVersion))
<BR><BR>[Stack]<UL><LI>Max Depth = 72<LI>Call Chain = LR112X_GetVersion &rArr; LR112X_readCmd &rArr; spi1_transfer
</UL>
<BR>[Calls]<UL><LI><a href="#[a2]">&gt;&gt;</a>&nbsp;&nbsp;&nbsp;LR112X_readCmd
</UL>
<BR>[Called By]<UL><LI><a href="#[177]">&gt;&gt;</a>&nbsp;&nbsp;&nbsp;radio_get_chip_version
</UL>

<P><STRONG><a name="[ac]"></a>LR112X_ResetStats</STRONG> (Thumb, 12 bytes, Stack size 0 bytes, lr112x.o(i.LR112X_ResetStats))
<BR><BR>[Stack]<UL><LI>Max Depth = 40<LI>Call Chain = LR112X_ResetStats &rArr; LR112X_writeCmd &rArr; spi1_transfer
</UL>
<BR>[Calls]<UL><LI><a href="#[9d]">&gt;&gt;</a>&nbsp;&nbsp;&nbsp;LR112X_writeCmd
</UL>
<BR>[Called By]<UL><LI><a href="#[172]">&gt;&gt;</a>&nbsp;&nbsp;&nbsp;radio_clearstats
</UL>

<P><STRONG><a name="[ad]"></a>LR112X_RssiCal</STRONG> (Thumb, 36 bytes, Stack size 0 bytes, lr112x_proc.o(i.LR112X_RssiCal))
<BR><BR>[Stack]<UL><LI>Max Depth = 56<LI>Call Chain = LR112X_RssiCal &rArr; LR112X_SetRssiCalibration &rArr; LR112X_writeCmd &rArr; spi1_transfer
</UL>
<BR>[Calls]<UL><LI><a href="#[ae]">&gt;&gt;</a>&nbsp;&nbsp;&nbsp;LR112X_SetRssiCalibration
</UL>
<BR>[Called By]<UL><LI><a href="#[180]">&gt;&gt;</a>&nbsp;&nbsp;&nbsp;radio_init
</UL>

<P><STRONG><a name="[af]"></a>LR112X_SetDioAsRfSwitch</STRONG> (Thumb, 60 bytes, Stack size 32 bytes, lr112x.o(i.LR112X_SetDioAsRfSwitch))
<BR><BR>[Stack]<UL><LI>Max Depth = 72<LI>Call Chain = LR112X_SetDioAsRfSwitch &rArr; LR112X_writeCmd &rArr; spi1_transfer
</UL>
<BR>[Calls]<UL><LI><a href="#[9d]">&gt;&gt;</a>&nbsp;&nbsp;&nbsp;LR112X_writeCmd
</UL>
<BR>[Called By]<UL><LI><a href="#[180]">&gt;&gt;</a>&nbsp;&nbsp;&nbsp;radio_init
</UL>

<P><STRONG><a name="[b0]"></a>LR112X_SetDioIrqParams</STRONG> (Thumb, 60 bytes, Stack size 16 bytes, lr112x.o(i.LR112X_SetDioIrqParams))
<BR><BR>[Stack]<UL><LI>Max Depth = 56<LI>Call Chain = LR112X_SetDioIrqParams &rArr; LR112X_writeCmd &rArr; spi1_transfer
</UL>
<BR>[Calls]<UL><LI><a href="#[9d]">&gt;&gt;</a>&nbsp;&nbsp;&nbsp;LR112X_writeCmd
</UL>
<BR>[Called By]<UL><LI><a href="#[180]">&gt;&gt;</a>&nbsp;&nbsp;&nbsp;radio_init
</UL>

<P><STRONG><a name="[b1]"></a>LR112X_SetFs</STRONG> (Thumb, 12 bytes, Stack size 0 bytes, lr112x.o(i.LR112X_SetFs))
<BR><BR>[Stack]<UL><LI>Max Depth = 40<LI>Call Chain = LR112X_SetFs &rArr; LR112X_writeCmd &rArr; spi1_transfer
</UL>
<BR>[Calls]<UL><LI><a href="#[9d]">&gt;&gt;</a>&nbsp;&nbsp;&nbsp;LR112X_writeCmd
</UL>
<BR>[Called By]<UL><LI><a href="#[cd]">&gt;&gt;</a>&nbsp;&nbsp;&nbsp;LR112X_setopmode
</UL>

<P><STRONG><a name="[b2]"></a>LR112X_SetLoRaModulationParams</STRONG> (Thumb, 74 bytes, Stack size 16 bytes, lr112x.o(i.LR112X_SetLoRaModulationParams))
<BR><BR>[Stack]<UL><LI>Max Depth = 56<LI>Call Chain = LR112X_SetLoRaModulationParams &rArr; LR112X_writeCmd &rArr; spi1_transfer
</UL>
<BR>[Calls]<UL><LI><a href="#[9d]">&gt;&gt;</a>&nbsp;&nbsp;&nbsp;LR112X_writeCmd
</UL>
<BR>[Called By]<UL><LI><a href="#[184]">&gt;&gt;</a>&nbsp;&nbsp;&nbsp;radio_setmodparams
<LI><a href="#[180]">&gt;&gt;</a>&nbsp;&nbsp;&nbsp;radio_init
</UL>

<P><STRONG><a name="[b3]"></a>LR112X_SetLoRaPacketParams</STRONG> (Thumb, 54 bytes, Stack size 16 bytes, lr112x.o(i.LR112X_SetLoRaPacketParams))
<BR><BR>[Stack]<UL><LI>Max Depth = 56<LI>Call Chain = LR112X_SetLoRaPacketParams &rArr; LR112X_writeCmd &rArr; spi1_transfer
</UL>
<BR>[Calls]<UL><LI><a href="#[9d]">&gt;&gt;</a>&nbsp;&nbsp;&nbsp;LR112X_writeCmd
</UL>
<BR>[Called By]<UL><LI><a href="#[186]">&gt;&gt;</a>&nbsp;&nbsp;&nbsp;radio_setpktparams
<LI><a href="#[180]">&gt;&gt;</a>&nbsp;&nbsp;&nbsp;radio_init
<LI><a href="#[1b9]">&gt;&gt;</a>&nbsp;&nbsp;&nbsp;radio_sendpacket
<LI><a href="#[1af]">&gt;&gt;</a>&nbsp;&nbsp;&nbsp;radio_rx
</UL>

<P><STRONG><a name="[b4]"></a>LR112X_SetLoRaSyncWord</STRONG> (Thumb, 16 bytes, Stack size 8 bytes, lr112x.o(i.LR112X_SetLoRaSyncWord))
<BR><BR>[Stack]<UL><LI>Max Depth = 48<LI>Call Chain = LR112X_SetLoRaSyncWord &rArr; LR112X_writeCmd &rArr; spi1_transfer
</UL>
<BR>[Calls]<UL><LI><a href="#[9d]">&gt;&gt;</a>&nbsp;&nbsp;&nbsp;LR112X_writeCmd
</UL>
<BR>[Called By]<UL><LI><a href="#[186]">&gt;&gt;</a>&nbsp;&nbsp;&nbsp;radio_setpktparams
<LI><a href="#[180]">&gt;&gt;</a>&nbsp;&nbsp;&nbsp;radio_init
</UL>

<P><STRONG><a name="[b5]"></a>LR112X_SetPaConfig</STRONG> (Thumb, 50 bytes, Stack size 8 bytes, lr112x.o(i.LR112X_SetPaConfig))
<BR><BR>[Stack]<UL><LI>Max Depth = 48<LI>Call Chain = LR112X_SetPaConfig &rArr; LR112X_writeCmd &rArr; spi1_transfer
</UL>
<BR>[Calls]<UL><LI><a href="#[9d]">&gt;&gt;</a>&nbsp;&nbsp;&nbsp;LR112X_writeCmd
</UL>
<BR>[Called By]<UL><LI><a href="#[187]">&gt;&gt;</a>&nbsp;&nbsp;&nbsp;radio_set_power
<LI><a href="#[183]">&gt;&gt;</a>&nbsp;&nbsp;&nbsp;radio_set_freq
</UL>

<P><STRONG><a name="[b6]"></a>LR112X_SetPacketType</STRONG> (Thumb, 16 bytes, Stack size 8 bytes, lr112x.o(i.LR112X_SetPacketType))
<BR><BR>[Stack]<UL><LI>Max Depth = 48<LI>Call Chain = LR112X_SetPacketType &rArr; LR112X_writeCmd &rArr; spi1_transfer
</UL>
<BR>[Calls]<UL><LI><a href="#[9d]">&gt;&gt;</a>&nbsp;&nbsp;&nbsp;LR112X_writeCmd
</UL>
<BR>[Called By]<UL><LI><a href="#[180]">&gt;&gt;</a>&nbsp;&nbsp;&nbsp;radio_init
</UL>

<P><STRONG><a name="[b7]"></a>LR112X_SetRegMode</STRONG> (Thumb, 30 bytes, Stack size 8 bytes, lr112x.o(i.LR112X_SetRegMode))
<BR><BR>[Stack]<UL><LI>Max Depth = 48<LI>Call Chain = LR112X_SetRegMode &rArr; LR112X_writeCmd &rArr; spi1_transfer
</UL>
<BR>[Calls]<UL><LI><a href="#[9d]">&gt;&gt;</a>&nbsp;&nbsp;&nbsp;LR112X_writeCmd
</UL>
<BR>[Called By]<UL><LI><a href="#[180]">&gt;&gt;</a>&nbsp;&nbsp;&nbsp;radio_init
</UL>

<P><STRONG><a name="[b8]"></a>LR112X_SetRfFrequency</STRONG> (Thumb, 38 bytes, Stack size 8 bytes, lr112x.o(i.LR112X_SetRfFrequency))
<BR><BR>[Stack]<UL><LI>Max Depth = 48<LI>Call Chain = LR112X_SetRfFrequency &rArr; LR112X_writeCmd &rArr; spi1_transfer
</UL>
<BR>[Calls]<UL><LI><a href="#[9d]">&gt;&gt;</a>&nbsp;&nbsp;&nbsp;LR112X_writeCmd
</UL>
<BR>[Called By]<UL><LI><a href="#[183]">&gt;&gt;</a>&nbsp;&nbsp;&nbsp;radio_set_freq
<LI><a href="#[180]">&gt;&gt;</a>&nbsp;&nbsp;&nbsp;radio_init
</UL>

<P><STRONG><a name="[ae]"></a>LR112X_SetRssiCalibration</STRONG> (Thumb, 168 bytes, Stack size 16 bytes, lr112x.o(i.LR112X_SetRssiCalibration))
<BR><BR>[Stack]<UL><LI>Max Depth = 56<LI>Call Chain = LR112X_SetRssiCalibration &rArr; LR112X_writeCmd &rArr; spi1_transfer
</UL>
<BR>[Calls]<UL><LI><a href="#[9d]">&gt;&gt;</a>&nbsp;&nbsp;&nbsp;LR112X_writeCmd
</UL>
<BR>[Called By]<UL><LI><a href="#[ad]">&gt;&gt;</a>&nbsp;&nbsp;&nbsp;LR112X_RssiCal
</UL>

<P><STRONG><a name="[b9]"></a>LR112X_SetRx</STRONG> (Thumb, 42 bytes, Stack size 8 bytes, lr112x.o(i.LR112X_SetRx))
<BR><BR>[Stack]<UL><LI>Max Depth = 48<LI>Call Chain = LR112X_SetRx &rArr; LR112X_writeCmd &rArr; spi1_transfer
</UL>
<BR>[Calls]<UL><LI><a href="#[9d]">&gt;&gt;</a>&nbsp;&nbsp;&nbsp;LR112X_writeCmd
</UL>
<BR>[Called By]<UL><LI><a href="#[cd]">&gt;&gt;</a>&nbsp;&nbsp;&nbsp;LR112X_setopmode
</UL>

<P><STRONG><a name="[ba]"></a>LR112X_SetRxBoosted</STRONG> (Thumb, 30 bytes, Stack size 8 bytes, lr112x.o(i.LR112X_SetRxBoosted))
<BR><BR>[Stack]<UL><LI>Max Depth = 48<LI>Call Chain = LR112X_SetRxBoosted &rArr; LR112X_writeCmd &rArr; spi1_transfer
</UL>
<BR>[Calls]<UL><LI><a href="#[9d]">&gt;&gt;</a>&nbsp;&nbsp;&nbsp;LR112X_writeCmd
</UL>
<BR>[Called By]<UL><LI><a href="#[180]">&gt;&gt;</a>&nbsp;&nbsp;&nbsp;radio_init
</UL>

<P><STRONG><a name="[bb]"></a>LR112X_SetRxTxFallbackMode</STRONG> (Thumb, 30 bytes, Stack size 8 bytes, lr112x.o(i.LR112X_SetRxTxFallbackMode))
<BR><BR>[Stack]<UL><LI>Max Depth = 48<LI>Call Chain = LR112X_SetRxTxFallbackMode &rArr; LR112X_writeCmd &rArr; spi1_transfer
</UL>
<BR>[Calls]<UL><LI><a href="#[9d]">&gt;&gt;</a>&nbsp;&nbsp;&nbsp;LR112X_writeCmd
</UL>
<BR>[Called By]<UL><LI><a href="#[180]">&gt;&gt;</a>&nbsp;&nbsp;&nbsp;radio_init
</UL>

<P><STRONG><a name="[bc]"></a>LR112X_SetSleep</STRONG> (Thumb, 48 bytes, Stack size 16 bytes, lr112x.o(i.LR112X_SetSleep))
<BR><BR>[Stack]<UL><LI>Max Depth = 56<LI>Call Chain = LR112X_SetSleep &rArr; LR112X_writeCmd &rArr; spi1_transfer
</UL>
<BR>[Calls]<UL><LI><a href="#[9d]">&gt;&gt;</a>&nbsp;&nbsp;&nbsp;LR112X_writeCmd
</UL>
<BR>[Called By]<UL><LI><a href="#[cd]">&gt;&gt;</a>&nbsp;&nbsp;&nbsp;LR112X_setopmode
</UL>

<P><STRONG><a name="[bd]"></a>LR112X_SetStandby</STRONG> (Thumb, 28 bytes, Stack size 8 bytes, lr112x.o(i.LR112X_SetStandby))
<BR><BR>[Stack]<UL><LI>Max Depth = 48<LI>Call Chain = LR112X_SetStandby &rArr; LR112X_writeCmd &rArr; spi1_transfer
</UL>
<BR>[Calls]<UL><LI><a href="#[9d]">&gt;&gt;</a>&nbsp;&nbsp;&nbsp;LR112X_writeCmd
</UL>
<BR>[Called By]<UL><LI><a href="#[180]">&gt;&gt;</a>&nbsp;&nbsp;&nbsp;radio_init
<LI><a href="#[cd]">&gt;&gt;</a>&nbsp;&nbsp;&nbsp;LR112X_setopmode
</UL>

<P><STRONG><a name="[be]"></a>LR112X_SetTcxoMode</STRONG> (Thumb, 52 bytes, Stack size 8 bytes, lr112x.o(i.LR112X_SetTcxoMode))
<BR><BR>[Stack]<UL><LI>Max Depth = 48<LI>Call Chain = LR112X_SetTcxoMode &rArr; LR112X_writeCmd &rArr; spi1_transfer
</UL>
<BR>[Calls]<UL><LI><a href="#[9d]">&gt;&gt;</a>&nbsp;&nbsp;&nbsp;LR112X_writeCmd
</UL>
<BR>[Called By]<UL><LI><a href="#[180]">&gt;&gt;</a>&nbsp;&nbsp;&nbsp;radio_init
</UL>

<P><STRONG><a name="[bf]"></a>LR112X_SetTx</STRONG> (Thumb, 42 bytes, Stack size 8 bytes, lr112x.o(i.LR112X_SetTx))
<BR><BR>[Stack]<UL><LI>Max Depth = 48<LI>Call Chain = LR112X_SetTx &rArr; LR112X_writeCmd &rArr; spi1_transfer
</UL>
<BR>[Calls]<UL><LI><a href="#[9d]">&gt;&gt;</a>&nbsp;&nbsp;&nbsp;LR112X_writeCmd
</UL>
<BR>[Called By]<UL><LI><a href="#[cd]">&gt;&gt;</a>&nbsp;&nbsp;&nbsp;LR112X_setopmode
</UL>

<P><STRONG><a name="[c0]"></a>LR112X_SetTxCw</STRONG> (Thumb, 12 bytes, Stack size 0 bytes, lr112x.o(i.LR112X_SetTxCw))
<BR><BR>[Stack]<UL><LI>Max Depth = 40<LI>Call Chain = LR112X_SetTxCw &rArr; LR112X_writeCmd &rArr; spi1_transfer
</UL>
<BR>[Calls]<UL><LI><a href="#[9d]">&gt;&gt;</a>&nbsp;&nbsp;&nbsp;LR112X_writeCmd
</UL>
<BR>[Called By]<UL><LI><a href="#[189]">&gt;&gt;</a>&nbsp;&nbsp;&nbsp;radio_stream
<LI><a href="#[cd]">&gt;&gt;</a>&nbsp;&nbsp;&nbsp;LR112X_setopmode
</UL>

<P><STRONG><a name="[c1]"></a>LR112X_SetTxInfinitePreamble</STRONG> (Thumb, 12 bytes, Stack size 0 bytes, lr112x.o(i.LR112X_SetTxInfinitePreamble))
<BR><BR>[Stack]<UL><LI>Max Depth = 40<LI>Call Chain = LR112X_SetTxInfinitePreamble &rArr; LR112X_writeCmd &rArr; spi1_transfer
</UL>
<BR>[Calls]<UL><LI><a href="#[9d]">&gt;&gt;</a>&nbsp;&nbsp;&nbsp;LR112X_writeCmd
</UL>
<BR>[Called By]<UL><LI><a href="#[189]">&gt;&gt;</a>&nbsp;&nbsp;&nbsp;radio_stream
<LI><a href="#[cd]">&gt;&gt;</a>&nbsp;&nbsp;&nbsp;LR112X_setopmode
</UL>

<P><STRONG><a name="[c2]"></a>LR112X_SetTxParams</STRONG> (Thumb, 24 bytes, Stack size 8 bytes, lr112x.o(i.LR112X_SetTxParams))
<BR><BR>[Stack]<UL><LI>Max Depth = 48<LI>Call Chain = LR112X_SetTxParams &rArr; LR112X_writeCmd &rArr; spi1_transfer
</UL>
<BR>[Calls]<UL><LI><a href="#[9d]">&gt;&gt;</a>&nbsp;&nbsp;&nbsp;LR112X_writeCmd
</UL>
<BR>[Called By]<UL><LI><a href="#[187]">&gt;&gt;</a>&nbsp;&nbsp;&nbsp;radio_set_power
</UL>

<P><STRONG><a name="[c3]"></a>LR112X_Wakeup</STRONG> (Thumb, 24 bytes, Stack size 8 bytes, lr112x_interface.o(i.LR112X_Wakeup))
<BR><BR>[Stack]<UL><LI>Max Depth = 36<LI>Call Chain = LR112X_Wakeup &rArr; delay_ms &rArr; delay_us
</UL>
<BR>[Calls]<UL><LI><a href="#[c4]">&gt;&gt;</a>&nbsp;&nbsp;&nbsp;delay_ms
<LI><a href="#[a8]">&gt;&gt;</a>&nbsp;&nbsp;&nbsp;LR112X_select
<LI><a href="#[aa]">&gt;&gt;</a>&nbsp;&nbsp;&nbsp;LR112X_deselect
<LI><a href="#[a7]">&gt;&gt;</a>&nbsp;&nbsp;&nbsp;LR112X_checkBusy
</UL>
<BR>[Called By]<UL><LI><a href="#[180]">&gt;&gt;</a>&nbsp;&nbsp;&nbsp;radio_init
</UL>

<P><STRONG><a name="[a7]"></a>LR112X_checkBusy</STRONG> (Thumb, 30 bytes, Stack size 16 bytes, lr112x_interface.o(i.LR112X_checkBusy))
<BR><BR>[Stack]<UL><LI>Max Depth = 16<LI>Call Chain = LR112X_checkBusy
</UL>
<BR>[Calls]<UL><LI><a href="#[c5]">&gt;&gt;</a>&nbsp;&nbsp;&nbsp;gpio_input_data_bit_read
</UL>
<BR>[Called By]<UL><LI><a href="#[ce]">&gt;&gt;</a>&nbsp;&nbsp;&nbsp;LR112X_writeBuffer8
<LI><a href="#[c9]">&gt;&gt;</a>&nbsp;&nbsp;&nbsp;LR112X_readBuffer8
<LI><a href="#[c3]">&gt;&gt;</a>&nbsp;&nbsp;&nbsp;LR112X_Wakeup
<LI><a href="#[a6]">&gt;&gt;</a>&nbsp;&nbsp;&nbsp;LR112X_GetStatus
<LI><a href="#[9d]">&gt;&gt;</a>&nbsp;&nbsp;&nbsp;LR112X_writeCmd
<LI><a href="#[a2]">&gt;&gt;</a>&nbsp;&nbsp;&nbsp;LR112X_readCmd
</UL>

<P><STRONG><a name="[aa]"></a>LR112X_deselect</STRONG> (Thumb, 8 bytes, Stack size 0 bytes, lr112x_interface.o(i.LR112X_deselect))
<BR><BR>[Calls]<UL><LI><a href="#[c6]">&gt;&gt;</a>&nbsp;&nbsp;&nbsp;gpio_bits_set
</UL>
<BR>[Called By]<UL><LI><a href="#[ce]">&gt;&gt;</a>&nbsp;&nbsp;&nbsp;LR112X_writeBuffer8
<LI><a href="#[c9]">&gt;&gt;</a>&nbsp;&nbsp;&nbsp;LR112X_readBuffer8
<LI><a href="#[c3]">&gt;&gt;</a>&nbsp;&nbsp;&nbsp;LR112X_Wakeup
<LI><a href="#[a6]">&gt;&gt;</a>&nbsp;&nbsp;&nbsp;LR112X_GetStatus
<LI><a href="#[9d]">&gt;&gt;</a>&nbsp;&nbsp;&nbsp;LR112X_writeCmd
<LI><a href="#[a2]">&gt;&gt;</a>&nbsp;&nbsp;&nbsp;LR112X_readCmd
</UL>

<P><STRONG><a name="[c7]"></a>LR112X_printstatus</STRONG> (Thumb, 32 bytes, Stack size 16 bytes, lr112x_proc.o(i.LR112X_printstatus))
<BR><BR>[Stack]<UL><LI>Max Depth = 48<LI>Call Chain = LR112X_printstatus &rArr; LR112X_GetStatus &rArr; LR112X_spi_transfer &rArr; spi1_transfer
</UL>
<BR>[Calls]<UL><LI><a href="#[a6]">&gt;&gt;</a>&nbsp;&nbsp;&nbsp;LR112X_GetStatus
<LI><a href="#[c8]">&gt;&gt;</a>&nbsp;&nbsp;&nbsp;__2printf
</UL>
<BR>[Called By]<UL><LI><a href="#[180]">&gt;&gt;</a>&nbsp;&nbsp;&nbsp;radio_init
</UL>

<P><STRONG><a name="[c9]"></a>LR112X_readBuffer8</STRONG> (Thumb, 82 bytes, Stack size 16 bytes, lr112x_interface.o(i.LR112X_readBuffer8))
<BR><BR>[Stack]<UL><LI>Max Depth = 32<LI>Call Chain = LR112X_readBuffer8 &rArr; spi1_transfer
</UL>
<BR>[Calls]<UL><LI><a href="#[ca]">&gt;&gt;</a>&nbsp;&nbsp;&nbsp;spi1_transfer
<LI><a href="#[a9]">&gt;&gt;</a>&nbsp;&nbsp;&nbsp;LR112X_spi_transfer
<LI><a href="#[a8]">&gt;&gt;</a>&nbsp;&nbsp;&nbsp;LR112X_select
<LI><a href="#[aa]">&gt;&gt;</a>&nbsp;&nbsp;&nbsp;LR112X_deselect
<LI><a href="#[a7]">&gt;&gt;</a>&nbsp;&nbsp;&nbsp;LR112X_checkBusy
</UL>
<BR>[Called By]<UL><LI><a href="#[1b7]">&gt;&gt;</a>&nbsp;&nbsp;&nbsp;radio_getpacket
</UL>

<P><STRONG><a name="[a2]"></a>LR112X_readCmd</STRONG> (Thumb, 98 bytes, Stack size 24 bytes, lr112x_interface.o(i.LR112X_readCmd))
<BR><BR>[Stack]<UL><LI>Max Depth = 40<LI>Call Chain = LR112X_readCmd &rArr; spi1_transfer
</UL>
<BR>[Calls]<UL><LI><a href="#[ca]">&gt;&gt;</a>&nbsp;&nbsp;&nbsp;spi1_transfer
<LI><a href="#[a9]">&gt;&gt;</a>&nbsp;&nbsp;&nbsp;LR112X_spi_transfer
<LI><a href="#[a8]">&gt;&gt;</a>&nbsp;&nbsp;&nbsp;LR112X_select
<LI><a href="#[aa]">&gt;&gt;</a>&nbsp;&nbsp;&nbsp;LR112X_deselect
<LI><a href="#[a7]">&gt;&gt;</a>&nbsp;&nbsp;&nbsp;LR112X_checkBusy
</UL>
<BR>[Called By]<UL><LI><a href="#[ab]">&gt;&gt;</a>&nbsp;&nbsp;&nbsp;LR112X_GetVersion
<LI><a href="#[a5]">&gt;&gt;</a>&nbsp;&nbsp;&nbsp;LR112X_GetStats
<LI><a href="#[a4]">&gt;&gt;</a>&nbsp;&nbsp;&nbsp;LR112X_GetRxBufferStatus
<LI><a href="#[a3]">&gt;&gt;</a>&nbsp;&nbsp;&nbsp;LR112X_GetRssiInst
<LI><a href="#[a1]">&gt;&gt;</a>&nbsp;&nbsp;&nbsp;LR112X_GetLoRaPacketStatus
</UL>

<P><STRONG><a name="[cb]"></a>LR112X_reset</STRONG> (Thumb, 30 bytes, Stack size 8 bytes, lr112x_interface.o(i.LR112X_reset))
<BR><BR>[Stack]<UL><LI>Max Depth = 36<LI>Call Chain = LR112X_reset &rArr; delay_ms &rArr; delay_us
</UL>
<BR>[Calls]<UL><LI><a href="#[c4]">&gt;&gt;</a>&nbsp;&nbsp;&nbsp;delay_ms
<LI><a href="#[c6]">&gt;&gt;</a>&nbsp;&nbsp;&nbsp;gpio_bits_set
<LI><a href="#[cc]">&gt;&gt;</a>&nbsp;&nbsp;&nbsp;gpio_bits_reset
</UL>
<BR>[Called By]<UL><LI><a href="#[180]">&gt;&gt;</a>&nbsp;&nbsp;&nbsp;radio_init
</UL>

<P><STRONG><a name="[a8]"></a>LR112X_select</STRONG> (Thumb, 8 bytes, Stack size 0 bytes, lr112x_interface.o(i.LR112X_select))
<BR><BR>[Calls]<UL><LI><a href="#[cc]">&gt;&gt;</a>&nbsp;&nbsp;&nbsp;gpio_bits_reset
</UL>
<BR>[Called By]<UL><LI><a href="#[ce]">&gt;&gt;</a>&nbsp;&nbsp;&nbsp;LR112X_writeBuffer8
<LI><a href="#[c9]">&gt;&gt;</a>&nbsp;&nbsp;&nbsp;LR112X_readBuffer8
<LI><a href="#[c3]">&gt;&gt;</a>&nbsp;&nbsp;&nbsp;LR112X_Wakeup
<LI><a href="#[a6]">&gt;&gt;</a>&nbsp;&nbsp;&nbsp;LR112X_GetStatus
<LI><a href="#[9d]">&gt;&gt;</a>&nbsp;&nbsp;&nbsp;LR112X_writeCmd
<LI><a href="#[a2]">&gt;&gt;</a>&nbsp;&nbsp;&nbsp;LR112X_readCmd
</UL>

<P><STRONG><a name="[cd]"></a>LR112X_setopmode</STRONG> (Thumb, 92 bytes, Stack size 0 bytes, lr112x_proc.o(i.LR112X_setopmode))
<BR><BR>[Stack]<UL><LI>Max Depth = 56<LI>Call Chain = LR112X_setopmode &rArr; LR112X_SetSleep &rArr; LR112X_writeCmd &rArr; spi1_transfer
</UL>
<BR>[Calls]<UL><LI><a href="#[c1]">&gt;&gt;</a>&nbsp;&nbsp;&nbsp;LR112X_SetTxInfinitePreamble
<LI><a href="#[c0]">&gt;&gt;</a>&nbsp;&nbsp;&nbsp;LR112X_SetTxCw
<LI><a href="#[bd]">&gt;&gt;</a>&nbsp;&nbsp;&nbsp;LR112X_SetStandby
<LI><a href="#[bf]">&gt;&gt;</a>&nbsp;&nbsp;&nbsp;LR112X_SetTx
<LI><a href="#[bc]">&gt;&gt;</a>&nbsp;&nbsp;&nbsp;LR112X_SetSleep
<LI><a href="#[b9]">&gt;&gt;</a>&nbsp;&nbsp;&nbsp;LR112X_SetRx
<LI><a href="#[b1]">&gt;&gt;</a>&nbsp;&nbsp;&nbsp;LR112X_SetFs
</UL>
<BR>[Called By]<UL><LI><a href="#[186]">&gt;&gt;</a>&nbsp;&nbsp;&nbsp;radio_setpktparams
<LI><a href="#[185]">&gt;&gt;</a>&nbsp;&nbsp;&nbsp;radio_setopmode
<LI><a href="#[184]">&gt;&gt;</a>&nbsp;&nbsp;&nbsp;radio_setmodparams
<LI><a href="#[183]">&gt;&gt;</a>&nbsp;&nbsp;&nbsp;radio_set_freq
<LI><a href="#[1b9]">&gt;&gt;</a>&nbsp;&nbsp;&nbsp;radio_sendpacket
<LI><a href="#[1af]">&gt;&gt;</a>&nbsp;&nbsp;&nbsp;radio_rx
</UL>

<P><STRONG><a name="[a9]"></a>LR112X_spi_transfer</STRONG> (Thumb, 4 bytes, Stack size 0 bytes, lr112x_interface.o(i.LR112X_spi_transfer))
<BR><BR>[Stack]<UL><LI>Max Depth = 16<LI>Call Chain = LR112X_spi_transfer &rArr; spi1_transfer
</UL>
<BR>[Calls]<UL><LI><a href="#[ca]">&gt;&gt;</a>&nbsp;&nbsp;&nbsp;spi1_transfer
</UL>
<BR>[Called By]<UL><LI><a href="#[c9]">&gt;&gt;</a>&nbsp;&nbsp;&nbsp;LR112X_readBuffer8
<LI><a href="#[a6]">&gt;&gt;</a>&nbsp;&nbsp;&nbsp;LR112X_GetStatus
<LI><a href="#[a2]">&gt;&gt;</a>&nbsp;&nbsp;&nbsp;LR112X_readCmd
</UL>

<P><STRONG><a name="[ce]"></a>LR112X_writeBuffer8</STRONG> (Thumb, 56 bytes, Stack size 16 bytes, lr112x_interface.o(i.LR112X_writeBuffer8))
<BR><BR>[Stack]<UL><LI>Max Depth = 32<LI>Call Chain = LR112X_writeBuffer8 &rArr; spi1_transfer
</UL>
<BR>[Calls]<UL><LI><a href="#[ca]">&gt;&gt;</a>&nbsp;&nbsp;&nbsp;spi1_transfer
<LI><a href="#[a8]">&gt;&gt;</a>&nbsp;&nbsp;&nbsp;LR112X_select
<LI><a href="#[aa]">&gt;&gt;</a>&nbsp;&nbsp;&nbsp;LR112X_deselect
<LI><a href="#[a7]">&gt;&gt;</a>&nbsp;&nbsp;&nbsp;LR112X_checkBusy
</UL>
<BR>[Called By]<UL><LI><a href="#[1b9]">&gt;&gt;</a>&nbsp;&nbsp;&nbsp;radio_sendpacket
</UL>

<P><STRONG><a name="[9d]"></a>LR112X_writeCmd</STRONG> (Thumb, 72 bytes, Stack size 24 bytes, lr112x_interface.o(i.LR112X_writeCmd))
<BR><BR>[Stack]<UL><LI>Max Depth = 40<LI>Call Chain = LR112X_writeCmd &rArr; spi1_transfer
</UL>
<BR>[Calls]<UL><LI><a href="#[ca]">&gt;&gt;</a>&nbsp;&nbsp;&nbsp;spi1_transfer
<LI><a href="#[a8]">&gt;&gt;</a>&nbsp;&nbsp;&nbsp;LR112X_select
<LI><a href="#[aa]">&gt;&gt;</a>&nbsp;&nbsp;&nbsp;LR112X_deselect
<LI><a href="#[a7]">&gt;&gt;</a>&nbsp;&nbsp;&nbsp;LR112X_checkBusy
</UL>
<BR>[Called By]<UL><LI><a href="#[c2]">&gt;&gt;</a>&nbsp;&nbsp;&nbsp;LR112X_SetTxParams
<LI><a href="#[c1]">&gt;&gt;</a>&nbsp;&nbsp;&nbsp;LR112X_SetTxInfinitePreamble
<LI><a href="#[c0]">&gt;&gt;</a>&nbsp;&nbsp;&nbsp;LR112X_SetTxCw
<LI><a href="#[be]">&gt;&gt;</a>&nbsp;&nbsp;&nbsp;LR112X_SetTcxoMode
<LI><a href="#[bd]">&gt;&gt;</a>&nbsp;&nbsp;&nbsp;LR112X_SetStandby
<LI><a href="#[bb]">&gt;&gt;</a>&nbsp;&nbsp;&nbsp;LR112X_SetRxTxFallbackMode
<LI><a href="#[ba]">&gt;&gt;</a>&nbsp;&nbsp;&nbsp;LR112X_SetRxBoosted
<LI><a href="#[b8]">&gt;&gt;</a>&nbsp;&nbsp;&nbsp;LR112X_SetRfFrequency
<LI><a href="#[b7]">&gt;&gt;</a>&nbsp;&nbsp;&nbsp;LR112X_SetRegMode
<LI><a href="#[b6]">&gt;&gt;</a>&nbsp;&nbsp;&nbsp;LR112X_SetPacketType
<LI><a href="#[b5]">&gt;&gt;</a>&nbsp;&nbsp;&nbsp;LR112X_SetPaConfig
<LI><a href="#[b4]">&gt;&gt;</a>&nbsp;&nbsp;&nbsp;LR112X_SetLoRaSyncWord
<LI><a href="#[b3]">&gt;&gt;</a>&nbsp;&nbsp;&nbsp;LR112X_SetLoRaPacketParams
<LI><a href="#[b2]">&gt;&gt;</a>&nbsp;&nbsp;&nbsp;LR112X_SetLoRaModulationParams
<LI><a href="#[b0]">&gt;&gt;</a>&nbsp;&nbsp;&nbsp;LR112X_SetDioIrqParams
<LI><a href="#[af]">&gt;&gt;</a>&nbsp;&nbsp;&nbsp;LR112X_SetDioAsRfSwitch
<LI><a href="#[ac]">&gt;&gt;</a>&nbsp;&nbsp;&nbsp;LR112X_ResetStats
<LI><a href="#[a0]">&gt;&gt;</a>&nbsp;&nbsp;&nbsp;LR112X_ConfigLfClock
<LI><a href="#[9f]">&gt;&gt;</a>&nbsp;&nbsp;&nbsp;LR112X_ClearIrq
<LI><a href="#[9e]">&gt;&gt;</a>&nbsp;&nbsp;&nbsp;LR112X_ClearErrors
<LI><a href="#[9c]">&gt;&gt;</a>&nbsp;&nbsp;&nbsp;LR112X_Calibrate
<LI><a href="#[bf]">&gt;&gt;</a>&nbsp;&nbsp;&nbsp;LR112X_SetTx
<LI><a href="#[bc]">&gt;&gt;</a>&nbsp;&nbsp;&nbsp;LR112X_SetSleep
<LI><a href="#[b9]">&gt;&gt;</a>&nbsp;&nbsp;&nbsp;LR112X_SetRx
<LI><a href="#[ae]">&gt;&gt;</a>&nbsp;&nbsp;&nbsp;LR112X_SetRssiCalibration
<LI><a href="#[b1]">&gt;&gt;</a>&nbsp;&nbsp;&nbsp;LR112X_SetFs
</UL>

<P><STRONG><a name="[36]"></a>MemManage_Handler</STRONG> (Thumb, 2 bytes, Stack size 0 bytes, at32f413_int.o(i.MemManage_Handler))
<BR><BR>[Calls]<UL><LI><a href="#[36]">&gt;&gt;</a>&nbsp;&nbsp;&nbsp;MemManage_Handler
</UL>
<BR>[Called By]<UL><LI><a href="#[36]">&gt;&gt;</a>&nbsp;&nbsp;&nbsp;MemManage_Handler
</UL>
<BR>[Address Reference Count : 1]<UL><LI> startup_at32f413.o(RESET)
</UL>
<P><STRONG><a name="[34]"></a>NMI_Handler</STRONG> (Thumb, 2 bytes, Stack size 0 bytes, at32f413_int.o(i.NMI_Handler))
<BR>[Address Reference Count : 1]<UL><LI> startup_at32f413.o(RESET)
</UL>
<P><STRONG><a name="[cf]"></a>PAN_Calibrate</STRONG> (Thumb, 130 bytes, Stack size 24 bytes, pan_rf.o(i.PAN_Calibrate))
<BR><BR>[Stack]<UL><LI>Max Depth = 96<LI>Call Chain = PAN_Calibrate &rArr; PAN_ReadInfoByte &rArr; PAN_WritePageRegs &rArr; PAN_SetPage &rArr; PAN_WriteReg &rArr; spi1_transfer
</UL>
<BR>[Calls]<UL><LI><a href="#[d2]">&gt;&gt;</a>&nbsp;&nbsp;&nbsp;PAN_WritePageReg
<LI><a href="#[d3]">&gt;&gt;</a>&nbsp;&nbsp;&nbsp;PAN_SetPageRegBits
<LI><a href="#[d0]">&gt;&gt;</a>&nbsp;&nbsp;&nbsp;PAN_ResetPageRegBits
<LI><a href="#[d1]">&gt;&gt;</a>&nbsp;&nbsp;&nbsp;PAN_ReadInfoByte
</UL>
<BR>[Called By]<UL><LI><a href="#[e0]">&gt;&gt;</a>&nbsp;&nbsp;&nbsp;PAN_Init
</UL>

<P><STRONG><a name="[d4]"></a>PAN_ConfigAgc</STRONG> (Thumb, 38 bytes, Stack size 8 bytes, pan_rf.o(i.PAN_ConfigAgc))
<BR><BR>[Stack]<UL><LI>Max Depth = 64<LI>Call Chain = PAN_ConfigAgc &rArr; PAN_WritePageRegs &rArr; PAN_SetPage &rArr; PAN_WriteReg &rArr; spi1_transfer
</UL>
<BR>[Calls]<UL><LI><a href="#[d5]">&gt;&gt;</a>&nbsp;&nbsp;&nbsp;PAN_WritePageRegs
<LI><a href="#[d2]">&gt;&gt;</a>&nbsp;&nbsp;&nbsp;PAN_WritePageReg
<LI><a href="#[d0]">&gt;&gt;</a>&nbsp;&nbsp;&nbsp;PAN_ResetPageRegBits
</UL>
<BR>[Called By]<UL><LI><a href="#[e0]">&gt;&gt;</a>&nbsp;&nbsp;&nbsp;PAN_Init
</UL>

<P><STRONG><a name="[d6]"></a>PAN_ConfigDefaultParams</STRONG> (Thumb, 34 bytes, Stack size 16 bytes, pan_rf.o(i.PAN_ConfigDefaultParams))
<BR><BR>[Stack]<UL><LI>Max Depth = 72<LI>Call Chain = PAN_ConfigDefaultParams &rArr; PAN_WritePageReg &rArr; PAN_SetPage &rArr; PAN_WriteReg &rArr; spi1_transfer
</UL>
<BR>[Calls]<UL><LI><a href="#[d2]">&gt;&gt;</a>&nbsp;&nbsp;&nbsp;PAN_WritePageReg
</UL>
<BR>[Called By]<UL><LI><a href="#[e0]">&gt;&gt;</a>&nbsp;&nbsp;&nbsp;PAN_Init
</UL>

<P><STRONG><a name="[d7]"></a>PAN_ConfigGpio</STRONG> (Thumb, 66 bytes, Stack size 8 bytes, pan_rf.o(i.PAN_ConfigGpio))
<BR><BR>[Stack]<UL><LI>Max Depth = 64<LI>Call Chain = PAN_ConfigGpio &rArr; PAN_SetPageRegBits &rArr; PAN_SetPage &rArr; PAN_WriteReg &rArr; spi1_transfer
</UL>
<BR>[Calls]<UL><LI><a href="#[d3]">&gt;&gt;</a>&nbsp;&nbsp;&nbsp;PAN_SetPageRegBits
</UL>
<BR>[Called By]<UL><LI><a href="#[e3]">&gt;&gt;</a>&nbsp;&nbsp;&nbsp;PAN_InitAntGpio
</UL>

<P><STRONG><a name="[d8]"></a>PAN_DelayMs</STRONG> (Thumb, 4 bytes, Stack size 0 bytes, pan_interface.o(i.PAN_DelayMs))
<BR><BR>[Stack]<UL><LI>Max Depth = 28<LI>Call Chain = PAN_DelayMs &rArr; delay_ms &rArr; delay_us
</UL>
<BR>[Calls]<UL><LI><a href="#[c4]">&gt;&gt;</a>&nbsp;&nbsp;&nbsp;delay_ms
</UL>
<BR>[Called By]<UL><LI><a href="#[e0]">&gt;&gt;</a>&nbsp;&nbsp;&nbsp;PAN_Init
</UL>

<P><STRONG><a name="[d9]"></a>PAN_EnterContinousRxState</STRONG> (Thumb, 32 bytes, Stack size 8 bytes, pan_rf.o(i.PAN_EnterContinousRxState))
<BR><BR>[Stack]<UL><LI>Max Depth = 88<LI>Call Chain = PAN_EnterContinousRxState &rArr; PAN_TurnonRxAnt &rArr; PAN_WriteGpioLevel &rArr; PAN_WritePageRegBits &rArr; PAN_SetPage &rArr; PAN_WriteReg &rArr; spi1_transfer
</UL>
<BR>[Calls]<UL><LI><a href="#[db]">&gt;&gt;</a>&nbsp;&nbsp;&nbsp;PAN_TurnonRxAnt
<LI><a href="#[dc]">&gt;&gt;</a>&nbsp;&nbsp;&nbsp;PAN_TurnoffLdoPA
<LI><a href="#[dd]">&gt;&gt;</a>&nbsp;&nbsp;&nbsp;PAN_SetRxMode
<LI><a href="#[da]">&gt;&gt;</a>&nbsp;&nbsp;&nbsp;PAN_SetRfState
</UL>
<BR>[Called By]<UL><LI><a href="#[1af]">&gt;&gt;</a>&nbsp;&nbsp;&nbsp;radio_rx
</UL>

<P><STRONG><a name="[de]"></a>PAN_GetRealTimeRssi</STRONG> (Thumb, 34 bytes, Stack size 8 bytes, pan_rf.o(i.PAN_GetRealTimeRssi))
<BR><BR>[Stack]<UL><LI>Max Depth = 64<LI>Call Chain = PAN_GetRealTimeRssi &rArr; PAN_SetPageRegBits &rArr; PAN_SetPage &rArr; PAN_WriteReg &rArr; spi1_transfer
</UL>
<BR>[Calls]<UL><LI><a href="#[d3]">&gt;&gt;</a>&nbsp;&nbsp;&nbsp;PAN_SetPageRegBits
<LI><a href="#[d0]">&gt;&gt;</a>&nbsp;&nbsp;&nbsp;PAN_ResetPageRegBits
<LI><a href="#[df]">&gt;&gt;</a>&nbsp;&nbsp;&nbsp;PAN_ReadPageReg
</UL>
<BR>[Called By]<UL><LI><a href="#[175]">&gt;&gt;</a>&nbsp;&nbsp;&nbsp;radio_getrssi
</UL>

<P><STRONG><a name="[e0]"></a>PAN_Init</STRONG> (Thumb, 180 bytes, Stack size 8 bytes, pan_rf.o(i.PAN_Init))
<BR><BR>[Stack]<UL><LI>Max Depth = 104<LI>Call Chain = PAN_Init &rArr; PAN_Calibrate &rArr; PAN_ReadInfoByte &rArr; PAN_WritePageRegs &rArr; PAN_SetPage &rArr; PAN_WriteReg &rArr; spi1_transfer
</UL>
<BR>[Calls]<UL><LI><a href="#[e1]">&gt;&gt;</a>&nbsp;&nbsp;&nbsp;PAN_WriteReg
<LI><a href="#[d8]">&gt;&gt;</a>&nbsp;&nbsp;&nbsp;PAN_DelayMs
<LI><a href="#[d2]">&gt;&gt;</a>&nbsp;&nbsp;&nbsp;PAN_WritePageReg
<LI><a href="#[e2]">&gt;&gt;</a>&nbsp;&nbsp;&nbsp;PAN_SetPage
<LI><a href="#[e3]">&gt;&gt;</a>&nbsp;&nbsp;&nbsp;PAN_InitAntGpio
<LI><a href="#[d6]">&gt;&gt;</a>&nbsp;&nbsp;&nbsp;PAN_ConfigDefaultParams
<LI><a href="#[d4]">&gt;&gt;</a>&nbsp;&nbsp;&nbsp;PAN_ConfigAgc
<LI><a href="#[cf]">&gt;&gt;</a>&nbsp;&nbsp;&nbsp;PAN_Calibrate
</UL>
<BR>[Called By]<UL><LI><a href="#[180]">&gt;&gt;</a>&nbsp;&nbsp;&nbsp;radio_init
</UL>

<P><STRONG><a name="[e3]"></a>PAN_InitAntGpio</STRONG> (Thumb, 38 bytes, Stack size 8 bytes, pan_rf.o(i.PAN_InitAntGpio))
<BR><BR>[Stack]<UL><LI>Max Depth = 80<LI>Call Chain = PAN_InitAntGpio &rArr; PAN_WriteGpioLevel &rArr; PAN_WritePageRegBits &rArr; PAN_SetPage &rArr; PAN_WriteReg &rArr; spi1_transfer
</UL>
<BR>[Calls]<UL><LI><a href="#[e4]">&gt;&gt;</a>&nbsp;&nbsp;&nbsp;PAN_WriteGpioLevel
<LI><a href="#[d7]">&gt;&gt;</a>&nbsp;&nbsp;&nbsp;PAN_ConfigGpio
</UL>
<BR>[Called By]<UL><LI><a href="#[e0]">&gt;&gt;</a>&nbsp;&nbsp;&nbsp;PAN_Init
</UL>

<P><STRONG><a name="[d1]"></a>PAN_ReadInfoByte</STRONG> (Thumb, 64 bytes, Stack size 16 bytes, pan_rf.o(i.PAN_ReadInfoByte))
<BR><BR>[Stack]<UL><LI>Max Depth = 72<LI>Call Chain = PAN_ReadInfoByte &rArr; PAN_WritePageRegs &rArr; PAN_SetPage &rArr; PAN_WriteReg &rArr; spi1_transfer
</UL>
<BR>[Calls]<UL><LI><a href="#[d5]">&gt;&gt;</a>&nbsp;&nbsp;&nbsp;PAN_WritePageRegs
<LI><a href="#[df]">&gt;&gt;</a>&nbsp;&nbsp;&nbsp;PAN_ReadPageReg
</UL>
<BR>[Called By]<UL><LI><a href="#[f5]">&gt;&gt;</a>&nbsp;&nbsp;&nbsp;PAN_SetTxPower
<LI><a href="#[cf]">&gt;&gt;</a>&nbsp;&nbsp;&nbsp;PAN_Calibrate
</UL>

<P><STRONG><a name="[df]"></a>PAN_ReadPageReg</STRONG> (Thumb, 18 bytes, Stack size 8 bytes, pan_rf.o(i.PAN_ReadPageReg))
<BR><BR>[Stack]<UL><LI>Max Depth = 48<LI>Call Chain = PAN_ReadPageReg &rArr; PAN_SetPage &rArr; PAN_WriteReg &rArr; spi1_transfer
</UL>
<BR>[Calls]<UL><LI><a href="#[e2]">&gt;&gt;</a>&nbsp;&nbsp;&nbsp;PAN_SetPage
</UL>
<BR>[Called By]<UL><LI><a href="#[de]">&gt;&gt;</a>&nbsp;&nbsp;&nbsp;PAN_GetRealTimeRssi
<LI><a href="#[d1]">&gt;&gt;</a>&nbsp;&nbsp;&nbsp;PAN_ReadInfoByte
</UL>

<P><STRONG><a name="[e5]"></a>PAN_ReadReg</STRONG> (Thumb, 32 bytes, Stack size 8 bytes, pan_interface.o(i.PAN_ReadReg))
<BR><BR>[Stack]<UL><LI>Max Depth = 24<LI>Call Chain = PAN_ReadReg &rArr; spi1_transfer
</UL>
<BR>[Calls]<UL><LI><a href="#[ca]">&gt;&gt;</a>&nbsp;&nbsp;&nbsp;spi1_transfer
<LI><a href="#[e7]">&gt;&gt;</a>&nbsp;&nbsp;&nbsp;pan_spi_transfer
<LI><a href="#[e6]">&gt;&gt;</a>&nbsp;&nbsp;&nbsp;pan_select
<LI><a href="#[e8]">&gt;&gt;</a>&nbsp;&nbsp;&nbsp;pan_deselect
</UL>
<BR>[Called By]<UL><LI><a href="#[ea]">&gt;&gt;</a>&nbsp;&nbsp;&nbsp;PAN_WritePageRegBits
<LI><a href="#[d3]">&gt;&gt;</a>&nbsp;&nbsp;&nbsp;PAN_SetPageRegBits
<LI><a href="#[d0]">&gt;&gt;</a>&nbsp;&nbsp;&nbsp;PAN_ResetPageRegBits
</UL>

<P><STRONG><a name="[d0]"></a>PAN_ResetPageRegBits</STRONG> (Thumb, 30 bytes, Stack size 16 bytes, pan_rf.o(i.PAN_ResetPageRegBits))
<BR><BR>[Stack]<UL><LI>Max Depth = 56<LI>Call Chain = PAN_ResetPageRegBits &rArr; PAN_SetPage &rArr; PAN_WriteReg &rArr; spi1_transfer
</UL>
<BR>[Calls]<UL><LI><a href="#[e1]">&gt;&gt;</a>&nbsp;&nbsp;&nbsp;PAN_WriteReg
<LI><a href="#[e5]">&gt;&gt;</a>&nbsp;&nbsp;&nbsp;PAN_ReadReg
<LI><a href="#[e2]">&gt;&gt;</a>&nbsp;&nbsp;&nbsp;PAN_SetPage
</UL>
<BR>[Called By]<UL><LI><a href="#[e9]">&gt;&gt;</a>&nbsp;&nbsp;&nbsp;PAN_SetBW
<LI><a href="#[de]">&gt;&gt;</a>&nbsp;&nbsp;&nbsp;PAN_GetRealTimeRssi
<LI><a href="#[dc]">&gt;&gt;</a>&nbsp;&nbsp;&nbsp;PAN_TurnoffLdoPA
<LI><a href="#[f5]">&gt;&gt;</a>&nbsp;&nbsp;&nbsp;PAN_SetTxPower
<LI><a href="#[d4]">&gt;&gt;</a>&nbsp;&nbsp;&nbsp;PAN_ConfigAgc
<LI><a href="#[cf]">&gt;&gt;</a>&nbsp;&nbsp;&nbsp;PAN_Calibrate
</UL>

<P><STRONG><a name="[e9]"></a>PAN_SetBW</STRONG> (Thumb, 46 bytes, Stack size 8 bytes, pan_rf.o(i.PAN_SetBW))
<BR><BR>[Stack]<UL><LI>Max Depth = 72<LI>Call Chain = PAN_SetBW &rArr; PAN_WritePageRegBits &rArr; PAN_SetPage &rArr; PAN_WriteReg &rArr; spi1_transfer
</UL>
<BR>[Calls]<UL><LI><a href="#[ea]">&gt;&gt;</a>&nbsp;&nbsp;&nbsp;PAN_WritePageRegBits
<LI><a href="#[d3]">&gt;&gt;</a>&nbsp;&nbsp;&nbsp;PAN_SetPageRegBits
<LI><a href="#[d0]">&gt;&gt;</a>&nbsp;&nbsp;&nbsp;PAN_ResetPageRegBits
</UL>
<BR>[Called By]<UL><LI><a href="#[180]">&gt;&gt;</a>&nbsp;&nbsp;&nbsp;radio_init
</UL>

<P><STRONG><a name="[eb]"></a>PAN_SetCR</STRONG> (Thumb, 22 bytes, Stack size 8 bytes, pan_rf.o(i.PAN_SetCR))
<BR><BR>[Stack]<UL><LI>Max Depth = 72<LI>Call Chain = PAN_SetCR &rArr; PAN_WritePageRegBits &rArr; PAN_SetPage &rArr; PAN_WriteReg &rArr; spi1_transfer
</UL>
<BR>[Calls]<UL><LI><a href="#[ea]">&gt;&gt;</a>&nbsp;&nbsp;&nbsp;PAN_WritePageRegBits
</UL>
<BR>[Called By]<UL><LI><a href="#[180]">&gt;&gt;</a>&nbsp;&nbsp;&nbsp;radio_init
</UL>

<P><STRONG><a name="[ec]"></a>PAN_SetCRC</STRONG> (Thumb, 22 bytes, Stack size 8 bytes, pan_rf.o(i.PAN_SetCRC))
[...]
</UL>
<BR>[Calls]<UL><LI><a href="#[214]">&gt;&gt;</a>&nbsp;&nbsp;&nbsp;spi_init
<LI><a href="#[215]">&gt;&gt;</a>&nbsp;&nbsp;&nbsp;spi_enable
<LI><a href="#[213]">&gt;&gt;</a>&nbsp;&nbsp;&nbsp;spi_default_para_init
<LI><a href="#[1f7]">&gt;&gt;</a>&nbsp;&nbsp;&nbsp;gpio_init
<LI><a href="#[1f6]">&gt;&gt;</a>&nbsp;&nbsp;&nbsp;gpio_default_para_init
</UL>
<BR>[Called By]<UL><LI><a href="#[7c]">&gt;&gt;</a>&nbsp;&nbsp;&nbsp;main
</UL>

<P><STRONG><a name="[19b]"></a>wk_system_clock_config</STRONG> (Thumb, 192 bytes, Stack size 16 bytes, at32f413_wk_config.o(i.wk_system_clock_config))
<BR><BR>[Stack]<UL><LI>Max Depth = 28<LI>Call Chain = wk_system_clock_config &rArr; crm_hext_stable_wait
</UL>
<BR>[Calls]<UL><LI><a href="#[1c6]">&gt;&gt;</a>&nbsp;&nbsp;&nbsp;system_core_clock_update
<LI><a href="#[1be]">&gt;&gt;</a>&nbsp;&nbsp;&nbsp;pwc_battery_powered_domain_access
<LI><a href="#[18c]">&gt;&gt;</a>&nbsp;&nbsp;&nbsp;crm_sysclk_switch_status_get
<LI><a href="#[21c]">&gt;&gt;</a>&nbsp;&nbsp;&nbsp;crm_sysclk_switch
<LI><a href="#[216]">&gt;&gt;</a>&nbsp;&nbsp;&nbsp;crm_reset
<LI><a href="#[218]">&gt;&gt;</a>&nbsp;&nbsp;&nbsp;crm_pll_config
<LI><a href="#[1bd]">&gt;&gt;</a>&nbsp;&nbsp;&nbsp;crm_periph_clock_enable
<LI><a href="#[18d]">&gt;&gt;</a>&nbsp;&nbsp;&nbsp;crm_hext_stable_wait
<LI><a href="#[18e]">&gt;&gt;</a>&nbsp;&nbsp;&nbsp;crm_flag_get
<LI><a href="#[217]">&gt;&gt;</a>&nbsp;&nbsp;&nbsp;crm_clock_source_enable
<LI><a href="#[21a]">&gt;&gt;</a>&nbsp;&nbsp;&nbsp;crm_apb2_div_set
<LI><a href="#[21b]">&gt;&gt;</a>&nbsp;&nbsp;&nbsp;crm_apb1_div_set
<LI><a href="#[219]">&gt;&gt;</a>&nbsp;&nbsp;&nbsp;crm_ahb_div_set
</UL>
<BR>[Called By]<UL><LI><a href="#[7c]">&gt;&gt;</a>&nbsp;&nbsp;&nbsp;main
</UL>

<P><STRONG><a name="[19f]"></a>wk_timebase_init</STRONG> (Thumb, 60 bytes, Stack size 32 bytes, wk_system.o(i.wk_timebase_init))
<BR><BR>[Stack]<UL><LI>Max Depth = 40<LI>Call Chain = wk_timebase_init &rArr; crm_clocks_freq_get
</UL>
<BR>[Calls]<UL><LI><a href="#[21d]">&gt;&gt;</a>&nbsp;&nbsp;&nbsp;systick_clock_source_config
<LI><a href="#[18b]">&gt;&gt;</a>&nbsp;&nbsp;&nbsp;crm_clocks_freq_get
</UL>
<BR>[Called By]<UL><LI><a href="#[7c]">&gt;&gt;</a>&nbsp;&nbsp;&nbsp;main
</UL>

<P><STRONG><a name="[1a2]"></a>wk_usart1_init</STRONG> (Thumb, 134 bytes, Stack size 24 bytes, wk_usart.o(i.wk_usart1_init))
<BR><BR>[Stack]<UL><LI>Max Depth = 72<LI>Call Chain = wk_usart1_init &rArr; usart_init &rArr; crm_clocks_freq_get
</UL>
<BR>[Calls]<UL><LI><a href="#[21e]">&gt;&gt;</a>&nbsp;&nbsp;&nbsp;usart_transmitter_enable
<LI><a href="#[21f]">&gt;&gt;</a>&nbsp;&nbsp;&nbsp;usart_receiver_enable
<LI><a href="#[220]">&gt;&gt;</a>&nbsp;&nbsp;&nbsp;usart_parity_selection_config
<LI><a href="#[1c7]">&gt;&gt;</a>&nbsp;&nbsp;&nbsp;usart_init
<LI><a href="#[221]">&gt;&gt;</a>&nbsp;&nbsp;&nbsp;usart_hardware_flow_control_set
<LI><a href="#[222]">&gt;&gt;</a>&nbsp;&nbsp;&nbsp;usart_enable
<LI><a href="#[1f7]">&gt;&gt;</a>&nbsp;&nbsp;&nbsp;gpio_init
<LI><a href="#[1f6]">&gt;&gt;</a>&nbsp;&nbsp;&nbsp;gpio_default_para_init
</UL>
<BR>[Called By]<UL><LI><a href="#[7c]">&gt;&gt;</a>&nbsp;&nbsp;&nbsp;main
</UL>

<P><STRONG><a name="[1a8]"></a>wk_usb_app_init</STRONG> (Thumb, 34 bytes, Stack size 8 bytes, usb_app.o(i.wk_usb_app_init))
<BR><BR>[Stack]<UL><LI>Max Depth = 24<LI>Call Chain = wk_usb_app_init &rArr; usbd_core_init &rArr; usbd_ept_defaut_init
</UL>
<BR>[Calls]<UL><LI><a href="#[1dd]">&gt;&gt;</a>&nbsp;&nbsp;&nbsp;usbd_disconnect
<LI><a href="#[1d1]">&gt;&gt;</a>&nbsp;&nbsp;&nbsp;usbd_core_init
<LI><a href="#[1cd]">&gt;&gt;</a>&nbsp;&nbsp;&nbsp;usbd_connect
</UL>
<BR>[Called By]<UL><LI><a href="#[7c]">&gt;&gt;</a>&nbsp;&nbsp;&nbsp;main
</UL>

<P><STRONG><a name="[156]"></a>wk_usb_app_task</STRONG> (Thumb, 86 bytes, Stack size 16 bytes, usb_app.o(i.wk_usb_app_task))
<BR><BR>[Stack]<UL><LI>Max Depth = 72<LI>Call Chain = wk_usb_app_task &rArr; usb_vcp_send_data &rArr; usbd_ept_send &rArr; usb_write_packet
</UL>
<BR>[Calls]<UL><LI><a href="#[1cb]">&gt;&gt;</a>&nbsp;&nbsp;&nbsp;usb_vcp_send_data
<LI><a href="#[1ca]">&gt;&gt;</a>&nbsp;&nbsp;&nbsp;usb_vcp_get_rxdata
<LI><a href="#[167]">&gt;&gt;</a>&nbsp;&nbsp;&nbsp;__aeabi_memcpy
</UL>
<BR>[Called By]<UL><LI><a href="#[7a]">&gt;&gt;</a>&nbsp;&nbsp;&nbsp;USBFS_MAPL_IRQHandler
</UL>

<P><STRONG><a name="[1a6]"></a>wk_usbfs_init</STRONG> (Thumb, 24 bytes, Stack size 8 bytes, wk_usbfs.o(i.wk_usbfs_init))
<BR><BR>[Stack]<UL><LI>Max Depth = 20<LI>Call Chain = wk_usbfs_init &rArr; crm_usb_clock_source_select &rArr; crm_hick_sclk_frequency_select
</UL>
<BR>[Calls]<UL><LI><a href="#[223]">&gt;&gt;</a>&nbsp;&nbsp;&nbsp;crm_usb_interrupt_remapping_set
<LI><a href="#[191]">&gt;&gt;</a>&nbsp;&nbsp;&nbsp;crm_usb_clock_source_select
<LI><a href="#[224]">&gt;&gt;</a>&nbsp;&nbsp;&nbsp;crm_usb_clock_div_set
</UL>
<BR>[Called By]<UL><LI><a href="#[7c]">&gt;&gt;</a>&nbsp;&nbsp;&nbsp;main
</UL>

<P><STRONG><a name="[155]"></a>wk_usbfs_irq_handler</STRONG> (Thumb, 6 bytes, Stack size 0 bytes, usb_app.o(i.wk_usbfs_irq_handler))
<BR><BR>[Stack]<UL><LI>Max Depth = 160<LI>Call Chain = wk_usbfs_irq_handler &rArr; usbd_irq_handler &rArr; usbd_ept_loop_handler &rArr; usbd_eptn_handler &rArr; usbd_core_setup_handler &rArr; usbd_device_request &rArr; usbd_get_descriptor &rArr; usbd_ctrl_send &rArr; usbd_ept_send &rArr; usb_write_packet
</UL>
<BR>[Calls]<UL><LI><a href="#[1eb]">&gt;&gt;</a>&nbsp;&nbsp;&nbsp;usbd_irq_handler
</UL>
<BR>[Called By]<UL><LI><a href="#[7a]">&gt;&gt;</a>&nbsp;&nbsp;&nbsp;USBFS_MAPL_IRQHandler
</UL>

<P><STRONG><a name="[1a7]"></a>wk_wdt_init</STRONG> (Thumb, 30 bytes, Stack size 8 bytes, wk_wdt.o(i.wk_wdt_init))
<BR><BR>[Stack]<UL><LI>Max Depth = 8<LI>Call Chain = wk_wdt_init
</UL>
<BR>[Calls]<UL><LI><a href="#[227]">&gt;&gt;</a>&nbsp;&nbsp;&nbsp;wdt_reload_value_set
<LI><a href="#[225]">&gt;&gt;</a>&nbsp;&nbsp;&nbsp;wdt_register_write_enable
<LI><a href="#[226]">&gt;&gt;</a>&nbsp;&nbsp;&nbsp;wdt_divider_set
<LI><a href="#[228]">&gt;&gt;</a>&nbsp;&nbsp;&nbsp;wdt_counter_reload
</UL>
<BR>[Called By]<UL><LI><a href="#[7c]">&gt;&gt;</a>&nbsp;&nbsp;&nbsp;main
</UL>

<P><STRONG><a name="[182]"></a>writeconfig</STRONG> (Thumb, 76 bytes, Stack size 24 bytes, flash.o(i.writeconfig))
<BR><BR>[Stack]<UL><LI>Max Depth = 36<LI>Call Chain = writeconfig &rArr; flash_sector_erase &rArr; flash_spim_operation_wait_for
</UL>
<BR>[Calls]<UL><LI><a href="#[229]">&gt;&gt;</a>&nbsp;&nbsp;&nbsp;flash_unlock
<LI><a href="#[197]">&gt;&gt;</a>&nbsp;&nbsp;&nbsp;flash_sector_erase
<LI><a href="#[22a]">&gt;&gt;</a>&nbsp;&nbsp;&nbsp;flash_lock
<LI><a href="#[192]">&gt;&gt;</a>&nbsp;&nbsp;&nbsp;flash_halfword_program
<LI><a href="#[167]">&gt;&gt;</a>&nbsp;&nbsp;&nbsp;__aeabi_memcpy
</UL>
<BR>[Called By]<UL><LI><a href="#[17e]">&gt;&gt;</a>&nbsp;&nbsp;&nbsp;radio_initconfig
<LI><a href="#[2f]">&gt;&gt;</a>&nbsp;&nbsp;&nbsp;cli_storeconfig
<LI><a href="#[18]">&gt;&gt;</a>&nbsp;&nbsp;&nbsp;cli_setdevid
<LI><a href="#[7c]">&gt;&gt;</a>&nbsp;&nbsp;&nbsp;main
</UL>
<P>
<H3>
Local Symbols
</H3>
<P><STRONG><a name="[20b]"></a>NVIC_EncodePriority</STRONG> (Thumb, 50 bytes, Stack size 12 bytes, at32f413_wk_config.o(i.NVIC_EncodePriority))
<BR><BR>[Stack]<UL><LI>Max Depth = 12<LI>Call Chain = NVIC_EncodePriority
</UL>
<BR>[Called By]<UL><LI><a href="#[19e]">&gt;&gt;</a>&nbsp;&nbsp;&nbsp;wk_nvic_config
</UL>

<P><STRONG><a name="[20a]"></a>__NVIC_GetPriorityGrouping</STRONG> (Thumb, 10 bytes, Stack size 0 bytes, at32f413_wk_config.o(i.__NVIC_GetPriorityGrouping))
<BR><BR>[Called By]<UL><LI><a href="#[19e]">&gt;&gt;</a>&nbsp;&nbsp;&nbsp;wk_nvic_config
</UL>

<P><STRONG><a name="[20c]"></a>__NVIC_SetPriority</STRONG> (Thumb, 32 bytes, Stack size 0 bytes, at32f413_wk_config.o(i.__NVIC_SetPriority))
<BR><BR>[Called By]<UL><LI><a href="#[19e]">&gt;&gt;</a>&nbsp;&nbsp;&nbsp;wk_nvic_config
</UL>

<P><STRONG><a name="[1db]"></a>usbd_get_descriptor</STRONG> (Thumb, 156 bytes, Stack size 16 bytes, usbd_sdr.o(i.usbd_get_descriptor))
<BR><BR>[Stack]<UL><LI>Max Depth = 64<LI>Call Chain = usbd_get_descriptor &rArr; usbd_ctrl_send &rArr; usbd_ept_send &rArr; usb_write_packet
</UL>
<BR>[Calls]<UL><LI><a href="#[170]">&gt;&gt;</a>&nbsp;&nbsp;&nbsp;usbd_ctrl_unsupport
<LI><a href="#[171]">&gt;&gt;</a>&nbsp;&nbsp;&nbsp;usbd_ctrl_send
</UL>
<BR>[Called By]<UL><LI><a href="#[1d8]">&gt;&gt;</a>&nbsp;&nbsp;&nbsp;usbd_device_request
</UL>

<P><STRONG><a name="[1dc]"></a>usbd_set_configuration</STRONG> (Thumb, 116 bytes, Stack size 16 bytes, usbd_sdr.o(i.usbd_set_configuration))
<BR><BR>[Stack]<UL><LI>Max Depth = 56<LI>Call Chain = usbd_set_configuration &rArr; usbd_ctrl_send_status &rArr; usbd_ept_send &rArr; usb_write_packet
</UL>
<BR>[Calls]<UL><LI><a href="#[170]">&gt;&gt;</a>&nbsp;&nbsp;&nbsp;usbd_ctrl_unsupport
<LI><a href="#[1d4]">&gt;&gt;</a>&nbsp;&nbsp;&nbsp;usbd_ctrl_send_status
</UL>
<BR>[Called By]<UL><LI><a href="#[1d8]">&gt;&gt;</a>&nbsp;&nbsp;&nbsp;usbd_device_request
</UL>

<P><STRONG><a name="[2]"></a>class_clear_handler</STRONG> (Thumb, 32 bytes, Stack size 16 bytes, cdc_class.o(i.class_clear_handler))
<BR><BR>[Stack]<UL><LI>Max Depth = 36<LI>Call Chain = class_clear_handler &rArr; usbd_ept_close &rArr; usb_ept_close
</UL>
<BR>[Calls]<UL><LI><a href="#[16a]">&gt;&gt;</a>&nbsp;&nbsp;&nbsp;usbd_ept_close
</UL>
<BR>[Address Reference Count : 1]<UL><LI> cdc_class.o(.data)
</UL>
<P><STRONG><a name="[5]"></a>class_ept0_rx_handler</STRONG> (Thumb, 40 bytes, Stack size 16 bytes, cdc_class.o(i.class_ept0_rx_handler))
<BR><BR>[Stack]<UL><LI>Max Depth = 16<LI>Call Chain = class_ept0_rx_handler
</UL>
<BR>[Calls]<UL><LI><a href="#[16c]">&gt;&gt;</a>&nbsp;&nbsp;&nbsp;usb_vcp_cmd_process
<LI><a href="#[16b]">&gt;&gt;</a>&nbsp;&nbsp;&nbsp;usbd_get_recv_len
</UL>
<BR>[Address Reference Count : 1]<UL><LI> cdc_class.o(.data)
</UL>
<P><STRONG><a name="[4]"></a>class_ept0_tx_handler</STRONG> (Thumb, 4 bytes, Stack size 0 bytes, cdc_class.o(i.class_ept0_tx_handler))
<BR>[Address Reference Count : 1]<UL><LI> cdc_class.o(.data)
</UL>
<P><STRONG><a name="[9]"></a>class_event_handler</STRONG> (Thumb, 4 bytes, Stack size 0 bytes, cdc_class.o(i.class_event_handler))
<BR>[Address Reference Count : 1]<UL><LI> cdc_class.o(.data)
</UL>
<P><STRONG><a name="[6]"></a>class_in_handler</STRONG> (Thumb, 14 bytes, Stack size 0 bytes, cdc_class.o(i.class_in_handler))
<BR>[Address Reference Count : 1]<UL><LI> cdc_class.o(.data)
</UL>
<P><STRONG><a name="[1]"></a>class_init_handler</STRONG> (Thumb, 92 bytes, Stack size 16 bytes, cdc_class.o(i.class_init_handler))
<BR><BR>[Stack]<UL><LI>Max Depth = 68<LI>Call Chain = class_init_handler &rArr; usbd_ept_open &rArr; usb_ept_open
</UL>
<BR>[Calls]<UL><LI><a href="#[16e]">&gt;&gt;</a>&nbsp;&nbsp;&nbsp;usbd_ept_recv
<LI><a href="#[16d]">&gt;&gt;</a>&nbsp;&nbsp;&nbsp;usbd_ept_open
</UL>
<BR>[Address Reference Count : 1]<UL><LI> cdc_class.o(.data)
</UL>
<P><STRONG><a name="[7]"></a>class_out_handler</STRONG> (Thumb, 24 bytes, Stack size 16 bytes, cdc_class.o(i.class_out_handler))
<BR><BR>[Stack]<UL><LI>Max Depth = 16<LI>Call Chain = class_out_handler
</UL>
<BR>[Calls]<UL><LI><a href="#[16b]">&gt;&gt;</a>&nbsp;&nbsp;&nbsp;usbd_get_recv_len
</UL>
<BR>[Address Reference Count : 1]<UL><LI> cdc_class.o(.data)
</UL>
<P><STRONG><a name="[3]"></a>class_setup_handler</STRONG> (Thumb, 132 bytes, Stack size 24 bytes, cdc_class.o(i.class_setup_handler))
<BR><BR>[Stack]<UL><LI>Max Depth = 72<LI>Call Chain = class_setup_handler &rArr; usbd_ctrl_send &rArr; usbd_ept_send &rArr; usb_write_packet
</UL>
<BR>[Calls]<UL><LI><a href="#[16c]">&gt;&gt;</a>&nbsp;&nbsp;&nbsp;usb_vcp_cmd_process
<LI><a href="#[170]">&gt;&gt;</a>&nbsp;&nbsp;&nbsp;usbd_ctrl_unsupport
<LI><a href="#[171]">&gt;&gt;</a>&nbsp;&nbsp;&nbsp;usbd_ctrl_send
<LI><a href="#[16f]">&gt;&gt;</a>&nbsp;&nbsp;&nbsp;usbd_ctrl_recv
</UL>
<BR>[Address Reference Count : 1]<UL><LI> cdc_class.o(.data)
</UL>
<P><STRONG><a name="[8]"></a>class_sof_handler</STRONG> (Thumb, 4 bytes, Stack size 0 bytes, cdc_class.o(i.class_sof_handler))
<BR>[Address Reference Count : 1]<UL><LI> cdc_class.o(.data)
</UL>
<P><STRONG><a name="[16c]"></a>usb_vcp_cmd_process</STRONG> (Thumb, 82 bytes, Stack size 0 bytes, cdc_class.o(i.usb_vcp_cmd_process))
<BR><BR>[Called By]<UL><LI><a href="#[3]">&gt;&gt;</a>&nbsp;&nbsp;&nbsp;class_setup_handler
<LI><a href="#[5]">&gt;&gt;</a>&nbsp;&nbsp;&nbsp;class_ept0_rx_handler
</UL>

<P><STRONG><a name="[13]"></a>get_device_config_string</STRONG> (Thumb, 22 bytes, Stack size 8 bytes, cdc_desc.o(i.get_device_config_string))
<BR><BR>[Stack]<UL><LI>Max Depth = 20<LI>Call Chain = get_device_config_string &rArr; usbd_unicode_convert
</UL>
<BR>[Calls]<UL><LI><a href="#[199]">&gt;&gt;</a>&nbsp;&nbsp;&nbsp;usbd_unicode_convert
</UL>
<BR>[Address Reference Count : 1]<UL><LI> cdc_desc.o(.data)
</UL>
<P><STRONG><a name="[c]"></a>get_device_configuration</STRONG> (Thumb, 4 bytes, Stack size 0 bytes, cdc_desc.o(i.get_device_configuration))
<BR>[Address Reference Count : 1]<UL><LI> cdc_desc.o(.data)
</UL>
<P><STRONG><a name="[a]"></a>get_device_descriptor</STRONG> (Thumb, 4 bytes, Stack size 0 bytes, cdc_desc.o(i.get_device_descriptor))
<BR>[Address Reference Count : 1]<UL><LI> cdc_desc.o(.data)
</UL>
<P><STRONG><a name="[12]"></a>get_device_interface_string</STRONG> (Thumb, 22 bytes, Stack size 8 bytes, cdc_desc.o(i.get_device_interface_string))
<BR><BR>[Stack]<UL><LI>Max Depth = 20<LI>Call Chain = get_device_interface_string &rArr; usbd_unicode_convert
</UL>
<BR>[Calls]<UL><LI><a href="#[199]">&gt;&gt;</a>&nbsp;&nbsp;&nbsp;usbd_unicode_convert
</UL>
<BR>[Address Reference Count : 1]<UL><LI> cdc_desc.o(.data)
</UL>
<P><STRONG><a name="[e]"></a>get_device_lang_id</STRONG> (Thumb, 4 bytes, Stack size 0 bytes, cdc_desc.o(i.get_device_lang_id))
<BR>[Address Reference Count : 1]<UL><LI> cdc_desc.o(.data)
</UL>
<P><STRONG><a name="[f]"></a>get_device_manufacturer_string</STRONG> (Thumb, 22 bytes, Stack size 8 bytes, cdc_desc.o(i.get_device_manufacturer_string))
<BR><BR>[Stack]<UL><LI>Max Depth = 20<LI>Call Chain = get_device_manufacturer_string &rArr; usbd_unicode_convert
</UL>
<BR>[Calls]<UL><LI><a href="#[199]">&gt;&gt;</a>&nbsp;&nbsp;&nbsp;usbd_unicode_convert
</UL>
<BR>[Address Reference Count : 1]<UL><LI> cdc_desc.o(.data)
</UL>
<P><STRONG><a name="[d]"></a>get_device_other_speed</STRONG> (Thumb, 4 bytes, Stack size 0 bytes, cdc_desc.o(i.get_device_other_speed))
<BR>[Address Reference Count : 1]<UL><LI> cdc_desc.o(.data)
</UL>
<P><STRONG><a name="[10]"></a>get_device_product_string</STRONG> (Thumb, 22 bytes, Stack size 8 bytes, cdc_desc.o(i.get_device_product_string))
<BR><BR>[Stack]<UL><LI>Max Depth = 20<LI>Call Chain = get_device_product_string &rArr; usbd_unicode_convert
</UL>
<BR>[Calls]<UL><LI><a href="#[199]">&gt;&gt;</a>&nbsp;&nbsp;&nbsp;usbd_unicode_convert
</UL>
<BR>[Address Reference Count : 1]<UL><LI> cdc_desc.o(.data)
</UL>
<P><STRONG><a name="[b]"></a>get_device_qualifier</STRONG> (Thumb, 4 bytes, Stack size 0 bytes, cdc_desc.o(i.get_device_qualifier))
<BR>[Address Reference Count : 1]<UL><LI> cdc_desc.o(.data)
</UL>
<P><STRONG><a name="[11]"></a>get_device_serial_string</STRONG> (Thumb, 44 bytes, Stack size 8 bytes, cdc_desc.o(i.get_device_serial_string))
<BR><BR>[Stack]<UL><LI>Max Depth = 28<LI>Call Chain = get_device_serial_string &rArr; usbd_int_to_unicode
</UL>
<BR>[Calls]<UL><LI><a href="#[19a]">&gt;&gt;</a>&nbsp;&nbsp;&nbsp;usbd_int_to_unicode
</UL>
<BR>[Address Reference Count : 1]<UL><LI> cdc_desc.o(.data)
</UL>
<P><STRONG><a name="[19a]"></a>usbd_int_to_unicode</STRONG> (Thumb, 56 bytes, Stack size 20 bytes, cdc_desc.o(i.usbd_int_to_unicode))
<BR><BR>[Stack]<UL><LI>Max Depth = 20<LI>Call Chain = usbd_int_to_unicode
</UL>
<BR>[Called By]<UL><LI><a href="#[11]">&gt;&gt;</a>&nbsp;&nbsp;&nbsp;get_device_serial_string
</UL>

<P><STRONG><a name="[199]"></a>usbd_unicode_convert</STRONG> (Thumb, 50 bytes, Stack size 12 bytes, cdc_desc.o(i.usbd_unicode_convert))
<BR><BR>[Stack]<UL><LI>Max Depth = 12<LI>Call Chain = usbd_unicode_convert
</UL>
<BR>[Called By]<UL><LI><a href="#[10]">&gt;&gt;</a>&nbsp;&nbsp;&nbsp;get_device_product_string
<LI><a href="#[f]">&gt;&gt;</a>&nbsp;&nbsp;&nbsp;get_device_manufacturer_string
<LI><a href="#[12]">&gt;&gt;</a>&nbsp;&nbsp;&nbsp;get_device_interface_string
<LI><a href="#[13]">&gt;&gt;</a>&nbsp;&nbsp;&nbsp;get_device_config_string
</UL>

<P><STRONG><a name="[168]"></a>processCommand</STRONG> (Thumb, 216 bytes, Stack size 96 bytes, command_interpreter.o(i.processCommand))
<BR><BR>[Stack]<UL><LI>Max Depth = 240<LI>Call Chain = processCommand &rArr; validateArguments &rArr; validateInteger &rArr; strtoul &rArr; _strtoul
</UL>
<BR>[Calls]<UL><LI><a href="#[161]">&gt;&gt;</a>&nbsp;&nbsp;&nbsp;ciErrorCallback
<LI><a href="#[164]">&gt;&gt;</a>&nbsp;&nbsp;&nbsp;ciPrintHelp
<LI><a href="#[1b3]">&gt;&gt;</a>&nbsp;&nbsp;&nbsp;strtok_r
<LI><a href="#[1b4]">&gt;&gt;</a>&nbsp;&nbsp;&nbsp;validateArguments
<LI><a href="#[82]">&gt;&gt;</a>&nbsp;&nbsp;&nbsp;strcasecmp
</UL>
<BR>[Called By]<UL><LI><a href="#[166]">&gt;&gt;</a>&nbsp;&nbsp;&nbsp;ciProcessInput
</UL>

<P><STRONG><a name="[1b4]"></a>validateArguments</STRONG> (Thumb, 184 bytes, Stack size 32 bytes, command_interpreter.o(i.validateArguments))
<BR><BR>[Stack]<UL><LI>Max Depth = 144<LI>Call Chain = validateArguments &rArr; validateInteger &rArr; strtoul &rArr; _strtoul
</UL>
<BR>[Calls]<UL><LI><a href="#[1f5]">&gt;&gt;</a>&nbsp;&nbsp;&nbsp;validateInteger
<LI><a href="#[1f3]">&gt;&gt;</a>&nbsp;&nbsp;&nbsp;strcmp
<LI><a href="#[165]">&gt;&gt;</a>&nbsp;&nbsp;&nbsp;strlen
<LI><a href="#[1f4]">&gt;&gt;</a>&nbsp;&nbsp;&nbsp;strstr
</UL>
<BR>[Called By]<UL><LI><a href="#[168]">&gt;&gt;</a>&nbsp;&nbsp;&nbsp;processCommand
</UL>

<P><STRONG><a name="[1f5]"></a>validateInteger</STRONG> (Thumb, 88 bytes, Stack size 32 bytes, command_interpreter.o(i.validateInteger))
<BR><BR>[Stack]<UL><LI>Max Depth = 112<LI>Call Chain = validateInteger &rArr; strtoul &rArr; _strtoul
</UL>
<BR>[Calls]<UL><LI><a href="#[84]">&gt;&gt;</a>&nbsp;&nbsp;&nbsp;strtol
<LI><a href="#[87]">&gt;&gt;</a>&nbsp;&nbsp;&nbsp;__aeabi_errno_addr
<LI><a href="#[165]">&gt;&gt;</a>&nbsp;&nbsp;&nbsp;strlen
<LI><a href="#[88]">&gt;&gt;</a>&nbsp;&nbsp;&nbsp;strtoul
</UL>
<BR>[Called By]<UL><LI><a href="#[1b4]">&gt;&gt;</a>&nbsp;&nbsp;&nbsp;validateArguments
</UL>

<P><STRONG><a name="[159]"></a>_fp_digits</STRONG> (Thumb, 366 bytes, Stack size 64 bytes, printfa.o(i._fp_digits), UNUSED)
<BR><BR>[Calls]<UL><LI><a href="#[91]">&gt;&gt;</a>&nbsp;&nbsp;&nbsp;__aeabi_ddiv
<LI><a href="#[90]">&gt;&gt;</a>&nbsp;&nbsp;&nbsp;__aeabi_dmul
<LI><a href="#[97]">&gt;&gt;</a>&nbsp;&nbsp;&nbsp;__aeabi_d2ulz
<LI><a href="#[89]">&gt;&gt;</a>&nbsp;&nbsp;&nbsp;__aeabi_dadd
<LI><a href="#[15a]">&gt;&gt;</a>&nbsp;&nbsp;&nbsp;__aeabi_cdrcmple
<LI><a href="#[95]">&gt;&gt;</a>&nbsp;&nbsp;&nbsp;__aeabi_uldivmod
</UL>
<BR>[Called By]<UL><LI><a href="#[158]">&gt;&gt;</a>&nbsp;&nbsp;&nbsp;_printf_core
</UL>

<P><STRONG><a name="[158]"></a>_printf_core</STRONG> (Thumb, 1704 bytes, Stack size 136 bytes, printfa.o(i._printf_core), UNUSED)
<BR><BR>[Calls]<UL><LI><a href="#[15b]">&gt;&gt;</a>&nbsp;&nbsp;&nbsp;_printf_pre_padding
<LI><a href="#[15c]">&gt;&gt;</a>&nbsp;&nbsp;&nbsp;_printf_post_padding
<LI><a href="#[159]">&gt;&gt;</a>&nbsp;&nbsp;&nbsp;_fp_digits
<LI><a href="#[95]">&gt;&gt;</a>&nbsp;&nbsp;&nbsp;__aeabi_uldivmod
<LI><a href="#[15d]">&gt;&gt;</a>&nbsp;&nbsp;&nbsp;__aeabi_uidivmod
</UL>
<BR>[Called By]<UL><LI><a href="#[157]">&gt;&gt;</a>&nbsp;&nbsp;&nbsp;__0printf
</UL>

<P><STRONG><a name="[15c]"></a>_printf_post_padding</STRONG> (Thumb, 36 bytes, Stack size 24 bytes, printfa.o(i._printf_post_padding), UNUSED)
<BR><BR>[Called By]<UL><LI><a href="#[158]">&gt;&gt;</a>&nbsp;&nbsp;&nbsp;_printf_core
</UL>

<P><STRONG><a name="[15b]"></a>_printf_pre_padding</STRONG> (Thumb, 46 bytes, Stack size 24 bytes, printfa.o(i._printf_pre_padding), UNUSED)
<BR><BR>[Called By]<UL><LI><a href="#[158]">&gt;&gt;</a>&nbsp;&nbsp;&nbsp;_printf_core
</UL>
<P>
<H3>
Undefined Global Symbols
</H3><HR></body></html>
