<!doctype html public "-//w3c//dtd html 4.0 transitional//en">
<html><head>
<title>Static Call Graph - [.\Objects\tremo_sniffer.axf]</title></head>
<body><HR>
<H1>Static Call Graph for image .\Objects\tremo_sniffer.axf</H1><HR>
<BR><P>#&#060CALLGRAPH&#062# ARM Linker, 6240002: Last Updated: Fri Jan  9 09:18:08 2026
<BR><P>
<H3>Maximum Stack Usage =        264 bytes + Unknown(Cycles, Untraceable Function Pointers)</H3><H3>
Call chain for Maximum Stack Depth:</H3>
main &rArr; cli_proc &rArr; ciProcessInput &rArr; validateInteger &rArr; strtoul &rArr; _strtoul
<P>
<H3>
Mutually Recursive functions
</H3> <LI><a href="#[28]">DebugMon_Handler</a>&nbsp;&nbsp;&nbsp;&rArr;&nbsp;&nbsp;&nbsp;<a href="#[28]">DebugMon_Handler</a><BR>
 <LI><a href="#[3c]">AFEC_IRQHandler</a>&nbsp;&nbsp;&nbsp;&rArr;&nbsp;&nbsp;&nbsp;<a href="#[3c]">AFEC_IRQHandler</a><BR>
 <LI><a href="#[25]">BusFault_Handler</a>&nbsp;&nbsp;&nbsp;&rArr;&nbsp;&nbsp;&nbsp;<a href="#[25]">BusFault_Handler</a><BR>
 <LI><a href="#[f0]">uart_send_data</a>&nbsp;&nbsp;&nbsp;&rArr;&nbsp;&nbsp;&nbsp;<a href="#[f0]">uart_send_data</a><BR>
 <LI><a href="#[24]">MemManage_Handler</a>&nbsp;&nbsp;&nbsp;&rArr;&nbsp;&nbsp;&nbsp;<a href="#[24]">MemManage_Handler</a><BR>
 <LI><a href="#[c9]">uart_receive_data</a>&nbsp;&nbsp;&nbsp;&rArr;&nbsp;&nbsp;&nbsp;<a href="#[c9]">uart_receive_data</a><BR>
 <LI><a href="#[26]">UsageFault_Handler</a>&nbsp;&nbsp;&nbsp;&rArr;&nbsp;&nbsp;&nbsp;<a href="#[26]">UsageFault_Handler</a><BR>
</UL>
<P>
<H3>
Function Pointers
</H3><UL>
 <LI><a href="#[3b]">ADC_IRQHandler</a> from adc.o(.text.ADC_IRQHandler) referenced from startup_tremo.o(RESET)
 <LI><a href="#[3c]">AFEC_IRQHandler</a> from startup_tremo.o(.text) referenced from startup_tremo.o(RESET)
 <LI><a href="#[46]">BSTIMER0_IRQHandler</a> from startup_tremo.o(.text) referenced from startup_tremo.o(RESET)
 <LI><a href="#[47]">BSTIMER1_IRQHandler</a> from startup_tremo.o(.text) referenced from startup_tremo.o(RESET)
 <LI><a href="#[25]">BusFault_Handler</a> from tremo_it.o(.text.BusFault_Handler) referenced from startup_tremo.o(RESET)
 <LI><a href="#[3f]">DAC_IRQHandler</a> from startup_tremo.o(.text) referenced from startup_tremo.o(RESET)
 <LI><a href="#[4a]">DMA0_IRQHandler</a> from startup_tremo.o(.text) referenced from startup_tremo.o(RESET)
 <LI><a href="#[3e]">DMA1_IRQHandler</a> from startup_tremo.o(.text) referenced from startup_tremo.o(RESET)
 <LI><a href="#[28]">DebugMon_Handler</a> from startup_tremo.o(.text) referenced from startup_tremo.o(RESET)
 <LI><a href="#[2e]">EFC_IRQHandler</a> from startup_tremo.o(.text) referenced from startup_tremo.o(RESET)
 <LI><a href="#[41]">GPIO_IRQHandler</a> from startup_tremo.o(.text) referenced from startup_tremo.o(RESET)
 <LI><a href="#[23]">HardFault_Handler</a> from tremo_it.o(.text.HardFault_Handler) referenced from startup_tremo.o(RESET)
 <LI><a href="#[38]">I2C0_IRQHandler</a> from startup_tremo.o(.text) referenced from startup_tremo.o(RESET)
 <LI><a href="#[39]">I2C1_IRQHandler</a> from startup_tremo.o(.text) referenced from startup_tremo.o(RESET)
 <LI><a href="#[30]">I2C2_IRQHandler</a> from startup_tremo.o(.text) referenced from startup_tremo.o(RESET)
 <LI><a href="#[4b]">I2S_IRQHandler</a> from startup_tremo.o(.text) referenced from startup_tremo.o(RESET)
 <LI><a href="#[4f]">IWDG_IRQHandler</a> from startup_tremo.o(.text) referenced from startup_tremo.o(RESET)
 <LI><a href="#[4c]">LCD_IRQHandler</a> from startup_tremo.o(.text) referenced from startup_tremo.o(RESET)
 <LI><a href="#[40]">LORA_IRQHandler</a> from tremo_it.o(.text.LORA_IRQHandler) referenced from startup_tremo.o(RESET)
 <LI><a href="#[48]">LPTIMER0_IRQHandler</a> from startup_tremo.o(.text) referenced from startup_tremo.o(RESET)
 <LI><a href="#[4e]">LPTIMER1_IRQHandler</a> from startup_tremo.o(.text) referenced from startup_tremo.o(RESET)
 <LI><a href="#[34]">LPUART_IRQHandler</a> from startup_tremo.o(.text) referenced from startup_tremo.o(RESET)
 <LI><a href="#[24]">MemManage_Handler</a> from tremo_it.o(.text.MemManage_Handler) referenced from startup_tremo.o(RESET)
 <LI><a href="#[22]">NMI_Handler</a> from tremo_it.o(.text.NMI_Handler) referenced from startup_tremo.o(RESET)
 <LI><a href="#[4d]">PWR_IRQHandler</a> from tremo_it.o(.text.PWR_IRQHandler) referenced from startup_tremo.o(RESET)
 <LI><a href="#[29]">PendSV_Handler</a> from tremo_it.o(.text.PendSV_Handler) referenced from startup_tremo.o(RESET)
 <LI><a href="#[37]">QSPI_IRQHandler</a> from startup_tremo.o(.text) referenced from startup_tremo.o(RESET)
 <LI><a href="#[2c]">RTC_IRQHandler</a> from startup_tremo.o(.text) referenced from startup_tremo.o(RESET)
 <LI><a href="#[21]">Reset_Handler</a> from startup_tremo.o(.text) referenced from startup_tremo.o(RESET)
 <LI><a href="#[49]">SAC_IRQHandler</a> from startup_tremo.o(.text) referenced from startup_tremo.o(RESET)
 <LI><a href="#[3a]">SCC_IRQHandler</a> from startup_tremo.o(.text) referenced from startup_tremo.o(RESET)
 <LI><a href="#[2b]">SEC_IRQHandler</a> from startup_tremo.o(.text) referenced from startup_tremo.o(RESET)
 <LI><a href="#[35]">SSP0_IRQHandler</a> from startup_tremo.o(.text) referenced from startup_tremo.o(RESET)
 <LI><a href="#[36]">SSP1_IRQHandler</a> from startup_tremo.o(.text) referenced from startup_tremo.o(RESET)
 <LI><a href="#[3d]">SSP2_IRQHandler</a> from startup_tremo.o(.text) referenced from startup_tremo.o(RESET)
 <LI><a href="#[27]">SVC_Handler</a> from tremo_it.o(.text.SVC_Handler) referenced from startup_tremo.o(RESET)
 <LI><a href="#[2a]">SysTick_Handler</a> from tremo_it.o(.text.SysTick_Handler) referenced from startup_tremo.o(RESET)
 <LI><a href="#[51]">SystemInit</a> from system_tremo.o(.text.SystemInit) referenced from startup_tremo.o(.text)
 <LI><a href="#[42]">TIMER0_IRQHandler</a> from ustimer.o(.text.TIMER0_IRQHandler) referenced from startup_tremo.o(RESET)
 <LI><a href="#[43]">TIMER1_IRQHandler</a> from startup_tremo.o(.text) referenced from startup_tremo.o(RESET)
 <LI><a href="#[44]">TIMER2_IRQHandler</a> from startup_tremo.o(.text) referenced from startup_tremo.o(RESET)
 <LI><a href="#[45]">TIMER3_IRQHandler</a> from startup_tremo.o(.text) referenced from startup_tremo.o(RESET)
 <LI><a href="#[31]">UART0_IRQHandler</a> from uart.o(.text.UART0_IRQHandler) referenced from startup_tremo.o(RESET)
 <LI><a href="#[32]">UART1_IRQHandler</a> from uart.o(.text.UART1_IRQHandler) referenced from startup_tremo.o(RESET)
 <LI><a href="#[33]">UART2_IRQHandler</a> from startup_tremo.o(.text) referenced from startup_tremo.o(RESET)
 <LI><a href="#[2f]">UART3_IRQHandler</a> from startup_tremo.o(.text) referenced from startup_tremo.o(RESET)
 <LI><a href="#[26]">UsageFault_Handler</a> from tremo_it.o(.text.UsageFault_Handler) referenced from startup_tremo.o(RESET)
 <LI><a href="#[2d]">WDG_IRQHandler</a> from startup_tremo.o(.text) referenced from startup_tremo.o(RESET)
 <LI><a href="#[56]">__2printf</a> from printfa.o(i.__0printf) referenced from app_cli.o(.text.cli_setpacketparams)
 <LI><a href="#[56]">__2printf</a> from printfa.o(i.__0printf) referenced from mesh_packet.o(.text.print_meshtastic_packet)
 <LI><a href="#[52]">__main</a> from entry.o(.ARM.Collect$$$$00000000) referenced from startup_tremo.o(.text)
 <LI><a href="#[55]">ciGetUnsigned</a> from command_interpreter.o(.text.ciGetUnsigned) referenced from app_cli.o(.text.cli_setmodparams)
 <LI><a href="#[55]">ciGetUnsigned</a> from command_interpreter.o(.text.ciGetUnsigned) referenced from app_cli.o(.text.cli_setpacketparams)
 <LI><a href="#[55]">ciGetUnsigned</a> from command_interpreter.o(.text.ciGetUnsigned) referenced from app_cli.o(.text.cli_sweeprx)
 <LI><a href="#[55]">ciGetUnsigned</a> from command_interpreter.o(.text.ciGetUnsigned) referenced from app_cli.o(.text.cli_sweeptx)
 <LI><a href="#[15]">cli_clearstats</a> from app_cli.o(.text.cli_clearstats) referenced 2 times from app_cli.o(.data.commands)
 <LI><a href="#[19]">cli_dumpregs</a> from app_cli.o(.text.cli_dumpregs) referenced 2 times from app_cli.o(.data.commands)
 <LI><a href="#[b]">cli_getRSSI</a> from app_cli.o(.text.cli_getRSSI) referenced 2 times from app_cli.o(.data.commands)
 <LI><a href="#[1c]">cli_getchip</a> from app_cli.o(.text.cli_getchip) referenced 2 times from app_cli.o(.data.commands)
 <LI><a href="#[3]">cli_getdevid</a> from app_cli.o(.text.cli_getdevid) referenced 2 times from app_cli.o(.data.commands)
 <LI><a href="#[5]">cli_getfreq</a> from app_cli.o(.text.cli_getfreq) referenced 2 times from app_cli.o(.data.commands)
 <LI><a href="#[d]">cli_getmodparams</a> from app_cli.o(.text.cli_getmodparams) referenced 2 times from app_cli.o(.data.commands)
 <LI><a href="#[f]">cli_getpacketparams</a> from app_cli.o(.text.cli_getpacketparams) referenced 2 times from app_cli.o(.data.commands)
 <LI><a href="#[7]">cli_getpower</a> from app_cli.o(.text.cli_getpower) referenced 2 times from app_cli.o(.data.commands)
 <LI><a href="#[14]">cli_getstats</a> from app_cli.o(.text.cli_getstats) referenced 2 times from app_cli.o(.data.commands)
 <LI><a href="#[c]">cli_getstatus</a> from app_cli.o(.text.cli_getstatus) referenced 2 times from app_cli.o(.data.commands)
 <LI><a href="#[2]">cli_getver</a> from app_cli.o(.text.cli_getver) referenced 2 times from app_cli.o(.data.commands)
 <LI><a href="#[16]">cli_getvt</a> from app_cli.o(.text.cli_getvt) referenced 2 times from app_cli.o(.data.commands)
 <LI><a href="#[9]">cli_getxotrim</a> from app_cli.o(.text.cli_getxotrim) referenced 2 times from app_cli.o(.data.commands)
 <LI><a href="#[1]">cli_info</a> from app_cli.o(.text.cli_info) referenced 2 times from app_cli.o(.data.commands)
 <LI><a href="#[1a]">cli_initconfig</a> from app_cli.o(.text.cli_initconfig) referenced 2 times from app_cli.o(.data.commands)
 <LI><a href="#[1d]">cli_radioinit</a> from app_cli.o(.text.cli_radioinit) referenced 2 times from app_cli.o(.data.commands)
 <LI><a href="#[17]">cli_readreg</a> from app_cli.o(.text.cli_readreg) referenced 2 times from app_cli.o(.data.commands)
 <LI><a href="#[0]">cli_reset</a> from app_cli.o(.text.cli_reset) referenced 2 times from app_cli.o(.data.commands)
 <LI><a href="#[11]">cli_sendburst</a> from app_cli.o(.text.cli_sendburst) referenced 2 times from app_cli.o(.data.commands)
 <LI><a href="#[4]">cli_setdevid</a> from app_cli.o(.text.cli_setdevid) referenced 2 times from app_cli.o(.data.commands)
 <LI><a href="#[6]">cli_setfreq</a> from app_cli.o(.text.cli_setfreq) referenced 2 times from app_cli.o(.data.commands)
 <LI><a href="#[e]">cli_setmodparams</a> from app_cli.o(.text.cli_setmodparams) referenced 2 times from app_cli.o(.data.commands)
 <LI><a href="#[1e]">cli_setopmode</a> from app_cli.o(.text.cli_setopmode) referenced 2 times from app_cli.o(.data.commands)
 <LI><a href="#[10]">cli_setpacketparams</a> from app_cli.o(.text.cli_setpacketparams) referenced 2 times from app_cli.o(.data.commands)
 <LI><a href="#[8]">cli_setpower</a> from app_cli.o(.text.cli_setpower) referenced 2 times from app_cli.o(.data.commands)
 <LI><a href="#[a]">cli_setxotrim</a> from app_cli.o(.text.cli_setxotrim) referenced 2 times from app_cli.o(.data.commands)
 <LI><a href="#[12]">cli_stopburst</a> from app_cli.o(.text.cli_stopburst) referenced 2 times from app_cli.o(.data.commands)
 <LI><a href="#[1b]">cli_storeconfig</a> from app_cli.o(.text.cli_storeconfig) referenced 2 times from app_cli.o(.data.commands)
 <LI><a href="#[20]">cli_sweeprx</a> from app_cli.o(.text.cli_sweeprx) referenced 2 times from app_cli.o(.data.commands)
 <LI><a href="#[1f]">cli_sweeptx</a> from app_cli.o(.text.cli_sweeptx) referenced 2 times from app_cli.o(.data.commands)
 <LI><a href="#[13]">cli_txstream</a> from app_cli.o(.text.cli_txstream) referenced 2 times from app_cli.o(.data.commands)
 <LI><a href="#[18]">cli_writereg</a> from app_cli.o(.text.cli_writereg) referenced 2 times from app_cli.o(.data.commands)
 <LI><a href="#[59]">fputc</a> from retarget.o(.text.fputc) referenced from printfa.o(i.__0printf)
 <LI><a href="#[58]">gpio_init</a> from tremo_gpio.o(.text.gpio_init) referenced from gpio.o(.text.mygpio_init)
 <LI><a href="#[53]">lorac_transfer</a> from lorac.o(.text.lorac_transfer) referenced from sx126x_interface.o(.text.SX126X_writeRegs)
 <LI><a href="#[50]">main</a> from main.o(.text.main) referenced from entry9a.o(.ARM.Collect$$$$0000000B)
 <LI><a href="#[54]">puts</a> from puts.o(i.puts) referenced from app_cli.o(.text.cli_getpacketparams)
 <LI><a href="#[57]">rcc_enable_peripheral_clk</a> from tremo_rcc.o(.text.rcc_enable_peripheral_clk) referenced from gpio.o(.text.mygpio_init)
</UL>
<P>
<H3>
Global Symbols
</H3>
<P><STRONG><a name="[52]"></a>__main</STRONG> (Thumb, 0 bytes, Stack size unknown bytes, entry.o(.ARM.Collect$$$$00000000))
<BR>[Address Reference Count : 1]<UL><LI> startup_tremo.o(.text)
</UL>
<P><STRONG><a name="[12e]"></a>_main_stk</STRONG> (Thumb, 0 bytes, Stack size unknown bytes, entry2.o(.ARM.Collect$$$$00000001))

<P><STRONG><a name="[5a]"></a>_main_scatterload</STRONG> (Thumb, 0 bytes, Stack size unknown bytes, entry5.o(.ARM.Collect$$$$00000004))
<BR><BR>[Calls]<UL><LI><a href="#[5b]">&gt;&gt;</a>&nbsp;&nbsp;&nbsp;__scatterload
</UL>

<P><STRONG><a name="[74]"></a>__main_after_scatterload</STRONG> (Thumb, 0 bytes, Stack size unknown bytes, entry5.o(.ARM.Collect$$$$00000004))
<BR><BR>[Called By]<UL><LI><a href="#[5b]">&gt;&gt;</a>&nbsp;&nbsp;&nbsp;__scatterload
</UL>

<P><STRONG><a name="[12f]"></a>_main_clock</STRONG> (Thumb, 0 bytes, Stack size unknown bytes, entry7b.o(.ARM.Collect$$$$00000008))

<P><STRONG><a name="[130]"></a>_main_cpp_init</STRONG> (Thumb, 0 bytes, Stack size unknown bytes, entry8b.o(.ARM.Collect$$$$0000000A))

<P><STRONG><a name="[131]"></a>_main_init</STRONG> (Thumb, 0 bytes, Stack size unknown bytes, entry9a.o(.ARM.Collect$$$$0000000B))

<P><STRONG><a name="[132]"></a>__rt_final_cpp</STRONG> (Thumb, 0 bytes, Stack size unknown bytes, entry10a.o(.ARM.Collect$$$$0000000D))

<P><STRONG><a name="[133]"></a>__rt_final_exit</STRONG> (Thumb, 0 bytes, Stack size unknown bytes, entry11a.o(.ARM.Collect$$$$0000000F))

<P><STRONG><a name="[21]"></a>Reset_Handler</STRONG> (Thumb, 8 bytes, Stack size 0 bytes, startup_tremo.o(.text))
<BR>[Address Reference Count : 1]<UL><LI> startup_tremo.o(RESET)
</UL>
<P><STRONG><a name="[28]"></a>DebugMon_Handler</STRONG> (Thumb, 2 bytes, Stack size 0 bytes, startup_tremo.o(.text))
<BR><BR>[Calls]<UL><LI><a href="#[28]">&gt;&gt;</a>&nbsp;&nbsp;&nbsp;DebugMon_Handler
</UL>
<BR>[Called By]<UL><LI><a href="#[28]">&gt;&gt;</a>&nbsp;&nbsp;&nbsp;DebugMon_Handler
</UL>
<BR>[Address Reference Count : 1]<UL><LI> startup_tremo.o(RESET)
</UL>
<P><STRONG><a name="[3c]"></a>AFEC_IRQHandler</STRONG> (Thumb, 0 bytes, Stack size 0 bytes, startup_tremo.o(.text))
<BR><BR>[Calls]<UL><LI><a href="#[3c]">&gt;&gt;</a>&nbsp;&nbsp;&nbsp;AFEC_IRQHandler
</UL>
<BR>[Called By]<UL><LI><a href="#[3c]">&gt;&gt;</a>&nbsp;&nbsp;&nbsp;AFEC_IRQHandler
</UL>
<BR>[Address Reference Count : 1]<UL><LI> startup_tremo.o(RESET)
</UL>
<P><STRONG><a name="[46]"></a>BSTIMER0_IRQHandler</STRONG> (Thumb, 0 bytes, Stack size 0 bytes, startup_tremo.o(.text))
<BR>[Address Reference Count : 1]<UL><LI> startup_tremo.o(RESET)
</UL>
<P><STRONG><a name="[47]"></a>BSTIMER1_IRQHandler</STRONG> (Thumb, 0 bytes, Stack size 0 bytes, startup_tremo.o(.text))
<BR>[Address Reference Count : 1]<UL><LI> startup_tremo.o(RESET)
</UL>
<P><STRONG><a name="[3f]"></a>DAC_IRQHandler</STRONG> (Thumb, 0 bytes, Stack size 0 bytes, startup_tremo.o(.text))
<BR>[Address Reference Count : 1]<UL><LI> startup_tremo.o(RESET)
</UL>
<P><STRONG><a name="[4a]"></a>DMA0_IRQHandler</STRONG> (Thumb, 0 bytes, Stack size 0 bytes, startup_tremo.o(.text))
<BR>[Address Reference Count : 1]<UL><LI> startup_tremo.o(RESET)
</UL>
<P><STRONG><a name="[134]"></a>DMA1IRQHandler</STRONG> (Thumb, 0 bytes, Stack size 0 bytes, startup_tremo.o(.text), UNUSED)

<P><STRONG><a name="[3e]"></a>DMA1_IRQHandler</STRONG> (Thumb, 0 bytes, Stack size 0 bytes, startup_tremo.o(.text))
<BR>[Address Reference Count : 1]<UL><LI> startup_tremo.o(RESET)
</UL>
<P><STRONG><a name="[2e]"></a>EFC_IRQHandler</STRONG> (Thumb, 0 bytes, Stack size 0 bytes, startup_tremo.o(.text))
<BR>[Address Reference Count : 1]<UL><LI> startup_tremo.o(RESET)
</UL>
<P><STRONG><a name="[41]"></a>GPIO_IRQHandler</STRONG> (Thumb, 0 bytes, Stack size 0 bytes, startup_tremo.o(.text))
<BR>[Address Reference Count : 1]<UL><LI> startup_tremo.o(RESET)
</UL>
<P><STRONG><a name="[38]"></a>I2C0_IRQHandler</STRONG> (Thumb, 0 bytes, Stack size 0 bytes, startup_tremo.o(.text))
<BR>[Address Reference Count : 1]<UL><LI> startup_tremo.o(RESET)
</UL>
<P><STRONG><a name="[39]"></a>I2C1_IRQHandler</STRONG> (Thumb, 0 bytes, Stack size 0 bytes, startup_tremo.o(.text))
<BR>[Address Reference Count : 1]<UL><LI> startup_tremo.o(RESET)
</UL>
<P><STRONG><a name="[30]"></a>I2C2_IRQHandler</STRONG> (Thumb, 0 bytes, Stack size 0 bytes, startup_tremo.o(.text))
<BR>[Address Reference Count : 1]<UL><LI> startup_tremo.o(RESET)
</UL>
<P><STRONG><a name="[4b]"></a>I2S_IRQHandler</STRONG> (Thumb, 0 bytes, Stack size 0 bytes, startup_tremo.o(.text))
<BR>[Address Reference Count : 1]<UL><LI> startup_tremo.o(RESET)
</UL>
<P><STRONG><a name="[4f]"></a>IWDG_IRQHandler</STRONG> (Thumb, 0 bytes, Stack size 0 bytes, startup_tremo.o(.text))
<BR>[Address Reference Count : 1]<UL><LI> startup_tremo.o(RESET)
</UL>
<P><STRONG><a name="[4c]"></a>LCD_IRQHandler</STRONG> (Thumb, 0 bytes, Stack size 0 bytes, startup_tremo.o(.text))
<BR>[Address Reference Count : 1]<UL><LI> startup_tremo.o(RESET)
</UL>
<P><STRONG><a name="[48]"></a>LPTIMER0_IRQHandler</STRONG> (Thumb, 0 bytes, Stack size 0 bytes, startup_tremo.o(.text))
<BR>[Address Reference Count : 1]<UL><LI> startup_tremo.o(RESET)
</UL>
<P><STRONG><a name="[4e]"></a>LPTIMER1_IRQHandler</STRONG> (Thumb, 0 bytes, Stack size 0 bytes, startup_tremo.o(.text))
<BR>[Address Reference Count : 1]<UL><LI> startup_tremo.o(RESET)
</UL>
<P><STRONG><a name="[34]"></a>LPUART_IRQHandler</STRONG> (Thumb, 0 bytes, Stack size 0 bytes, startup_tremo.o(.text))
<BR>[Address Reference Count : 1]<UL><LI> startup_tremo.o(RESET)
</UL>
<P><STRONG><a name="[37]"></a>QSPI_IRQHandler</STRONG> (Thumb, 0 bytes, Stack size 0 bytes, startup_tremo.o(.text))
<BR>[Address Reference Count : 1]<UL><LI> startup_tremo.o(RESET)
</UL>
<P><STRONG><a name="[2c]"></a>RTC_IRQHandler</STRONG> (Thumb, 0 bytes, Stack size 0 bytes, startup_tremo.o(.text))
<BR>[Address Reference Count : 1]<UL><LI> startup_tremo.o(RESET)
</UL>
<P><STRONG><a name="[49]"></a>SAC_IRQHandler</STRONG> (Thumb, 0 bytes, Stack size 0 bytes, startup_tremo.o(.text))
<BR>[Address Reference Count : 1]<UL><LI> startup_tremo.o(RESET)
</UL>
<P><STRONG><a name="[3a]"></a>SCC_IRQHandler</STRONG> (Thumb, 0 bytes, Stack size 0 bytes, startup_tremo.o(.text))
<BR>[Address Reference Count : 1]<UL><LI> startup_tremo.o(RESET)
</UL>
<P><STRONG><a name="[2b]"></a>SEC_IRQHandler</STRONG> (Thumb, 0 bytes, Stack size 0 bytes, startup_tremo.o(.text))
<BR>[Address Reference Count : 1]<UL><LI> startup_tremo.o(RESET)
</UL>
<P><STRONG><a name="[35]"></a>SSP0_IRQHandler</STRONG> (Thumb, 0 bytes, Stack size 0 bytes, startup_tremo.o(.text))
<BR>[Address Reference Count : 1]<UL><LI> startup_tremo.o(RESET)
</UL>
<P><STRONG><a name="[36]"></a>SSP1_IRQHandler</STRONG> (Thumb, 0 bytes, Stack size 0 bytes, startup_tremo.o(.text))
<BR>[Address Reference Count : 1]<UL><LI> startup_tremo.o(RESET)
</UL>
<P><STRONG><a name="[3d]"></a>SSP2_IRQHandler</STRONG> (Thumb, 0 bytes, Stack size 0 bytes, startup_tremo.o(.text))
<BR>[Address Reference Count : 1]<UL><LI> startup_tremo.o(RESET)
</UL>
<P><STRONG><a name="[43]"></a>TIMER1_IRQHandler</STRONG> (Thumb, 0 bytes, Stack size 0 bytes, startup_tremo.o(.text))
<BR>[Address Reference Count : 1]<UL><LI> startup_tremo.o(RESET)
</UL>
<P><STRONG><a name="[44]"></a>TIMER2_IRQHandler</STRONG> (Thumb, 0 bytes, Stack size 0 bytes, startup_tremo.o(.text))
<BR>[Address Reference Count : 1]<UL><LI> startup_tremo.o(RESET)
</UL>
<P><STRONG><a name="[45]"></a>TIMER3_IRQHandler</STRONG> (Thumb, 0 bytes, Stack size 0 bytes, startup_tremo.o(.text))
<BR>[Address Reference Count : 1]<UL><LI> startup_tremo.o(RESET)
</UL>
<P><STRONG><a name="[33]"></a>UART2_IRQHandler</STRONG> (Thumb, 0 bytes, Stack size 0 bytes, startup_tremo.o(.text))
<BR>[Address Reference Count : 1]<UL><LI> startup_tremo.o(RESET)
</UL>
<P><STRONG><a name="[2f]"></a>UART3_IRQHandler</STRONG> (Thumb, 0 bytes, Stack size 0 bytes, startup_tremo.o(.text))
<BR>[Address Reference Count : 1]<UL><LI> startup_tremo.o(RESET)
</UL>
<P><STRONG><a name="[2d]"></a>WDG_IRQHandler</STRONG> (Thumb, 0 bytes, Stack size 0 bytes, startup_tremo.o(.text))
<BR>[Address Reference Count : 1]<UL><LI> startup_tremo.o(RESET)
</UL>
<P><STRONG><a name="[135]"></a>___aeabi_memcpy8$move</STRONG> (Thumb, 0 bytes, Stack size 8 bytes, memmovea.o(.text), UNUSED)

<P><STRONG><a name="[cf]"></a>__aeabi_memcpy</STRONG> (Thumb, 64 bytes, Stack size 8 bytes, memmovea.o(.text))
<BR><BR>[Stack]<UL><LI>Max Depth = 8<LI>Call Chain = __aeabi_memcpy
</UL>
<BR>[Called By]<UL><LI><a href="#[ce]">&gt;&gt;</a>&nbsp;&nbsp;&nbsp;ciProcessInput
<LI><a href="#[111]">&gt;&gt;</a>&nbsp;&nbsp;&nbsp;prepareTxPacket
</UL>

<P><STRONG><a name="[11a]"></a>__aeabi_memcpy4</STRONG> (Thumb, 0 bytes, Stack size 8 bytes, memmovea.o(.text))
<BR><BR>[Stack]<UL><LI>Max Depth = 8<LI>Call Chain = __aeabi_memcpy4
</UL>
<BR>[Called By]<UL><LI><a href="#[102]">&gt;&gt;</a>&nbsp;&nbsp;&nbsp;readconfig
<LI><a href="#[e3]">&gt;&gt;</a>&nbsp;&nbsp;&nbsp;writeconfig
</UL>

<P><STRONG><a name="[d3]"></a>__aeabi_memmove</STRONG> (Thumb, 0 bytes, Stack size 8 bytes, memmovea.o(.text))
<BR><BR>[Stack]<UL><LI>Max Depth = 8<LI>Call Chain = __aeabi_memmove
</UL>
<BR>[Called By]<UL><LI><a href="#[ce]">&gt;&gt;</a>&nbsp;&nbsp;&nbsp;ciProcessInput
</UL>

<P><STRONG><a name="[136]"></a>__aeabi_memmove4</STRONG> (Thumb, 0 bytes, Stack size 8 bytes, memmovea.o(.text), UNUSED)

<P><STRONG><a name="[137]"></a>__aeabi_memmove8</STRONG> (Thumb, 0 bytes, Stack size 8 bytes, memmovea.o(.text), UNUSED)

<P><STRONG><a name="[d1]"></a>strchr</STRONG> (Thumb, 20 bytes, Stack size 0 bytes, strchr.o(.text))
<BR><BR>[Called By]<UL><LI><a href="#[ce]">&gt;&gt;</a>&nbsp;&nbsp;&nbsp;ciProcessInput
</UL>

<P><STRONG><a name="[cd]"></a>strlen</STRONG> (Thumb, 14 bytes, Stack size 0 bytes, strlen.o(.text))
<BR><BR>[Called By]<UL><LI><a href="#[ce]">&gt;&gt;</a>&nbsp;&nbsp;&nbsp;ciProcessInput
<LI><a href="#[cc]">&gt;&gt;</a>&nbsp;&nbsp;&nbsp;ciPrintHelp
<LI><a href="#[d2]">&gt;&gt;</a>&nbsp;&nbsp;&nbsp;validateInteger
</UL>

<P><STRONG><a name="[11b]"></a>strspn</STRONG> (Thumb, 28 bytes, Stack size 12 bytes, strspn.o(.text))
<BR><BR>[Stack]<UL><LI>Max Depth = 12<LI>Call Chain = strspn
</UL>
<BR>[Called By]<UL><LI><a href="#[d0]">&gt;&gt;</a>&nbsp;&nbsp;&nbsp;strtok_r
</UL>

<P><STRONG><a name="[11c]"></a>strcspn</STRONG> (Thumb, 34 bytes, Stack size 12 bytes, strcspn.o(.text))
<BR><BR>[Stack]<UL><LI>Max Depth = 12<LI>Call Chain = strcspn
</UL>
<BR>[Called By]<UL><LI><a href="#[d0]">&gt;&gt;</a>&nbsp;&nbsp;&nbsp;strtok_r
</UL>

<P><STRONG><a name="[5c]"></a>strcasecmp</STRONG> (Thumb, 42 bytes, Stack size 24 bytes, strcasecmp.o(.text))
<BR><BR>[Stack]<UL><LI>Max Depth = 24<LI>Call Chain = strcasecmp
</UL>
<BR>[Calls]<UL><LI><a href="#[5d]">&gt;&gt;</a>&nbsp;&nbsp;&nbsp;tolower
</UL>
<BR>[Called By]<UL><LI><a href="#[ce]">&gt;&gt;</a>&nbsp;&nbsp;&nbsp;ciProcessInput
</UL>

<P><STRONG><a name="[5e]"></a>strtol</STRONG> (Thumb, 112 bytes, Stack size 32 bytes, strtol.o(.text))
<BR><BR>[Stack]<UL><LI>Max Depth = 72<LI>Call Chain = strtol &rArr; _strtoul
</UL>
<BR>[Calls]<UL><LI><a href="#[5f]">&gt;&gt;</a>&nbsp;&nbsp;&nbsp;__rt_ctype_table
<LI><a href="#[61]">&gt;&gt;</a>&nbsp;&nbsp;&nbsp;__aeabi_errno_addr
<LI><a href="#[60]">&gt;&gt;</a>&nbsp;&nbsp;&nbsp;_strtoul
</UL>
<BR>[Called By]<UL><LI><a href="#[cb]">&gt;&gt;</a>&nbsp;&nbsp;&nbsp;ciGetSigned
<LI><a href="#[d2]">&gt;&gt;</a>&nbsp;&nbsp;&nbsp;validateInteger
</UL>

<P><STRONG><a name="[62]"></a>strtoul</STRONG> (Thumb, 114 bytes, Stack size 40 bytes, strtoul.o(.text))
<BR><BR>[Stack]<UL><LI>Max Depth = 80<LI>Call Chain = strtoul &rArr; _strtoul
</UL>
<BR>[Calls]<UL><LI><a href="#[5f]">&gt;&gt;</a>&nbsp;&nbsp;&nbsp;__rt_ctype_table
<LI><a href="#[61]">&gt;&gt;</a>&nbsp;&nbsp;&nbsp;__aeabi_errno_addr
<LI><a href="#[60]">&gt;&gt;</a>&nbsp;&nbsp;&nbsp;_strtoul
</UL>
<BR>[Called By]<UL><LI><a href="#[55]">&gt;&gt;</a>&nbsp;&nbsp;&nbsp;ciGetUnsigned
<LI><a href="#[d2]">&gt;&gt;</a>&nbsp;&nbsp;&nbsp;validateInteger
</UL>

<P><STRONG><a name="[63]"></a>__aeabi_dadd</STRONG> (Thumb, 322 bytes, Stack size 48 bytes, dadd.o(.text))
<BR><BR>[Stack]<UL><LI>Max Depth = 88<LI>Call Chain = __aeabi_dadd &rArr; _double_epilogue &rArr; _double_round
</UL>
<BR>[Calls]<UL><LI><a href="#[65]">&gt;&gt;</a>&nbsp;&nbsp;&nbsp;__aeabi_lasr
<LI><a href="#[64]">&gt;&gt;</a>&nbsp;&nbsp;&nbsp;__aeabi_llsl
<LI><a href="#[67]">&gt;&gt;</a>&nbsp;&nbsp;&nbsp;_double_round
<LI><a href="#[66]">&gt;&gt;</a>&nbsp;&nbsp;&nbsp;_double_epilogue
</UL>
<BR>[Called By]<UL><LI><a href="#[c3]">&gt;&gt;</a>&nbsp;&nbsp;&nbsp;adc_get_calibration_value
<LI><a href="#[68]">&gt;&gt;</a>&nbsp;&nbsp;&nbsp;__aeabi_dsub
<LI><a href="#[69]">&gt;&gt;</a>&nbsp;&nbsp;&nbsp;__aeabi_drsub
<LI><a href="#[129]">&gt;&gt;</a>&nbsp;&nbsp;&nbsp;_fp_digits
</UL>

<P><STRONG><a name="[68]"></a>__aeabi_dsub</STRONG> (Thumb, 6 bytes, Stack size 0 bytes, dadd.o(.text))
<BR><BR>[Stack]<UL><LI>Max Depth = 88<LI>Call Chain = __aeabi_dsub &rArr; __aeabi_dadd &rArr; _double_epilogue &rArr; _double_round
</UL>
<BR>[Calls]<UL><LI><a href="#[63]">&gt;&gt;</a>&nbsp;&nbsp;&nbsp;__aeabi_dadd
</UL>
<BR>[Called By]<UL><LI><a href="#[3b]">&gt;&gt;</a>&nbsp;&nbsp;&nbsp;ADC_IRQHandler
</UL>

<P><STRONG><a name="[69]"></a>__aeabi_drsub</STRONG> (Thumb, 6 bytes, Stack size 0 bytes, dadd.o(.text), UNUSED)
<BR><BR>[Calls]<UL><LI><a href="#[63]">&gt;&gt;</a>&nbsp;&nbsp;&nbsp;__aeabi_dadd
</UL>

<P><STRONG><a name="[6a]"></a>__aeabi_dmul</STRONG> (Thumb, 228 bytes, Stack size 48 bytes, dmul.o(.text))
<BR><BR>[Stack]<UL><LI>Max Depth = 88<LI>Call Chain = __aeabi_dmul &rArr; _double_epilogue &rArr; _double_round
</UL>
<BR>[Calls]<UL><LI><a href="#[66]">&gt;&gt;</a>&nbsp;&nbsp;&nbsp;_double_epilogue
</UL>
<BR>[Called By]<UL><LI><a href="#[c3]">&gt;&gt;</a>&nbsp;&nbsp;&nbsp;adc_get_calibration_value
<LI><a href="#[3b]">&gt;&gt;</a>&nbsp;&nbsp;&nbsp;ADC_IRQHandler
<LI><a href="#[129]">&gt;&gt;</a>&nbsp;&nbsp;&nbsp;_fp_digits
</UL>

<P><STRONG><a name="[6b]"></a>__aeabi_ddiv</STRONG> (Thumb, 222 bytes, Stack size 32 bytes, ddiv.o(.text))
<BR><BR>[Stack]<UL><LI>Max Depth = 40<LI>Call Chain = __aeabi_ddiv &rArr; _double_round
</UL>
<BR>[Calls]<UL><LI><a href="#[67]">&gt;&gt;</a>&nbsp;&nbsp;&nbsp;_double_round
</UL>
<BR>[Called By]<UL><LI><a href="#[e1]">&gt;&gt;</a>&nbsp;&nbsp;&nbsp;radio_init
<LI><a href="#[80]">&gt;&gt;</a>&nbsp;&nbsp;&nbsp;radio_set_freq
<LI><a href="#[3b]">&gt;&gt;</a>&nbsp;&nbsp;&nbsp;ADC_IRQHandler
<LI><a href="#[129]">&gt;&gt;</a>&nbsp;&nbsp;&nbsp;_fp_digits
</UL>

<P><STRONG><a name="[6c]"></a>__aeabi_ui2d</STRONG> (Thumb, 26 bytes, Stack size 16 bytes, dfltui.o(.text))
<BR><BR>[Stack]<UL><LI>Max Depth = 56<LI>Call Chain = __aeabi_ui2d &rArr; _double_epilogue &rArr; _double_round
</UL>
<BR>[Calls]<UL><LI><a href="#[66]">&gt;&gt;</a>&nbsp;&nbsp;&nbsp;_double_epilogue
</UL>
<BR>[Called By]<UL><LI><a href="#[c3]">&gt;&gt;</a>&nbsp;&nbsp;&nbsp;adc_get_calibration_value
<LI><a href="#[e1]">&gt;&gt;</a>&nbsp;&nbsp;&nbsp;radio_init
<LI><a href="#[80]">&gt;&gt;</a>&nbsp;&nbsp;&nbsp;radio_set_freq
<LI><a href="#[3b]">&gt;&gt;</a>&nbsp;&nbsp;&nbsp;ADC_IRQHandler
</UL>

<P><STRONG><a name="[6d]"></a>__aeabi_d2uiz</STRONG> (Thumb, 50 bytes, Stack size 8 bytes, dfixui.o(.text))
<BR><BR>[Stack]<UL><LI>Max Depth = 8<LI>Call Chain = __aeabi_d2uiz
</UL>
<BR>[Calls]<UL><LI><a href="#[6e]">&gt;&gt;</a>&nbsp;&nbsp;&nbsp;__aeabi_llsr
</UL>
<BR>[Called By]<UL><LI><a href="#[e1]">&gt;&gt;</a>&nbsp;&nbsp;&nbsp;radio_init
<LI><a href="#[80]">&gt;&gt;</a>&nbsp;&nbsp;&nbsp;radio_set_freq
</UL>

<P><STRONG><a name="[78]"></a>__aeabi_f2d</STRONG> (Thumb, 38 bytes, Stack size 0 bytes, f2d.o(.text))
<BR><BR>[Called By]<UL><LI><a href="#[103]">&gt;&gt;</a>&nbsp;&nbsp;&nbsp;radio_proc
<LI><a href="#[b]">&gt;&gt;</a>&nbsp;&nbsp;&nbsp;cli_getRSSI
<LI><a href="#[112]">&gt;&gt;</a>&nbsp;&nbsp;&nbsp;print_meshtastic_packet
<LI><a href="#[3b]">&gt;&gt;</a>&nbsp;&nbsp;&nbsp;ADC_IRQHandler
</UL>

<P><STRONG><a name="[6f]"></a>__aeabi_d2f</STRONG> (Thumb, 56 bytes, Stack size 8 bytes, d2f.o(.text))
<BR><BR>[Stack]<UL><LI>Max Depth = 8<LI>Call Chain = __aeabi_d2f
</UL>
<BR>[Calls]<UL><LI><a href="#[70]">&gt;&gt;</a>&nbsp;&nbsp;&nbsp;_float_round
</UL>
<BR>[Called By]<UL><LI><a href="#[c3]">&gt;&gt;</a>&nbsp;&nbsp;&nbsp;adc_get_calibration_value
<LI><a href="#[3b]">&gt;&gt;</a>&nbsp;&nbsp;&nbsp;ADC_IRQHandler
</UL>

<P><STRONG><a name="[138]"></a>__aeabi_uidiv</STRONG> (Thumb, 0 bytes, Stack size 12 bytes, uidiv.o(.text), UNUSED)

<P><STRONG><a name="[12d]"></a>__aeabi_uidivmod</STRONG> (Thumb, 44 bytes, Stack size 12 bytes, uidiv.o(.text), UNUSED)
<BR><BR>[Called By]<UL><LI><a href="#[128]">&gt;&gt;</a>&nbsp;&nbsp;&nbsp;_printf_core
</UL>

<P><STRONG><a name="[71]"></a>__aeabi_uldivmod</STRONG> (Thumb, 98 bytes, Stack size 40 bytes, uldiv.o(.text), UNUSED)
<BR><BR>[Calls]<UL><LI><a href="#[6e]">&gt;&gt;</a>&nbsp;&nbsp;&nbsp;__aeabi_llsr
<LI><a href="#[64]">&gt;&gt;</a>&nbsp;&nbsp;&nbsp;__aeabi_llsl
</UL>
<BR>[Called By]<UL><LI><a href="#[128]">&gt;&gt;</a>&nbsp;&nbsp;&nbsp;_printf_core
<LI><a href="#[129]">&gt;&gt;</a>&nbsp;&nbsp;&nbsp;_fp_digits
</UL>

<P><STRONG><a name="[64]"></a>__aeabi_llsl</STRONG> (Thumb, 30 bytes, Stack size 0 bytes, llshl.o(.text))
<BR><BR>[Called By]<UL><LI><a href="#[63]">&gt;&gt;</a>&nbsp;&nbsp;&nbsp;__aeabi_dadd
<LI><a href="#[71]">&gt;&gt;</a>&nbsp;&nbsp;&nbsp;__aeabi_uldivmod
<LI><a href="#[66]">&gt;&gt;</a>&nbsp;&nbsp;&nbsp;_double_epilogue
<LI><a href="#[73]">&gt;&gt;</a>&nbsp;&nbsp;&nbsp;__aeabi_d2ulz
</UL>

<P><STRONG><a name="[139]"></a>_ll_shift_l</STRONG> (Thumb, 0 bytes, Stack size 0 bytes, llshl.o(.text), UNUSED)

<P><STRONG><a name="[6e]"></a>__aeabi_llsr</STRONG> (Thumb, 32 bytes, Stack size 0 bytes, llushr.o(.text))
<BR><BR>[Called By]<UL><LI><a href="#[6d]">&gt;&gt;</a>&nbsp;&nbsp;&nbsp;__aeabi_d2uiz
<LI><a href="#[71]">&gt;&gt;</a>&nbsp;&nbsp;&nbsp;__aeabi_uldivmod
<LI><a href="#[66]">&gt;&gt;</a>&nbsp;&nbsp;&nbsp;_double_epilogue
<LI><a href="#[73]">&gt;&gt;</a>&nbsp;&nbsp;&nbsp;__aeabi_d2ulz
</UL>

<P><STRONG><a name="[13a]"></a>_ll_ushift_r</STRONG> (Thumb, 0 bytes, Stack size 0 bytes, llushr.o(.text), UNUSED)

<P><STRONG><a name="[65]"></a>__aeabi_lasr</STRONG> (Thumb, 36 bytes, Stack size 0 bytes, llsshr.o(.text))
<BR><BR>[Called By]<UL><LI><a href="#[63]">&gt;&gt;</a>&nbsp;&nbsp;&nbsp;__aeabi_dadd
</UL>

<P><STRONG><a name="[13b]"></a>_ll_sshift_r</STRONG> (Thumb, 0 bytes, Stack size 0 bytes, llsshr.o(.text), UNUSED)

<P><STRONG><a name="[5f]"></a>__rt_ctype_table</STRONG> (Thumb, 4 bytes, Stack size 0 bytes, ctype_o.o(.text))
<BR><BR>[Called By]<UL><LI><a href="#[62]">&gt;&gt;</a>&nbsp;&nbsp;&nbsp;strtoul
<LI><a href="#[5e]">&gt;&gt;</a>&nbsp;&nbsp;&nbsp;strtol
</UL>

<P><STRONG><a name="[5d]"></a>tolower</STRONG> (Thumb, 12 bytes, Stack size 0 bytes, tolower.o(.text))
<BR><BR>[Called By]<UL><LI><a href="#[5c]">&gt;&gt;</a>&nbsp;&nbsp;&nbsp;strcasecmp
</UL>

<P><STRONG><a name="[60]"></a>_strtoul</STRONG> (Thumb, 158 bytes, Stack size 40 bytes, _strtoul.o(.text))
<BR><BR>[Stack]<UL><LI>Max Depth = 40<LI>Call Chain = _strtoul
</UL>
<BR>[Calls]<UL><LI><a href="#[61]">&gt;&gt;</a>&nbsp;&nbsp;&nbsp;__aeabi_errno_addr
<LI><a href="#[72]">&gt;&gt;</a>&nbsp;&nbsp;&nbsp;_chval
</UL>
<BR>[Called By]<UL><LI><a href="#[62]">&gt;&gt;</a>&nbsp;&nbsp;&nbsp;strtoul
<LI><a href="#[5e]">&gt;&gt;</a>&nbsp;&nbsp;&nbsp;strtol
</UL>

<P><STRONG><a name="[13c]"></a>__I$use$fp</STRONG> (Thumb, 0 bytes, Stack size 0 bytes, iusefp.o(.text), UNUSED)

<P><STRONG><a name="[70]"></a>_float_round</STRONG> (Thumb, 18 bytes, Stack size 0 bytes, fepilogue.o(.text))
<BR><BR>[Called By]<UL><LI><a href="#[6f]">&gt;&gt;</a>&nbsp;&nbsp;&nbsp;__aeabi_d2f
</UL>

<P><STRONG><a name="[13d]"></a>_float_epilogue</STRONG> (Thumb, 92 bytes, Stack size 4 bytes, fepilogue.o(.text), UNUSED)

<P><STRONG><a name="[67]"></a>_double_round</STRONG> (Thumb, 30 bytes, Stack size 8 bytes, depilogue.o(.text))
<BR><BR>[Stack]<UL><LI>Max Depth = 8<LI>Call Chain = _double_round
</UL>
<BR>[Called By]<UL><LI><a href="#[63]">&gt;&gt;</a>&nbsp;&nbsp;&nbsp;__aeabi_dadd
<LI><a href="#[6b]">&gt;&gt;</a>&nbsp;&nbsp;&nbsp;__aeabi_ddiv
<LI><a href="#[66]">&gt;&gt;</a>&nbsp;&nbsp;&nbsp;_double_epilogue
</UL>

<P><STRONG><a name="[66]"></a>_double_epilogue</STRONG> (Thumb, 156 bytes, Stack size 32 bytes, depilogue.o(.text))
<BR><BR>[Stack]<UL><LI>Max Depth = 40<LI>Call Chain = _double_epilogue &rArr; _double_round
</UL>
<BR>[Calls]<UL><LI><a href="#[6e]">&gt;&gt;</a>&nbsp;&nbsp;&nbsp;__aeabi_llsr
<LI><a href="#[64]">&gt;&gt;</a>&nbsp;&nbsp;&nbsp;__aeabi_llsl
<LI><a href="#[67]">&gt;&gt;</a>&nbsp;&nbsp;&nbsp;_double_round
</UL>
<BR>[Called By]<UL><LI><a href="#[63]">&gt;&gt;</a>&nbsp;&nbsp;&nbsp;__aeabi_dadd
<LI><a href="#[6a]">&gt;&gt;</a>&nbsp;&nbsp;&nbsp;__aeabi_dmul
<LI><a href="#[6c]">&gt;&gt;</a>&nbsp;&nbsp;&nbsp;__aeabi_ui2d
</UL>

<P><STRONG><a name="[73]"></a>__aeabi_d2ulz</STRONG> (Thumb, 48 bytes, Stack size 0 bytes, dfixul.o(.text), UNUSED)
<BR><BR>[Calls]<UL><LI><a href="#[6e]">&gt;&gt;</a>&nbsp;&nbsp;&nbsp;__aeabi_llsr
<LI><a href="#[64]">&gt;&gt;</a>&nbsp;&nbsp;&nbsp;__aeabi_llsl
</UL>
<BR>[Called By]<UL><LI><a href="#[129]">&gt;&gt;</a>&nbsp;&nbsp;&nbsp;_fp_digits
</UL>

<P><STRONG><a name="[12a]"></a>__aeabi_cdrcmple</STRONG> (Thumb, 48 bytes, Stack size 0 bytes, cdrcmple.o(.text), UNUSED)
<BR><BR>[Called By]<UL><LI><a href="#[129]">&gt;&gt;</a>&nbsp;&nbsp;&nbsp;_fp_digits
</UL>

<P><STRONG><a name="[5b]"></a>__scatterload</STRONG> (Thumb, 38 bytes, Stack size 0 bytes, init.o(.text))
<BR><BR>[Calls]<UL><LI><a href="#[74]">&gt;&gt;</a>&nbsp;&nbsp;&nbsp;__main_after_scatterload
</UL>
<BR>[Called By]<UL><LI><a href="#[5a]">&gt;&gt;</a>&nbsp;&nbsp;&nbsp;_main_scatterload
</UL>

<P><STRONG><a name="[13e]"></a>__scatterload_rt2</STRONG> (Thumb, 0 bytes, Stack size 0 bytes, init.o(.text), UNUSED)

<P><STRONG><a name="[72]"></a>_chval</STRONG> (Thumb, 28 bytes, Stack size 0 bytes, _chval.o(.text))
<BR><BR>[Called By]<UL><LI><a href="#[60]">&gt;&gt;</a>&nbsp;&nbsp;&nbsp;_strtoul
</UL>

<P><STRONG><a name="[13f]"></a>__decompress</STRONG> (Thumb, 0 bytes, Stack size unknown bytes, __dczerorl2.o(.text), UNUSED)

<P><STRONG><a name="[140]"></a>__decompress1</STRONG> (Thumb, 86 bytes, Stack size unknown bytes, __dczerorl2.o(.text), UNUSED)

<P><STRONG><a name="[3b]"></a>ADC_IRQHandler</STRONG> (Thumb, 96 bytes, Stack size 24 bytes, adc.o(.text.ADC_IRQHandler))
<BR><BR>[Stack]<UL><LI>Max Depth = 112<LI>Call Chain = ADC_IRQHandler &rArr; __aeabi_dmul &rArr; _double_epilogue &rArr; _double_round
</UL>
<BR>[Calls]<UL><LI><a href="#[6f]">&gt;&gt;</a>&nbsp;&nbsp;&nbsp;__aeabi_d2f
<LI><a href="#[6a]">&gt;&gt;</a>&nbsp;&nbsp;&nbsp;__aeabi_dmul
<LI><a href="#[6c]">&gt;&gt;</a>&nbsp;&nbsp;&nbsp;__aeabi_ui2d
<LI><a href="#[77]">&gt;&gt;</a>&nbsp;&nbsp;&nbsp;adc_get_data
<LI><a href="#[76]">&gt;&gt;</a>&nbsp;&nbsp;&nbsp;adc_clear_interrupt_status
<LI><a href="#[75]">&gt;&gt;</a>&nbsp;&nbsp;&nbsp;adc_get_interrupt_status
<LI><a href="#[78]">&gt;&gt;</a>&nbsp;&nbsp;&nbsp;__aeabi_f2d
<LI><a href="#[6b]">&gt;&gt;</a>&nbsp;&nbsp;&nbsp;__aeabi_ddiv
<LI><a href="#[68]">&gt;&gt;</a>&nbsp;&nbsp;&nbsp;__aeabi_dsub
</UL>
<BR>[Address Reference Count : 1]<UL><LI> startup_tremo.o(RESET)
</UL>
<P><STRONG><a name="[25]"></a>BusFault_Handler</STRONG> (Thumb, 2 bytes, Stack size 0 bytes, tremo_it.o(.text.BusFault_Handler))
<BR><BR>[Calls]<UL><LI><a href="#[25]">&gt;&gt;</a>&nbsp;&nbsp;&nbsp;BusFault_Handler
</UL>
<BR>[Called By]<UL><LI><a href="#[25]">&gt;&gt;</a>&nbsp;&nbsp;&nbsp;BusFault_Handler
</UL>
<BR>[Address Reference Count : 1]<UL><LI> startup_tremo.o(RESET)
</UL>
<P><STRONG><a name="[23]"></a>HardFault_Handler</STRONG> (Thumb, 16 bytes, Stack size 0 bytes, tremo_it.o(.text.HardFault_Handler))
<BR><BR>[Stack]<UL><LI>Max Depth = 24<LI>Call Chain = HardFault_Handler &rArr; puts &rArr; fputc
</UL>
<BR>[Calls]<UL><LI><a href="#[7a]">&gt;&gt;</a>&nbsp;&nbsp;&nbsp;__NVIC_SystemReset
<LI><a href="#[79]">&gt;&gt;</a>&nbsp;&nbsp;&nbsp;delay_ms
<LI><a href="#[54]">&gt;&gt;</a>&nbsp;&nbsp;&nbsp;puts
</UL>
<BR>[Address Reference Count : 1]<UL><LI> startup_tremo.o(RESET)
</UL>
<P><STRONG><a name="[40]"></a>LORA_IRQHandler</STRONG> (Thumb, 4 bytes, Stack size 0 bytes, tremo_it.o(.text.LORA_IRQHandler))
<BR><BR>[Stack]<UL><LI>Max Depth = 48<LI>Call Chain = LORA_IRQHandler &rArr; SX126X_irq_proc &rArr; SX126X_ClearIrqStatus &rArr; SX126X_writeCmd
</UL>
<BR>[Calls]<UL><LI><a href="#[7b]">&gt;&gt;</a>&nbsp;&nbsp;&nbsp;SX126X_irq_proc
</UL>
<BR>[Address Reference Count : 1]<UL><LI> startup_tremo.o(RESET)
</UL>
<P><STRONG><a name="[24]"></a>MemManage_Handler</STRONG> (Thumb, 2 bytes, Stack size 0 bytes, tremo_it.o(.text.MemManage_Handler))
<BR><BR>[Calls]<UL><LI><a href="#[24]">&gt;&gt;</a>&nbsp;&nbsp;&nbsp;MemManage_Handler
</UL>
<BR>[Called By]<UL><LI><a href="#[24]">&gt;&gt;</a>&nbsp;&nbsp;&nbsp;MemManage_Handler
</UL>
<BR>[Address Reference Count : 1]<UL><LI> startup_tremo.o(RESET)
</UL>
<P><STRONG><a name="[22]"></a>NMI_Handler</STRONG> (Thumb, 2 bytes, Stack size 0 bytes, tremo_it.o(.text.NMI_Handler))
<BR>[Address Reference Count : 1]<UL><LI> startup_tremo.o(RESET)
</UL>
<P><STRONG><a name="[4d]"></a>PWR_IRQHandler</STRONG> (Thumb, 2 bytes, Stack size 0 bytes, tremo_it.o(.text.PWR_IRQHandler))
<BR>[Address Reference Count : 1]<UL><LI> startup_tremo.o(RESET)
</UL>
<P><STRONG><a name="[29]"></a>PendSV_Handler</STRONG> (Thumb, 2 bytes, Stack size 0 bytes, tremo_it.o(.text.PendSV_Handler))
<BR>[Address Reference Count : 1]<UL><LI> startup_tremo.o(RESET)
</UL>
<P><STRONG><a name="[8b]"></a>RETARGET_ReadChar</STRONG> (Thumb, 56 bytes, Stack size 8 bytes, retarget.o(.text.RETARGET_ReadChar))
<BR><BR>[Stack]<UL><LI>Max Depth = 64<LI>Call Chain = RETARGET_ReadChar &rArr; RETARGET_SerialInit &rArr; myuart_init &rArr; gpio_set_iomux
</UL>
<BR>[Calls]<UL><LI><a href="#[8c]">&gt;&gt;</a>&nbsp;&nbsp;&nbsp;RETARGET_SerialInit
</UL>
<BR>[Called By]<UL><LI><a href="#[e0]">&gt;&gt;</a>&nbsp;&nbsp;&nbsp;cli_proc
</UL>

<P><STRONG><a name="[8c]"></a>RETARGET_SerialInit</STRONG> (Thumb, 32 bytes, Stack size 8 bytes, retarget.o(.text.RETARGET_SerialInit))
<BR><BR>[Stack]<UL><LI>Max Depth = 56<LI>Call Chain = RETARGET_SerialInit &rArr; myuart_init &rArr; gpio_set_iomux
</UL>
<BR>[Calls]<UL><LI><a href="#[8d]">&gt;&gt;</a>&nbsp;&nbsp;&nbsp;myuart_init
</UL>
<BR>[Called By]<UL><LI><a href="#[f6]">&gt;&gt;</a>&nbsp;&nbsp;&nbsp;init_peripherals
<LI><a href="#[8b]">&gt;&gt;</a>&nbsp;&nbsp;&nbsp;RETARGET_ReadChar
</UL>

<P><STRONG><a name="[27]"></a>SVC_Handler</STRONG> (Thumb, 2 bytes, Stack size 0 bytes, tremo_it.o(.text.SVC_Handler))
<BR>[Address Reference Count : 1]<UL><LI> startup_tremo.o(RESET)
</UL>
<P><STRONG><a name="[8e]"></a>SX126X_CalibrateIR</STRONG> (Thumb, 44 bytes, Stack size 0 bytes, sx126x_proc.o(.text.SX126X_CalibrateIR))
<BR><BR>[Stack]<UL><LI>Max Depth = 40<LI>Call Chain = SX126X_CalibrateIR &rArr; SX126X_CalibrateImage &rArr; SX126X_writeCmd
</UL>
<BR>[Calls]<UL><LI><a href="#[8f]">&gt;&gt;</a>&nbsp;&nbsp;&nbsp;SX126X_CalibrateImage
</UL>
<BR>[Called By]<UL><LI><a href="#[e1]">&gt;&gt;</a>&nbsp;&nbsp;&nbsp;radio_init
</UL>

<P><STRONG><a name="[8f]"></a>SX126X_CalibrateImage</STRONG> (Thumb, 24 bytes, Stack size 16 bytes, sx126x.o(.text.SX126X_CalibrateImage))
<BR><BR>[Stack]<UL><LI>Max Depth = 40<LI>Call Chain = SX126X_CalibrateImage &rArr; SX126X_writeCmd
</UL>
<BR>[Calls]<UL><LI><a href="#[87]">&gt;&gt;</a>&nbsp;&nbsp;&nbsp;SX126X_writeCmd
</UL>
<BR>[Called By]<UL><LI><a href="#[8e]">&gt;&gt;</a>&nbsp;&nbsp;&nbsp;SX126X_CalibrateIR
</UL>

<P><STRONG><a name="[90]"></a>SX126X_ClearIrqStatus</STRONG> (Thumb, 22 bytes, Stack size 16 bytes, sx126x.o(.text.SX126X_ClearIrqStatus))
<BR><BR>[Stack]<UL><LI>Max Depth = 40<LI>Call Chain = SX126X_ClearIrqStatus &rArr; SX126X_writeCmd
</UL>
<BR>[Calls]<UL><LI><a href="#[87]">&gt;&gt;</a>&nbsp;&nbsp;&nbsp;SX126X_writeCmd
</UL>
<BR>[Called By]<UL><LI><a href="#[7b]">&gt;&gt;</a>&nbsp;&nbsp;&nbsp;SX126X_irq_proc
</UL>

<P><STRONG><a name="[91]"></a>SX126X_GetIrqStatus</STRONG> (Thumb, 24 bytes, Stack size 16 bytes, sx126x.o(.text.SX126X_GetIrqStatus))
<BR><BR>[Stack]<UL><LI>Max Depth = 40<LI>Call Chain = SX126X_GetIrqStatus &rArr; SX126X_readCmd
</UL>
<BR>[Calls]<UL><LI><a href="#[89]">&gt;&gt;</a>&nbsp;&nbsp;&nbsp;SX126X_readCmd
</UL>
<BR>[Called By]<UL><LI><a href="#[7b]">&gt;&gt;</a>&nbsp;&nbsp;&nbsp;SX126X_irq_proc
</UL>

<P><STRONG><a name="[92]"></a>SX126X_GetLoRaPacketStatus</STRONG> (Thumb, 24 bytes, Stack size 24 bytes, sx126x.o(.text.SX126X_GetLoRaPacketStatus))
<BR><BR>[Stack]<UL><LI>Max Depth = 48<LI>Call Chain = SX126X_GetLoRaPacketStatus &rArr; OUTLINED_FUNCTION_4 &rArr; SX126X_readCmd
</UL>
<BR>[Calls]<UL><LI><a href="#[93]">&gt;&gt;</a>&nbsp;&nbsp;&nbsp;OUTLINED_FUNCTION_1
<LI><a href="#[88]">&gt;&gt;</a>&nbsp;&nbsp;&nbsp;OUTLINED_FUNCTION_4
</UL>
<BR>[Called By]<UL><LI><a href="#[114]">&gt;&gt;</a>&nbsp;&nbsp;&nbsp;radio_getpktstatus
</UL>

<P><STRONG><a name="[94]"></a>SX126X_GetRssiInst</STRONG> (Thumb, 20 bytes, Stack size 16 bytes, sx126x.o(.text.SX126X_GetRssiInst))
<BR><BR>[Stack]<UL><LI>Max Depth = 40<LI>Call Chain = SX126X_GetRssiInst &rArr; SX126X_readCmd
</UL>
<BR>[Calls]<UL><LI><a href="#[89]">&gt;&gt;</a>&nbsp;&nbsp;&nbsp;SX126X_readCmd
</UL>
<BR>[Called By]<UL><LI><a href="#[d7]">&gt;&gt;</a>&nbsp;&nbsp;&nbsp;radio_getrssi
</UL>

<P><STRONG><a name="[95]"></a>SX126X_GetRxBufferStatus</STRONG> (Thumb, 40 bytes, Stack size 24 bytes, sx126x.o(.text.SX126X_GetRxBufferStatus))
<BR><BR>[Stack]<UL><LI>Max Depth = 48<LI>Call Chain = SX126X_GetRxBufferStatus &rArr; SX126X_readCmd
</UL>
<BR>[Calls]<UL><LI><a href="#[89]">&gt;&gt;</a>&nbsp;&nbsp;&nbsp;SX126X_readCmd
</UL>
<BR>[Called By]<UL><LI><a href="#[115]">&gt;&gt;</a>&nbsp;&nbsp;&nbsp;radio_getpacket
</UL>

<P><STRONG><a name="[96]"></a>SX126X_LNAboost</STRONG> (Thumb, 16 bytes, Stack size 0 bytes, sx126x_proc.o(.text.SX126X_LNAboost))
<BR><BR>[Stack]<UL><LI>Max Depth = 48<LI>Call Chain = SX126X_LNAboost &rArr; SX126X_writeReg &rArr; SX126X_writeRegs
</UL>
<BR>[Calls]<UL><LI><a href="#[7e]">&gt;&gt;</a>&nbsp;&nbsp;&nbsp;SX126X_writeReg
</UL>
<BR>[Called By]<UL><LI><a href="#[e1]">&gt;&gt;</a>&nbsp;&nbsp;&nbsp;radio_init
</UL>

<P><STRONG><a name="[97]"></a>SX126X_LoRaGetStats</STRONG> (Thumb, 20 bytes, Stack size 32 bytes, sx126x.o(.text.SX126X_LoRaGetStats))
<BR><BR>[Stack]<UL><LI>Max Depth = 56<LI>Call Chain = SX126X_LoRaGetStats &rArr; OUTLINED_FUNCTION_5 &rArr; SX126X_readCmd
</UL>
<BR>[Calls]<UL><LI><a href="#[98]">&gt;&gt;</a>&nbsp;&nbsp;&nbsp;OUTLINED_FUNCTION_0
<LI><a href="#[8a]">&gt;&gt;</a>&nbsp;&nbsp;&nbsp;OUTLINED_FUNCTION_5
</UL>
<BR>[Called By]<UL><LI><a href="#[da]">&gt;&gt;</a>&nbsp;&nbsp;&nbsp;radio_getstats
</UL>

<P><STRONG><a name="[99]"></a>SX126X_ResetStats</STRONG> (Thumb, 20 bytes, Stack size 16 bytes, sx126x.o(.text.SX126X_ResetStats))
<BR><BR>[Stack]<UL><LI>Max Depth = 40<LI>Call Chain = SX126X_ResetStats &rArr; SX126X_writeCmd
</UL>
<BR>[Calls]<UL><LI><a href="#[87]">&gt;&gt;</a>&nbsp;&nbsp;&nbsp;SX126X_writeCmd
</UL>
<BR>[Called By]<UL><LI><a href="#[d4]">&gt;&gt;</a>&nbsp;&nbsp;&nbsp;radio_clearstats
</UL>

<P><STRONG><a name="[9a]"></a>SX126X_SetBufferBaseAddress</STRONG> (Thumb, 24 bytes, Stack size 16 bytes, sx126x.o(.text.SX126X_SetBufferBaseAddress))
<BR><BR>[Stack]<UL><LI>Max Depth = 40<LI>Call Chain = SX126X_SetBufferBaseAddress &rArr; SX126X_writeCmd
</UL>
<BR>[Calls]<UL><LI><a href="#[87]">&gt;&gt;</a>&nbsp;&nbsp;&nbsp;SX126X_writeCmd
</UL>
<BR>[Called By]<UL><LI><a href="#[e1]">&gt;&gt;</a>&nbsp;&nbsp;&nbsp;radio_init
</UL>

<P><STRONG><a name="[9b]"></a>SX126X_SetCW</STRONG> (Thumb, 20 bytes, Stack size 8 bytes, sx126x.o(.text.SX126X_SetCW))
<BR><BR>[Stack]<UL><LI>Max Depth = 32<LI>Call Chain = SX126X_SetCW &rArr; SX126X_writeCmd
</UL>
<BR>[Calls]<UL><LI><a href="#[9c]">&gt;&gt;</a>&nbsp;&nbsp;&nbsp;SX126X_rfsw_tx
<LI><a href="#[87]">&gt;&gt;</a>&nbsp;&nbsp;&nbsp;SX126X_writeCmd
</UL>
<BR>[Called By]<UL><LI><a href="#[ed]">&gt;&gt;</a>&nbsp;&nbsp;&nbsp;radio_stream
<LI><a href="#[85]">&gt;&gt;</a>&nbsp;&nbsp;&nbsp;SX126X_setopmode
</UL>

<P><STRONG><a name="[9d]"></a>SX126X_SetDIO2AsRfSwitchCtrl</STRONG> (Thumb, 18 bytes, Stack size 16 bytes, sx126x.o(.text.SX126X_SetDIO2AsRfSwitchCtrl))
<BR><BR>[Stack]<UL><LI>Max Depth = 40<LI>Call Chain = SX126X_SetDIO2AsRfSwitchCtrl &rArr; OUTLINED_FUNCTION_3 &rArr; SX126X_writeCmd
</UL>
<BR>[Calls]<UL><LI><a href="#[86]">&gt;&gt;</a>&nbsp;&nbsp;&nbsp;OUTLINED_FUNCTION_3
</UL>
<BR>[Called By]<UL><LI><a href="#[e1]">&gt;&gt;</a>&nbsp;&nbsp;&nbsp;radio_init
</UL>

<P><STRONG><a name="[9e]"></a>SX126X_SetDIO3AsTCXOCtrl</STRONG> (Thumb, 44 bytes, Stack size 16 bytes, sx126x.o(.text.SX126X_SetDIO3AsTCXOCtrl))
<BR><BR>[Stack]<UL><LI>Max Depth = 40<LI>Call Chain = SX126X_SetDIO3AsTCXOCtrl &rArr; SX126X_writeCmd
</UL>
<BR>[Calls]<UL><LI><a href="#[87]">&gt;&gt;</a>&nbsp;&nbsp;&nbsp;SX126X_writeCmd
</UL>
<BR>[Called By]<UL><LI><a href="#[e1]">&gt;&gt;</a>&nbsp;&nbsp;&nbsp;radio_init
</UL>

<P><STRONG><a name="[9f]"></a>SX126X_SetDioIrqParams</STRONG> (Thumb, 54 bytes, Stack size 16 bytes, sx126x.o(.text.SX126X_SetDioIrqParams))
<BR><BR>[Stack]<UL><LI>Max Depth = 40<LI>Call Chain = SX126X_SetDioIrqParams &rArr; SX126X_writeCmd
</UL>
<BR>[Calls]<UL><LI><a href="#[87]">&gt;&gt;</a>&nbsp;&nbsp;&nbsp;SX126X_writeCmd
</UL>
<BR>[Called By]<UL><LI><a href="#[e1]">&gt;&gt;</a>&nbsp;&nbsp;&nbsp;radio_init
</UL>

<P><STRONG><a name="[a0]"></a>SX126X_SetFs</STRONG> (Thumb, 10 bytes, Stack size 0 bytes, sx126x.o(.text.SX126X_SetFs))
<BR><BR>[Stack]<UL><LI>Max Depth = 24<LI>Call Chain = SX126X_SetFs &rArr; SX126X_writeCmd
</UL>
<BR>[Calls]<UL><LI><a href="#[87]">&gt;&gt;</a>&nbsp;&nbsp;&nbsp;SX126X_writeCmd
</UL>
<BR>[Called By]<UL><LI><a href="#[85]">&gt;&gt;</a>&nbsp;&nbsp;&nbsp;SX126X_setopmode
</UL>

<P><STRONG><a name="[a1]"></a>SX126X_SetLoRaModParams</STRONG> (Thumb, 74 bytes, Stack size 16 bytes, sx126x.o(.text.SX126X_SetLoRaModParams))
<BR><BR>[Stack]<UL><LI>Max Depth = 64<LI>Call Chain = SX126X_SetLoRaModParams &rArr; SX126X_writeReg &rArr; SX126X_writeRegs
</UL>
<BR>[Calls]<UL><LI><a href="#[87]">&gt;&gt;</a>&nbsp;&nbsp;&nbsp;SX126X_writeCmd
<LI><a href="#[a2]">&gt;&gt;</a>&nbsp;&nbsp;&nbsp;SX126X_readReg
<LI><a href="#[7e]">&gt;&gt;</a>&nbsp;&nbsp;&nbsp;SX126X_writeReg
</UL>
<BR>[Called By]<UL><LI><a href="#[e1]">&gt;&gt;</a>&nbsp;&nbsp;&nbsp;radio_init
<LI><a href="#[e4]">&gt;&gt;</a>&nbsp;&nbsp;&nbsp;radio_setmodparams
</UL>

<P><STRONG><a name="[a3]"></a>SX126X_SetLoRaPacketParams</STRONG> (Thumb, 76 bytes, Stack size 16 bytes, sx126x.o(.text.SX126X_SetLoRaPacketParams))
<BR><BR>[Stack]<UL><LI>Max Depth = 64<LI>Call Chain = SX126X_SetLoRaPacketParams &rArr; SX126X_writeReg &rArr; SX126X_writeRegs
</UL>
<BR>[Calls]<UL><LI><a href="#[87]">&gt;&gt;</a>&nbsp;&nbsp;&nbsp;SX126X_writeCmd
<LI><a href="#[a2]">&gt;&gt;</a>&nbsp;&nbsp;&nbsp;SX126X_readReg
<LI><a href="#[7e]">&gt;&gt;</a>&nbsp;&nbsp;&nbsp;SX126X_writeReg
</UL>
<BR>[Called By]<UL><LI><a href="#[e1]">&gt;&gt;</a>&nbsp;&nbsp;&nbsp;radio_init
<LI><a href="#[e6]">&gt;&gt;</a>&nbsp;&nbsp;&nbsp;radio_setpktparams
<LI><a href="#[118]">&gt;&gt;</a>&nbsp;&nbsp;&nbsp;radio_rx
<LI><a href="#[117]">&gt;&gt;</a>&nbsp;&nbsp;&nbsp;radio_sendpacket
</UL>

<P><STRONG><a name="[a4]"></a>SX126X_SetPaConfig</STRONG> (Thumb, 38 bytes, Stack size 16 bytes, sx126x.o(.text.SX126X_SetPaConfig))
<BR><BR>[Stack]<UL><LI>Max Depth = 40<LI>Call Chain = SX126X_SetPaConfig &rArr; SX126X_writeCmd
</UL>
<BR>[Calls]<UL><LI><a href="#[87]">&gt;&gt;</a>&nbsp;&nbsp;&nbsp;SX126X_writeCmd
</UL>
<BR>[Called By]<UL><LI><a href="#[af]">&gt;&gt;</a>&nbsp;&nbsp;&nbsp;SX126X_SetTxParams
</UL>

<P><STRONG><a name="[a5]"></a>SX126X_SetPacketType</STRONG> (Thumb, 18 bytes, Stack size 16 bytes, sx126x.o(.text.SX126X_SetPacketType))
<BR><BR>[Stack]<UL><LI>Max Depth = 40<LI>Call Chain = SX126X_SetPacketType &rArr; OUTLINED_FUNCTION_3 &rArr; SX126X_writeCmd
</UL>
<BR>[Calls]<UL><LI><a href="#[86]">&gt;&gt;</a>&nbsp;&nbsp;&nbsp;OUTLINED_FUNCTION_3
</UL>
<BR>[Called By]<UL><LI><a href="#[e1]">&gt;&gt;</a>&nbsp;&nbsp;&nbsp;radio_init
</UL>

<P><STRONG><a name="[a6]"></a>SX126X_SetRegulatorMode</STRONG> (Thumb, 24 bytes, Stack size 16 bytes, sx126x.o(.text.SX126X_SetRegulatorMode))
<BR><BR>[Stack]<UL><LI>Max Depth = 40<LI>Call Chain = SX126X_SetRegulatorMode &rArr; OUTLINED_FUNCTION_3 &rArr; SX126X_writeCmd
</UL>
<BR>[Calls]<UL><LI><a href="#[86]">&gt;&gt;</a>&nbsp;&nbsp;&nbsp;OUTLINED_FUNCTION_3
</UL>
<BR>[Called By]<UL><LI><a href="#[e1]">&gt;&gt;</a>&nbsp;&nbsp;&nbsp;radio_init
</UL>

<P><STRONG><a name="[a7]"></a>SX126X_SetRfFrequency</STRONG> (Thumb, 18 bytes, Stack size 16 bytes, sx126x.o(.text.SX126X_SetRfFrequency))
<BR><BR>[Stack]<UL><LI>Max Depth = 40<LI>Call Chain = SX126X_SetRfFrequency &rArr; SX126X_writeCmd
</UL>
<BR>[Calls]<UL><LI><a href="#[87]">&gt;&gt;</a>&nbsp;&nbsp;&nbsp;SX126X_writeCmd
</UL>
<BR>[Called By]<UL><LI><a href="#[e1]">&gt;&gt;</a>&nbsp;&nbsp;&nbsp;radio_init
<LI><a href="#[80]">&gt;&gt;</a>&nbsp;&nbsp;&nbsp;radio_set_freq
</UL>

<P><STRONG><a name="[a8]"></a>SX126X_SetRx</STRONG> (Thumb, 40 bytes, Stack size 16 bytes, sx126x.o(.text.SX126X_SetRx))
<BR><BR>[Stack]<UL><LI>Max Depth = 40<LI>Call Chain = SX126X_SetRx &rArr; SX126X_writeCmd
</UL>
<BR>[Calls]<UL><LI><a href="#[a9]">&gt;&gt;</a>&nbsp;&nbsp;&nbsp;SX126X_rfsw_rx
<LI><a href="#[87]">&gt;&gt;</a>&nbsp;&nbsp;&nbsp;SX126X_writeCmd
<LI><a href="#[aa]">&gt;&gt;</a>&nbsp;&nbsp;&nbsp;OUTLINED_FUNCTION_2
</UL>
<BR>[Called By]<UL><LI><a href="#[e1]">&gt;&gt;</a>&nbsp;&nbsp;&nbsp;radio_init
<LI><a href="#[85]">&gt;&gt;</a>&nbsp;&nbsp;&nbsp;SX126X_setopmode
</UL>

<P><STRONG><a name="[ab]"></a>SX126X_SetSleep</STRONG> (Thumb, 24 bytes, Stack size 16 bytes, sx126x.o(.text.SX126X_SetSleep))
<BR><BR>[Stack]<UL><LI>Max Depth = 40<LI>Call Chain = SX126X_SetSleep &rArr; SX126X_writeCmd
</UL>
<BR>[Calls]<UL><LI><a href="#[87]">&gt;&gt;</a>&nbsp;&nbsp;&nbsp;SX126X_writeCmd
</UL>
<BR>[Called By]<UL><LI><a href="#[85]">&gt;&gt;</a>&nbsp;&nbsp;&nbsp;SX126X_setopmode
</UL>

<P><STRONG><a name="[ac]"></a>SX126X_SetStandby</STRONG> (Thumb, 24 bytes, Stack size 16 bytes, sx126x.o(.text.SX126X_SetStandby))
<BR><BR>[Stack]<UL><LI>Max Depth = 40<LI>Call Chain = SX126X_SetStandby &rArr; OUTLINED_FUNCTION_3 &rArr; SX126X_writeCmd
</UL>
<BR>[Calls]<UL><LI><a href="#[86]">&gt;&gt;</a>&nbsp;&nbsp;&nbsp;OUTLINED_FUNCTION_3
</UL>
<BR>[Called By]<UL><LI><a href="#[85]">&gt;&gt;</a>&nbsp;&nbsp;&nbsp;SX126X_setopmode
</UL>

<P><STRONG><a name="[ad]"></a>SX126X_SetTx</STRONG> (Thumb, 40 bytes, Stack size 16 bytes, sx126x.o(.text.SX126X_SetTx))
<BR><BR>[Stack]<UL><LI>Max Depth = 40<LI>Call Chain = SX126X_SetTx &rArr; SX126X_writeCmd
</UL>
<BR>[Calls]<UL><LI><a href="#[9c]">&gt;&gt;</a>&nbsp;&nbsp;&nbsp;SX126X_rfsw_tx
<LI><a href="#[87]">&gt;&gt;</a>&nbsp;&nbsp;&nbsp;SX126X_writeCmd
<LI><a href="#[aa]">&gt;&gt;</a>&nbsp;&nbsp;&nbsp;OUTLINED_FUNCTION_2
</UL>
<BR>[Called By]<UL><LI><a href="#[85]">&gt;&gt;</a>&nbsp;&nbsp;&nbsp;SX126X_setopmode
</UL>

<P><STRONG><a name="[ae]"></a>SX126X_SetTxInfinitePreamble</STRONG> (Thumb, 20 bytes, Stack size 8 bytes, sx126x.o(.text.SX126X_SetTxInfinitePreamble))
<BR><BR>[Stack]<UL><LI>Max Depth = 32<LI>Call Chain = SX126X_SetTxInfinitePreamble &rArr; SX126X_writeCmd
</UL>
<BR>[Calls]<UL><LI><a href="#[9c]">&gt;&gt;</a>&nbsp;&nbsp;&nbsp;SX126X_rfsw_tx
<LI><a href="#[87]">&gt;&gt;</a>&nbsp;&nbsp;&nbsp;SX126X_writeCmd
</UL>
<BR>[Called By]<UL><LI><a href="#[ed]">&gt;&gt;</a>&nbsp;&nbsp;&nbsp;radio_stream
<LI><a href="#[85]">&gt;&gt;</a>&nbsp;&nbsp;&nbsp;SX126X_setopmode
</UL>

<P><STRONG><a name="[af]"></a>SX126X_SetTxParams</STRONG> (Thumb, 72 bytes, Stack size 16 bytes, sx126x.o(.text.SX126X_SetTxParams))
<BR><BR>[Stack]<UL><LI>Max Depth = 64<LI>Call Chain = SX126X_SetTxParams &rArr; SX126X_writeReg &rArr; SX126X_writeRegs
</UL>
<BR>[Calls]<UL><LI><a href="#[a4]">&gt;&gt;</a>&nbsp;&nbsp;&nbsp;SX126X_SetPaConfig
<LI><a href="#[87]">&gt;&gt;</a>&nbsp;&nbsp;&nbsp;SX126X_writeCmd
<LI><a href="#[a2]">&gt;&gt;</a>&nbsp;&nbsp;&nbsp;SX126X_readReg
<LI><a href="#[7e]">&gt;&gt;</a>&nbsp;&nbsp;&nbsp;SX126X_writeReg
</UL>
<BR>[Called By]<UL><LI><a href="#[e1]">&gt;&gt;</a>&nbsp;&nbsp;&nbsp;radio_init
<LI><a href="#[e7]">&gt;&gt;</a>&nbsp;&nbsp;&nbsp;radio_set_power
</UL>

<P><STRONG><a name="[b0]"></a>SX126X_Wakeup</STRONG> (Thumb, 40 bytes, Stack size 8 bytes, sx126x_interface.o(.text.SX126X_Wakeup))
<BR><BR>[Stack]<UL><LI>Max Depth = 32<LI>Call Chain = SX126X_Wakeup &rArr; lorac_wait_on_busy &rArr; delay_us
</UL>
<BR>[Calls]<UL><LI><a href="#[b1]">&gt;&gt;</a>&nbsp;&nbsp;&nbsp;delay_us
<LI><a href="#[b2]">&gt;&gt;</a>&nbsp;&nbsp;&nbsp;lorac_wait_on_busy
<LI><a href="#[53]">&gt;&gt;</a>&nbsp;&nbsp;&nbsp;lorac_transfer
</UL>
<BR>[Called By]<UL><LI><a href="#[e1]">&gt;&gt;</a>&nbsp;&nbsp;&nbsp;radio_init
</UL>

<P><STRONG><a name="[82]"></a>SX126X_checkBusy</STRONG> (Thumb, 24 bytes, Stack size 0 bytes, sx126x_interface.o(.text.SX126X_checkBusy))
<BR><BR>[Called By]<UL><LI><a href="#[81]">&gt;&gt;</a>&nbsp;&nbsp;&nbsp;OUTLINED_FUNCTION_0
<LI><a href="#[89]">&gt;&gt;</a>&nbsp;&nbsp;&nbsp;SX126X_readCmd
<LI><a href="#[87]">&gt;&gt;</a>&nbsp;&nbsp;&nbsp;SX126X_writeCmd
<LI><a href="#[b3]">&gt;&gt;</a>&nbsp;&nbsp;&nbsp;SX126X_readBuffer
<LI><a href="#[b9]">&gt;&gt;</a>&nbsp;&nbsp;&nbsp;SX126X_writeBuffer
<LI><a href="#[b4]">&gt;&gt;</a>&nbsp;&nbsp;&nbsp;SX126X_readRegs
<LI><a href="#[ba]">&gt;&gt;</a>&nbsp;&nbsp;&nbsp;SX126X_writeRegs
</UL>

<P><STRONG><a name="[7b]"></a>SX126X_irq_proc</STRONG> (Thumb, 48 bytes, Stack size 8 bytes, sx126x_proc.o(.text.SX126X_irq_proc))
<BR><BR>[Stack]<UL><LI>Max Depth = 48<LI>Call Chain = SX126X_irq_proc &rArr; SX126X_ClearIrqStatus &rArr; SX126X_writeCmd
</UL>
<BR>[Calls]<UL><LI><a href="#[90]">&gt;&gt;</a>&nbsp;&nbsp;&nbsp;SX126X_ClearIrqStatus
<LI><a href="#[91]">&gt;&gt;</a>&nbsp;&nbsp;&nbsp;SX126X_GetIrqStatus
</UL>
<BR>[Called By]<UL><LI><a href="#[40]">&gt;&gt;</a>&nbsp;&nbsp;&nbsp;LORA_IRQHandler
</UL>

<P><STRONG><a name="[b3]"></a>SX126X_readBuffer</STRONG> (Thumb, 60 bytes, Stack size 24 bytes, sx126x_interface.o(.text.SX126X_readBuffer))
<BR><BR>[Stack]<UL><LI>Max Depth = 24<LI>Call Chain = SX126X_readBuffer
</UL>
<BR>[Calls]<UL><LI><a href="#[81]">&gt;&gt;</a>&nbsp;&nbsp;&nbsp;OUTLINED_FUNCTION_0
<LI><a href="#[53]">&gt;&gt;</a>&nbsp;&nbsp;&nbsp;lorac_transfer
<LI><a href="#[82]">&gt;&gt;</a>&nbsp;&nbsp;&nbsp;SX126X_checkBusy
</UL>
<BR>[Called By]<UL><LI><a href="#[115]">&gt;&gt;</a>&nbsp;&nbsp;&nbsp;radio_getpacket
</UL>

<P><STRONG><a name="[89]"></a>SX126X_readCmd</STRONG> (Thumb, 56 bytes, Stack size 24 bytes, sx126x_interface.o(.text.SX126X_readCmd))
<BR><BR>[Stack]<UL><LI>Max Depth = 24<LI>Call Chain = SX126X_readCmd
</UL>
<BR>[Calls]<UL><LI><a href="#[81]">&gt;&gt;</a>&nbsp;&nbsp;&nbsp;OUTLINED_FUNCTION_0
<LI><a href="#[53]">&gt;&gt;</a>&nbsp;&nbsp;&nbsp;lorac_transfer
<LI><a href="#[82]">&gt;&gt;</a>&nbsp;&nbsp;&nbsp;SX126X_checkBusy
</UL>
<BR>[Called By]<UL><LI><a href="#[8a]">&gt;&gt;</a>&nbsp;&nbsp;&nbsp;OUTLINED_FUNCTION_5
<LI><a href="#[88]">&gt;&gt;</a>&nbsp;&nbsp;&nbsp;OUTLINED_FUNCTION_4
<LI><a href="#[94]">&gt;&gt;</a>&nbsp;&nbsp;&nbsp;SX126X_GetRssiInst
<LI><a href="#[91]">&gt;&gt;</a>&nbsp;&nbsp;&nbsp;SX126X_GetIrqStatus
<LI><a href="#[95]">&gt;&gt;</a>&nbsp;&nbsp;&nbsp;SX126X_GetRxBufferStatus
</UL>

<P><STRONG><a name="[a2]"></a>SX126X_readReg</STRONG> (Thumb, 18 bytes, Stack size 16 bytes, sx126x_interface.o(.text.SX126X_readReg))
<BR><BR>[Stack]<UL><LI>Max Depth = 40<LI>Call Chain = SX126X_readReg &rArr; SX126X_readRegs
</UL>
<BR>[Calls]<UL><LI><a href="#[b4]">&gt;&gt;</a>&nbsp;&nbsp;&nbsp;SX126X_readRegs
</UL>
<BR>[Called By]<UL><LI><a href="#[d6]">&gt;&gt;</a>&nbsp;&nbsp;&nbsp;radio_readreg
<LI><a href="#[dc]">&gt;&gt;</a>&nbsp;&nbsp;&nbsp;radio_getxotrim
<LI><a href="#[af]">&gt;&gt;</a>&nbsp;&nbsp;&nbsp;SX126X_SetTxParams
<LI><a href="#[a3]">&gt;&gt;</a>&nbsp;&nbsp;&nbsp;SX126X_SetLoRaPacketParams
<LI><a href="#[a1]">&gt;&gt;</a>&nbsp;&nbsp;&nbsp;SX126X_SetLoRaModParams
</UL>

<P><STRONG><a name="[b4]"></a>SX126X_readRegs</STRONG> (Thumb, 64 bytes, Stack size 24 bytes, sx126x_interface.o(.text.SX126X_readRegs))
<BR><BR>[Stack]<UL><LI>Max Depth = 24<LI>Call Chain = SX126X_readRegs
</UL>
<BR>[Calls]<UL><LI><a href="#[81]">&gt;&gt;</a>&nbsp;&nbsp;&nbsp;OUTLINED_FUNCTION_0
<LI><a href="#[53]">&gt;&gt;</a>&nbsp;&nbsp;&nbsp;lorac_transfer
<LI><a href="#[82]">&gt;&gt;</a>&nbsp;&nbsp;&nbsp;SX126X_checkBusy
</UL>
<BR>[Called By]<UL><LI><a href="#[a2]">&gt;&gt;</a>&nbsp;&nbsp;&nbsp;SX126X_readReg
</UL>

<P><STRONG><a name="[b5]"></a>SX126X_reset</STRONG> (Thumb, 4 bytes, Stack size 0 bytes, sx126x_interface.o(.text.SX126X_reset))
<BR><BR>[Stack]<UL><LI>Max Depth = 24<LI>Call Chain = SX126X_reset &rArr; lorac_reset &rArr; delay_us
</UL>
<BR>[Calls]<UL><LI><a href="#[b6]">&gt;&gt;</a>&nbsp;&nbsp;&nbsp;lorac_reset
</UL>
<BR>[Called By]<UL><LI><a href="#[e1]">&gt;&gt;</a>&nbsp;&nbsp;&nbsp;radio_init
</UL>

<P><STRONG><a name="[a9]"></a>SX126X_rfsw_rx</STRONG> (Thumb, 4 bytes, Stack size 0 bytes, sx126x_interface.o(.text.SX126X_rfsw_rx))
<BR><BR>[Stack]<UL><LI>Max Depth = 8<LI>Call Chain = SX126X_rfsw_rx &rArr; lorac_rfsw_rx &rArr; gpio_write
</UL>
<BR>[Calls]<UL><LI><a href="#[b7]">&gt;&gt;</a>&nbsp;&nbsp;&nbsp;lorac_rfsw_rx
</UL>
<BR>[Called By]<UL><LI><a href="#[a8]">&gt;&gt;</a>&nbsp;&nbsp;&nbsp;SX126X_SetRx
</UL>

<P><STRONG><a name="[9c]"></a>SX126X_rfsw_tx</STRONG> (Thumb, 4 bytes, Stack size 0 bytes, sx126x_interface.o(.text.SX126X_rfsw_tx))
<BR><BR>[Stack]<UL><LI>Max Depth = 8<LI>Call Chain = SX126X_rfsw_tx &rArr; lorac_rfsw_tx &rArr; gpio_write
</UL>
<BR>[Calls]<UL><LI><a href="#[b8]">&gt;&gt;</a>&nbsp;&nbsp;&nbsp;lorac_rfsw_tx
</UL>
<BR>[Called By]<UL><LI><a href="#[ad]">&gt;&gt;</a>&nbsp;&nbsp;&nbsp;SX126X_SetTx
<LI><a href="#[ae]">&gt;&gt;</a>&nbsp;&nbsp;&nbsp;SX126X_SetTxInfinitePreamble
<LI><a href="#[9b]">&gt;&gt;</a>&nbsp;&nbsp;&nbsp;SX126X_SetCW
</UL>

<P><STRONG><a name="[85]"></a>SX126X_setopmode</STRONG> (Thumb, 112 bytes, Stack size 0 bytes, sx126x_proc.o(.text.SX126X_setopmode))
<BR><BR>[Stack]<UL><LI>Max Depth = 40<LI>Call Chain = SX126X_setopmode &rArr; SX126X_SetTx &rArr; SX126X_writeCmd
</UL>
<BR>[Calls]<UL><LI><a href="#[ad]">&gt;&gt;</a>&nbsp;&nbsp;&nbsp;SX126X_SetTx
<LI><a href="#[a0]">&gt;&gt;</a>&nbsp;&nbsp;&nbsp;SX126X_SetFs
<LI><a href="#[ac]">&gt;&gt;</a>&nbsp;&nbsp;&nbsp;SX126X_SetStandby
<LI><a href="#[ab]">&gt;&gt;</a>&nbsp;&nbsp;&nbsp;SX126X_SetSleep
<LI><a href="#[ae]">&gt;&gt;</a>&nbsp;&nbsp;&nbsp;SX126X_SetTxInfinitePreamble
<LI><a href="#[9b]">&gt;&gt;</a>&nbsp;&nbsp;&nbsp;SX126X_SetCW
<LI><a href="#[a8]">&gt;&gt;</a>&nbsp;&nbsp;&nbsp;SX126X_SetRx
</UL>
<BR>[Called By]<UL><LI><a href="#[e5]">&gt;&gt;</a>&nbsp;&nbsp;&nbsp;radio_setopmode
<LI><a href="#[e1]">&gt;&gt;</a>&nbsp;&nbsp;&nbsp;radio_init
<LI><a href="#[e6]">&gt;&gt;</a>&nbsp;&nbsp;&nbsp;radio_setpktparams
<LI><a href="#[e4]">&gt;&gt;</a>&nbsp;&nbsp;&nbsp;radio_setmodparams
<LI><a href="#[e8]">&gt;&gt;</a>&nbsp;&nbsp;&nbsp;radio_setxotrim
<LI><a href="#[e7]">&gt;&gt;</a>&nbsp;&nbsp;&nbsp;radio_set_power
<LI><a href="#[80]">&gt;&gt;</a>&nbsp;&nbsp;&nbsp;radio_set_freq
<LI><a href="#[118]">&gt;&gt;</a>&nbsp;&nbsp;&nbsp;radio_rx
<LI><a href="#[117]">&gt;&gt;</a>&nbsp;&nbsp;&nbsp;radio_sendpacket
<LI><a href="#[84]">&gt;&gt;</a>&nbsp;&nbsp;&nbsp;OUTLINED_FUNCTION_2
</UL>

<P><STRONG><a name="[b9]"></a>SX126X_writeBuffer</STRONG> (Thumb, 52 bytes, Stack size 24 bytes, sx126x_interface.o(.text.SX126X_writeBuffer))
<BR><BR>[Stack]<UL><LI>Max Depth = 24<LI>Call Chain = SX126X_writeBuffer
</UL>
<BR>[Calls]<UL><LI><a href="#[81]">&gt;&gt;</a>&nbsp;&nbsp;&nbsp;OUTLINED_FUNCTION_0
<LI><a href="#[53]">&gt;&gt;</a>&nbsp;&nbsp;&nbsp;lorac_transfer
<LI><a href="#[82]">&gt;&gt;</a>&nbsp;&nbsp;&nbsp;SX126X_checkBusy
</UL>
<BR>[Called By]<UL><LI><a href="#[117]">&gt;&gt;</a>&nbsp;&nbsp;&nbsp;radio_sendpacket
</UL>

<P><STRONG><a name="[87]"></a>SX126X_writeCmd</STRONG> (Thumb, 68 bytes, Stack size 24 bytes, sx126x_interface.o(.text.SX126X_writeCmd))
<BR><BR>[Stack]<UL><LI>Max Depth = 24<LI>Call Chain = SX126X_writeCmd
</UL>
<BR>[Calls]<UL><LI><a href="#[53]">&gt;&gt;</a>&nbsp;&nbsp;&nbsp;lorac_transfer
<LI><a href="#[82]">&gt;&gt;</a>&nbsp;&nbsp;&nbsp;SX126X_checkBusy
</UL>
<BR>[Called By]<UL><LI><a href="#[a4]">&gt;&gt;</a>&nbsp;&nbsp;&nbsp;SX126X_SetPaConfig
<LI><a href="#[8f]">&gt;&gt;</a>&nbsp;&nbsp;&nbsp;SX126X_CalibrateImage
<LI><a href="#[ad]">&gt;&gt;</a>&nbsp;&nbsp;&nbsp;SX126X_SetTx
<LI><a href="#[a0]">&gt;&gt;</a>&nbsp;&nbsp;&nbsp;SX126X_SetFs
<LI><a href="#[ab]">&gt;&gt;</a>&nbsp;&nbsp;&nbsp;SX126X_SetSleep
<LI><a href="#[86]">&gt;&gt;</a>&nbsp;&nbsp;&nbsp;OUTLINED_FUNCTION_3
<LI><a href="#[ae]">&gt;&gt;</a>&nbsp;&nbsp;&nbsp;SX126X_SetTxInfinitePreamble
<LI><a href="#[9b]">&gt;&gt;</a>&nbsp;&nbsp;&nbsp;SX126X_SetCW
<LI><a href="#[90]">&gt;&gt;</a>&nbsp;&nbsp;&nbsp;SX126X_ClearIrqStatus
<LI><a href="#[99]">&gt;&gt;</a>&nbsp;&nbsp;&nbsp;SX126X_ResetStats
<LI><a href="#[9f]">&gt;&gt;</a>&nbsp;&nbsp;&nbsp;SX126X_SetDioIrqParams
<LI><a href="#[af]">&gt;&gt;</a>&nbsp;&nbsp;&nbsp;SX126X_SetTxParams
<LI><a href="#[a8]">&gt;&gt;</a>&nbsp;&nbsp;&nbsp;SX126X_SetRx
<LI><a href="#[a3]">&gt;&gt;</a>&nbsp;&nbsp;&nbsp;SX126X_SetLoRaPacketParams
<LI><a href="#[a1]">&gt;&gt;</a>&nbsp;&nbsp;&nbsp;SX126X_SetLoRaModParams
<LI><a href="#[9a]">&gt;&gt;</a>&nbsp;&nbsp;&nbsp;SX126X_SetBufferBaseAddress
<LI><a href="#[a7]">&gt;&gt;</a>&nbsp;&nbsp;&nbsp;SX126X_SetRfFrequency
<LI><a href="#[9e]">&gt;&gt;</a>&nbsp;&nbsp;&nbsp;SX126X_SetDIO3AsTCXOCtrl
</UL>

<P><STRONG><a name="[7e]"></a>SX126X_writeReg</STRONG> (Thumb, 18 bytes, Stack size 16 bytes, sx126x_interface.o(.text.SX126X_writeReg))
<BR><BR>[Stack]<UL><LI>Max Depth = 48<LI>Call Chain = SX126X_writeReg &rArr; SX126X_writeRegs
</UL>
<BR>[Calls]<UL><LI><a href="#[ba]">&gt;&gt;</a>&nbsp;&nbsp;&nbsp;SX126X_writeRegs
</UL>
<BR>[Called By]<UL><LI><a href="#[e1]">&gt;&gt;</a>&nbsp;&nbsp;&nbsp;radio_init
<LI><a href="#[ee]">&gt;&gt;</a>&nbsp;&nbsp;&nbsp;radio_writereg
<LI><a href="#[e6]">&gt;&gt;</a>&nbsp;&nbsp;&nbsp;radio_setpktparams
<LI><a href="#[96]">&gt;&gt;</a>&nbsp;&nbsp;&nbsp;SX126X_LNAboost
<LI><a href="#[af]">&gt;&gt;</a>&nbsp;&nbsp;&nbsp;SX126X_SetTxParams
<LI><a href="#[a3]">&gt;&gt;</a>&nbsp;&nbsp;&nbsp;SX126X_SetLoRaPacketParams
<LI><a href="#[a1]">&gt;&gt;</a>&nbsp;&nbsp;&nbsp;SX126X_SetLoRaModParams
<LI><a href="#[7d]">&gt;&gt;</a>&nbsp;&nbsp;&nbsp;OUTLINED_FUNCTION_0
<LI><a href="#[83]">&gt;&gt;</a>&nbsp;&nbsp;&nbsp;OUTLINED_FUNCTION_1
</UL>

<P><STRONG><a name="[ba]"></a>SX126X_writeRegs</STRONG> (Thumb, 64 bytes, Stack size 32 bytes, sx126x_interface.o(.text.SX126X_writeRegs))
<BR><BR>[Stack]<UL><LI>Max Depth = 32<LI>Call Chain = SX126X_writeRegs
</UL>
<BR>[Calls]<UL><LI><a href="#[81]">&gt;&gt;</a>&nbsp;&nbsp;&nbsp;OUTLINED_FUNCTION_0
<LI><a href="#[53]">&gt;&gt;</a>&nbsp;&nbsp;&nbsp;lorac_transfer
<LI><a href="#[82]">&gt;&gt;</a>&nbsp;&nbsp;&nbsp;SX126X_checkBusy
</UL>
<BR>[Called By]<UL><LI><a href="#[7e]">&gt;&gt;</a>&nbsp;&nbsp;&nbsp;SX126X_writeReg
</UL>

<P><STRONG><a name="[2a]"></a>SysTick_Handler</STRONG> (Thumb, 96 bytes, Stack size 8 bytes, tremo_it.o(.text.SysTick_Handler))
<BR><BR>[Stack]<UL><LI>Max Depth = 32<LI>Call Chain = SysTick_Handler &rArr; puts &rArr; fputc
</UL>
<BR>[Calls]<UL><LI><a href="#[bb]">&gt;&gt;</a>&nbsp;&nbsp;&nbsp;adc_start
<LI><a href="#[54]">&gt;&gt;</a>&nbsp;&nbsp;&nbsp;puts
</UL>
<BR>[Address Reference Count : 1]<UL><LI> startup_tremo.o(RESET)
</UL>
<P><STRONG><a name="[51]"></a>SystemInit</STRONG> (Thumb, 52 bytes, Stack size 8 bytes, system_tremo.o(.text.SystemInit))
<BR><BR>[Stack]<UL><LI>Max Depth = 16<LI>Call Chain = SystemInit &rArr; delay_init
</UL>
<BR>[Calls]<UL><LI><a href="#[bc]">&gt;&gt;</a>&nbsp;&nbsp;&nbsp;nvic_init
<LI><a href="#[bd]">&gt;&gt;</a>&nbsp;&nbsp;&nbsp;delay_init
</UL>
<BR>[Address Reference Count : 1]<UL><LI> startup_tremo.o(.text)
</UL>
<P><STRONG><a name="[42]"></a>TIMER0_IRQHandler</STRONG> (Thumb, 36 bytes, Stack size 16 bytes, ustimer.o(.text.TIMER0_IRQHandler))
<BR><BR>[Stack]<UL><LI>Max Depth = 16<LI>Call Chain = TIMER0_IRQHandler
</UL>
<BR>[Calls]<UL><LI><a href="#[bf]">&gt;&gt;</a>&nbsp;&nbsp;&nbsp;timer_clear_status
<LI><a href="#[be]">&gt;&gt;</a>&nbsp;&nbsp;&nbsp;timer_get_status
</UL>
<BR>[Address Reference Count : 1]<UL><LI> startup_tremo.o(RESET)
</UL>
<P><STRONG><a name="[31]"></a>UART0_IRQHandler</STRONG> (Thumb, 4 bytes, Stack size 0 bytes, uart.o(.text.UART0_IRQHandler))
<BR><BR>[Stack]<UL><LI>Max Depth = 8<LI>Call Chain = UART0_IRQHandler &rArr; cbRETARGET_Rx
</UL>
<BR>[Calls]<UL><LI><a href="#[c0]">&gt;&gt;</a>&nbsp;&nbsp;&nbsp;cbRETARGET_Rx
</UL>
<BR>[Address Reference Count : 1]<UL><LI> startup_tremo.o(RESET)
</UL>
<P><STRONG><a name="[32]"></a>UART1_IRQHandler</STRONG> (Thumb, 2 bytes, Stack size 0 bytes, uart.o(.text.UART1_IRQHandler))
<BR>[Address Reference Count : 1]<UL><LI> startup_tremo.o(RESET)
</UL>
<P><STRONG><a name="[26]"></a>UsageFault_Handler</STRONG> (Thumb, 2 bytes, Stack size 0 bytes, tremo_it.o(.text.UsageFault_Handler))
<BR><BR>[Calls]<UL><LI><a href="#[26]">&gt;&gt;</a>&nbsp;&nbsp;&nbsp;UsageFault_Handler
</UL>
<BR>[Called By]<UL><LI><a href="#[26]">&gt;&gt;</a>&nbsp;&nbsp;&nbsp;UsageFault_Handler
</UL>
<BR>[Address Reference Count : 1]<UL><LI> startup_tremo.o(RESET)
</UL>
<P><STRONG><a name="[76]"></a>adc_clear_interrupt_status</STRONG> (Thumb, 20 bytes, Stack size 0 bytes, tremo_adc.o(.text.adc_clear_interrupt_status))
<BR><BR>[Called By]<UL><LI><a href="#[3b]">&gt;&gt;</a>&nbsp;&nbsp;&nbsp;ADC_IRQHandler
</UL>

<P><STRONG><a name="[105]"></a>adc_config_clock_division</STRONG> (Thumb, 28 bytes, Stack size 0 bytes, tremo_adc.o(.text.adc_config_clock_division))
<BR><BR>[Called By]<UL><LI><a href="#[f8]">&gt;&gt;</a>&nbsp;&nbsp;&nbsp;myadc_init
</UL>

<P><STRONG><a name="[c1]"></a>adc_config_conv_mode</STRONG> (Thumb, 12 bytes, Stack size 0 bytes, tremo_adc.o(.text.adc_config_conv_mode))
<BR><BR>[Calls]<UL><LI><a href="#[c2]">&gt;&gt;</a>&nbsp;&nbsp;&nbsp;OUTLINED_FUNCTION_0
</UL>
<BR>[Called By]<UL><LI><a href="#[f8]">&gt;&gt;</a>&nbsp;&nbsp;&nbsp;myadc_init
</UL>

<P><STRONG><a name="[10a]"></a>adc_config_interrupt</STRONG> (Thumb, 20 bytes, Stack size 0 bytes, tremo_adc.o(.text.adc_config_interrupt))
<BR><BR>[Called By]<UL><LI><a href="#[f8]">&gt;&gt;</a>&nbsp;&nbsp;&nbsp;myadc_init
</UL>

<P><STRONG><a name="[106]"></a>adc_config_ref_voltage</STRONG> (Thumb, 28 bytes, Stack size 0 bytes, tremo_adc.o(.text.adc_config_ref_voltage))
<BR><BR>[Called By]<UL><LI><a href="#[f8]">&gt;&gt;</a>&nbsp;&nbsp;&nbsp;myadc_init
</UL>

<P><STRONG><a name="[108]"></a>adc_config_sample_sequence</STRONG> (Thumb, 48 bytes, Stack size 8 bytes, tremo_adc.o(.text.adc_config_sample_sequence))
<BR><BR>[Stack]<UL><LI>Max Depth = 8<LI>Call Chain = adc_config_sample_sequence
</UL>
<BR>[Called By]<UL><LI><a href="#[f8]">&gt;&gt;</a>&nbsp;&nbsp;&nbsp;myadc_init
</UL>

<P><STRONG><a name="[109]"></a>adc_enable</STRONG> (Thumb, 36 bytes, Stack size 0 bytes, tremo_adc.o(.text.adc_enable))
<BR><BR>[Called By]<UL><LI><a href="#[f8]">&gt;&gt;</a>&nbsp;&nbsp;&nbsp;myadc_init
</UL>

<P><STRONG><a name="[107]"></a>adc_enable_vbat31</STRONG> (Thumb, 16 bytes, Stack size 0 bytes, tremo_adc.o(.text.adc_enable_vbat31))
<BR><BR>[Called By]<UL><LI><a href="#[f8]">&gt;&gt;</a>&nbsp;&nbsp;&nbsp;myadc_init
</UL>

<P><STRONG><a name="[c3]"></a>adc_get_calibration_value</STRONG> (Thumb, 120 bytes, Stack size 24 bytes, tremo_adc.o(.text.adc_get_calibration_value))
<BR><BR>[Stack]<UL><LI>Max Depth = 112<LI>Call Chain = adc_get_calibration_value &rArr; __aeabi_dadd &rArr; _double_epilogue &rArr; _double_round
</UL>
<BR>[Calls]<UL><LI><a href="#[6f]">&gt;&gt;</a>&nbsp;&nbsp;&nbsp;__aeabi_d2f
<LI><a href="#[63]">&gt;&gt;</a>&nbsp;&nbsp;&nbsp;__aeabi_dadd
<LI><a href="#[6a]">&gt;&gt;</a>&nbsp;&nbsp;&nbsp;__aeabi_dmul
<LI><a href="#[6c]">&gt;&gt;</a>&nbsp;&nbsp;&nbsp;__aeabi_ui2d
</UL>
<BR>[Called By]<UL><LI><a href="#[f8]">&gt;&gt;</a>&nbsp;&nbsp;&nbsp;myadc_init
</UL>

<P><STRONG><a name="[77]"></a>adc_get_data</STRONG> (Thumb, 12 bytes, Stack size 0 bytes, tremo_adc.o(.text.adc_get_data))
<BR><BR>[Called By]<UL><LI><a href="#[3b]">&gt;&gt;</a>&nbsp;&nbsp;&nbsp;ADC_IRQHandler
</UL>

<P><STRONG><a name="[75]"></a>adc_get_interrupt_status</STRONG> (Thumb, 16 bytes, Stack size 0 bytes, tremo_adc.o(.text.adc_get_interrupt_status))
<BR><BR>[Called By]<UL><LI><a href="#[3b]">&gt;&gt;</a>&nbsp;&nbsp;&nbsp;ADC_IRQHandler
</UL>

<P><STRONG><a name="[c4]"></a>adc_init</STRONG> (Thumb, 24 bytes, Stack size 8 bytes, tremo_adc.o(.text.adc_init))
<BR><BR>[Stack]<UL><LI>Max Depth = 24<LI>Call Chain = adc_init &rArr; delay_us
</UL>
<BR>[Calls]<UL><LI><a href="#[b1]">&gt;&gt;</a>&nbsp;&nbsp;&nbsp;delay_us
<LI><a href="#[c5]">&gt;&gt;</a>&nbsp;&nbsp;&nbsp;read_write_adc_afec
</UL>
<BR>[Called By]<UL><LI><a href="#[f8]">&gt;&gt;</a>&nbsp;&nbsp;&nbsp;myadc_init
</UL>

<P><STRONG><a name="[bb]"></a>adc_start</STRONG> (Thumb, 36 bytes, Stack size 0 bytes, tremo_adc.o(.text.adc_start))
<BR><BR>[Called By]<UL><LI><a href="#[2a]">&gt;&gt;</a>&nbsp;&nbsp;&nbsp;SysTick_Handler
<LI><a href="#[f8]">&gt;&gt;</a>&nbsp;&nbsp;&nbsp;myadc_init
</UL>

<P><STRONG><a name="[c6]"></a>bsp_reset_proc</STRONG> (Thumb, 10 bytes, Stack size 0 bytes, bsp.o(.text.bsp_reset_proc))
<BR><BR>[Stack]<UL><LI>Max Depth = 16<LI>Call Chain = bsp_reset_proc &rArr; delay_ms &rArr; delay_us
</UL>
<BR>[Calls]<UL><LI><a href="#[c7]">&gt;&gt;</a>&nbsp;&nbsp;&nbsp;__NVIC_SystemReset
<LI><a href="#[79]">&gt;&gt;</a>&nbsp;&nbsp;&nbsp;delay_ms
</UL>
<BR>[Called By]<UL><LI><a href="#[0]">&gt;&gt;</a>&nbsp;&nbsp;&nbsp;cli_reset
</UL>

<P><STRONG><a name="[c0]"></a>cbRETARGET_Rx</STRONG> (Thumb, 72 bytes, Stack size 8 bytes, retarget.o(.text.cbRETARGET_Rx))
<BR><BR>[Stack]<UL><LI>Max Depth = 8<LI>Call Chain = cbRETARGET_Rx
</UL>
<BR>[Calls]<UL><LI><a href="#[c9]">&gt;&gt;</a>&nbsp;&nbsp;&nbsp;uart_receive_data
<LI><a href="#[c8]">&gt;&gt;</a>&nbsp;&nbsp;&nbsp;uart_get_flag_status
</UL>
<BR>[Called By]<UL><LI><a href="#[31]">&gt;&gt;</a>&nbsp;&nbsp;&nbsp;UART0_IRQHandler
</UL>

<P><STRONG><a name="[ca]"></a>ciErrorCallback</STRONG> (Thumb, 16 bytes, Stack size 0 bytes, app_cli.o(.text.ciErrorCallback))
<BR><BR>[Stack]<UL><LI>Max Depth = 24<LI>Call Chain = ciErrorCallback &rArr; puts &rArr; fputc
</UL>
<BR>[Calls]<UL><LI><a href="#[54]">&gt;&gt;</a>&nbsp;&nbsp;&nbsp;puts
</UL>
<BR>[Called By]<UL><LI><a href="#[ce]">&gt;&gt;</a>&nbsp;&nbsp;&nbsp;ciProcessInput
</UL>

<P><STRONG><a name="[cb]"></a>ciGetSigned</STRONG> (Thumb, 8 bytes, Stack size 0 bytes, command_interpreter.o(.text.ciGetSigned))
<BR><BR>[Stack]<UL><LI>Max Depth = 72<LI>Call Chain = ciGetSigned &rArr; strtol &rArr; _strtoul
</UL>
<BR>[Calls]<UL><LI><a href="#[5e]">&gt;&gt;</a>&nbsp;&nbsp;&nbsp;strtol
</UL>
<BR>[Called By]<UL><LI><a href="#[20]">&gt;&gt;</a>&nbsp;&nbsp;&nbsp;cli_sweeprx
<LI><a href="#[8]">&gt;&gt;</a>&nbsp;&nbsp;&nbsp;cli_setpower
</UL>

<P><STRONG><a name="[55]"></a>ciGetUnsigned</STRONG> (Thumb, 8 bytes, Stack size 0 bytes, command_interpreter.o(.text.ciGetUnsigned))
<BR><BR>[Stack]<UL><LI>Max Depth = 80<LI>Call Chain = ciGetUnsigned &rArr; strtoul &rArr; _strtoul
</UL>
<BR>[Calls]<UL><LI><a href="#[62]">&gt;&gt;</a>&nbsp;&nbsp;&nbsp;strtoul
</UL>
<BR>[Called By]<UL><LI><a href="#[1a]">&gt;&gt;</a>&nbsp;&nbsp;&nbsp;cli_initconfig
<LI><a href="#[19]">&gt;&gt;</a>&nbsp;&nbsp;&nbsp;cli_dumpregs
<LI><a href="#[18]">&gt;&gt;</a>&nbsp;&nbsp;&nbsp;cli_writereg
<LI><a href="#[13]">&gt;&gt;</a>&nbsp;&nbsp;&nbsp;cli_txstream
<LI><a href="#[11]">&gt;&gt;</a>&nbsp;&nbsp;&nbsp;cli_sendburst
<LI><a href="#[6]">&gt;&gt;</a>&nbsp;&nbsp;&nbsp;cli_setfreq
<LI><a href="#[7c]">&gt;&gt;</a>&nbsp;&nbsp;&nbsp;OUTLINED_FUNCTION_0
</UL>
<BR>[Address Reference Count : 4]<UL><LI> app_cli.o(.text.cli_setmodparams)
<LI> app_cli.o(.text.cli_setpacketparams)
<LI> app_cli.o(.text.cli_sweeptx)
<LI> app_cli.o(.text.cli_sweeprx)
</UL>
<P><STRONG><a name="[de]"></a>ciInitState</STRONG> (Thumb, 28 bytes, Stack size 8 bytes, command_interpreter.o(.text.ciInitState))
<BR><BR>[Stack]<UL><LI>Max Depth = 8<LI>Call Chain = ciInitState
</UL>
<BR>[Called By]<UL><LI><a href="#[dd]">&gt;&gt;</a>&nbsp;&nbsp;&nbsp;cli_init
</UL>

<P><STRONG><a name="[cc]"></a>ciPrintHelp</STRONG> (Thumb, 196 bytes, Stack size 40 bytes, command_interpreter.o(.text.ciPrintHelp))
<BR><BR>[Stack]<UL><LI>Max Depth = 64<LI>Call Chain = ciPrintHelp &rArr; __2printf
</UL>
<BR>[Calls]<UL><LI><a href="#[56]">&gt;&gt;</a>&nbsp;&nbsp;&nbsp;__2printf
<LI><a href="#[cd]">&gt;&gt;</a>&nbsp;&nbsp;&nbsp;strlen
<LI><a href="#[54]">&gt;&gt;</a>&nbsp;&nbsp;&nbsp;puts
</UL>
<BR>[Called By]<UL><LI><a href="#[ce]">&gt;&gt;</a>&nbsp;&nbsp;&nbsp;ciProcessInput
</UL>

<P><STRONG><a name="[ce]"></a>ciProcessInput</STRONG> (Thumb, 672 bytes, Stack size 144 bytes, command_interpreter.o(.text.ciProcessInput))
<BR><BR>[Stack]<UL><LI>Max Depth = 248<LI>Call Chain = ciProcessInput &rArr; validateInteger &rArr; strtoul &rArr; _strtoul
</UL>
<BR>[Calls]<UL><LI><a href="#[ca]">&gt;&gt;</a>&nbsp;&nbsp;&nbsp;ciErrorCallback
<LI><a href="#[5c]">&gt;&gt;</a>&nbsp;&nbsp;&nbsp;strcasecmp
<LI><a href="#[cd]">&gt;&gt;</a>&nbsp;&nbsp;&nbsp;strlen
<LI><a href="#[d1]">&gt;&gt;</a>&nbsp;&nbsp;&nbsp;strchr
<LI><a href="#[d3]">&gt;&gt;</a>&nbsp;&nbsp;&nbsp;__aeabi_memmove
<LI><a href="#[cf]">&gt;&gt;</a>&nbsp;&nbsp;&nbsp;__aeabi_memcpy
<LI><a href="#[d0]">&gt;&gt;</a>&nbsp;&nbsp;&nbsp;strtok_r
<LI><a href="#[cc]">&gt;&gt;</a>&nbsp;&nbsp;&nbsp;ciPrintHelp
<LI><a href="#[d2]">&gt;&gt;</a>&nbsp;&nbsp;&nbsp;validateInteger
</UL>
<BR>[Called By]<UL><LI><a href="#[e0]">&gt;&gt;</a>&nbsp;&nbsp;&nbsp;cli_proc
</UL>

<P><STRONG><a name="[15]"></a>cli_clearstats</STRONG> (Thumb, 32 bytes, Stack size 8 bytes, app_cli.o(.text.cli_clearstats))
<BR><BR>[Stack]<UL><LI>Max Depth = 56<LI>Call Chain = cli_clearstats &rArr; radio_clearstats &rArr; SX126X_ResetStats &rArr; SX126X_writeCmd
</UL>
<BR>[Calls]<UL><LI><a href="#[d4]">&gt;&gt;</a>&nbsp;&nbsp;&nbsp;radio_clearstats
<LI><a href="#[d5]">&gt;&gt;</a>&nbsp;&nbsp;&nbsp;printerror
<LI><a href="#[56]">&gt;&gt;</a>&nbsp;&nbsp;&nbsp;__2printf
<LI><a href="#[54]">&gt;&gt;</a>&nbsp;&nbsp;&nbsp;puts
</UL>
<BR>[Address Reference Count : 1]<UL><LI> app_cli.o(.data.commands)
</UL>
<P><STRONG><a name="[19]"></a>cli_dumpregs</STRONG> (Thumb, 64 bytes, Stack size 24 bytes, app_cli.o(.text.cli_dumpregs))
<BR><BR>[Stack]<UL><LI>Max Depth = 104<LI>Call Chain = cli_dumpregs &rArr; ciGetUnsigned &rArr; strtoul &rArr; _strtoul
</UL>
<BR>[Calls]<UL><LI><a href="#[d6]">&gt;&gt;</a>&nbsp;&nbsp;&nbsp;radio_readreg
<LI><a href="#[d5]">&gt;&gt;</a>&nbsp;&nbsp;&nbsp;printerror
<LI><a href="#[55]">&gt;&gt;</a>&nbsp;&nbsp;&nbsp;ciGetUnsigned
<LI><a href="#[56]">&gt;&gt;</a>&nbsp;&nbsp;&nbsp;__2printf
<LI><a href="#[54]">&gt;&gt;</a>&nbsp;&nbsp;&nbsp;puts
</UL>
<BR>[Address Reference Count : 1]<UL><LI> app_cli.o(.data.commands)
</UL>
<P><STRONG><a name="[b]"></a>cli_getRSSI</STRONG> (Thumb, 44 bytes, Stack size 16 bytes, app_cli.o(.text.cli_getRSSI))
<BR><BR>[Stack]<UL><LI>Max Depth = 64<LI>Call Chain = cli_getRSSI &rArr; radio_getrssi &rArr; SX126X_GetRssiInst &rArr; SX126X_readCmd
</UL>
<BR>[Calls]<UL><LI><a href="#[78]">&gt;&gt;</a>&nbsp;&nbsp;&nbsp;__aeabi_f2d
<LI><a href="#[d7]">&gt;&gt;</a>&nbsp;&nbsp;&nbsp;radio_getrssi
<LI><a href="#[d5]">&gt;&gt;</a>&nbsp;&nbsp;&nbsp;printerror
<LI><a href="#[56]">&gt;&gt;</a>&nbsp;&nbsp;&nbsp;__2printf
</UL>
<BR>[Address Reference Count : 1]<UL><LI> app_cli.o(.data.commands)
</UL>
<P><STRONG><a name="[1c]"></a>cli_getchip</STRONG> (Thumb, 60 bytes, Stack size 16 bytes, app_cli.o(.text.cli_getchip))
<BR><BR>[Stack]<UL><LI>Max Depth = 40<LI>Call Chain = cli_getchip &rArr; printerror &rArr; puts &rArr; fputc
</UL>
<BR>[Calls]<UL><LI><a href="#[d8]">&gt;&gt;</a>&nbsp;&nbsp;&nbsp;radio_get_chip_version
<LI><a href="#[d5]">&gt;&gt;</a>&nbsp;&nbsp;&nbsp;printerror
<LI><a href="#[56]">&gt;&gt;</a>&nbsp;&nbsp;&nbsp;__2printf
</UL>
<BR>[Address Reference Count : 1]<UL><LI> app_cli.o(.data.commands)
</UL>
<P><STRONG><a name="[3]"></a>cli_getdevid</STRONG> (Thumb, 12 bytes, Stack size 0 bytes, app_cli.o(.text.cli_getdevid))
<BR><BR>[Stack]<UL><LI>Max Depth = 24<LI>Call Chain = cli_getdevid &rArr; __2printf
</UL>
<BR>[Calls]<UL><LI><a href="#[56]">&gt;&gt;</a>&nbsp;&nbsp;&nbsp;__2printf
</UL>
<BR>[Address Reference Count : 1]<UL><LI> app_cli.o(.data.commands)
</UL>
<P><STRONG><a name="[5]"></a>cli_getfreq</STRONG> (Thumb, 20 bytes, Stack size 0 bytes, app_cli.o(.text.cli_getfreq))
<BR><BR>[Stack]<UL><LI>Max Depth = 24<LI>Call Chain = cli_getfreq &rArr; __2printf
</UL>
<BR>[Calls]<UL><LI><a href="#[56]">&gt;&gt;</a>&nbsp;&nbsp;&nbsp;__2printf
</UL>
<BR>[Address Reference Count : 1]<UL><LI> app_cli.o(.data.commands)
</UL>
<P><STRONG><a name="[d]"></a>cli_getmodparams</STRONG> (Thumb, 96 bytes, Stack size 16 bytes, app_cli.o(.text.cli_getmodparams))
<BR><BR>[Stack]<UL><LI>Max Depth = 40<LI>Call Chain = cli_getmodparams &rArr; printerror &rArr; puts &rArr; fputc
</UL>
<BR>[Calls]<UL><LI><a href="#[d9]">&gt;&gt;</a>&nbsp;&nbsp;&nbsp;radio_getmodparams
<LI><a href="#[d5]">&gt;&gt;</a>&nbsp;&nbsp;&nbsp;printerror
<LI><a href="#[56]">&gt;&gt;</a>&nbsp;&nbsp;&nbsp;__2printf
<LI><a href="#[54]">&gt;&gt;</a>&nbsp;&nbsp;&nbsp;puts
</UL>
<BR>[Address Reference Count : 1]<UL><LI> app_cli.o(.data.commands)
</UL>
<P><STRONG><a name="[f]"></a>cli_getpacketparams</STRONG> (Thumb, 80 bytes, Stack size 24 bytes, app_cli.o(.text.cli_getpacketparams))
<BR><BR>[Stack]<UL><LI>Max Depth = 24<LI>Call Chain = cli_getpacketparams
</UL>
<BR>[Address Reference Count : 1]<UL><LI> app_cli.o(.data.commands)
</UL>
<P><STRONG><a name="[7]"></a>cli_getpower</STRONG> (Thumb, 12 bytes, Stack size 0 bytes, app_cli.o(.text.cli_getpower))
<BR><BR>[Stack]<UL><LI>Max Depth = 24<LI>Call Chain = cli_getpower &rArr; __2printf
</UL>
<BR>[Calls]<UL><LI><a href="#[56]">&gt;&gt;</a>&nbsp;&nbsp;&nbsp;__2printf
</UL>
<BR>[Address Reference Count : 1]<UL><LI> app_cli.o(.data.commands)
</UL>
<P><STRONG><a name="[14]"></a>cli_getstats</STRONG> (Thumb, 44 bytes, Stack size 16 bytes, app_cli.o(.text.cli_getstats))
<BR><BR>[Stack]<UL><LI>Max Depth = 88<LI>Call Chain = cli_getstats &rArr; radio_getstats &rArr; SX126X_LoRaGetStats &rArr; OUTLINED_FUNCTION_5 &rArr; SX126X_readCmd
</UL>
<BR>[Calls]<UL><LI><a href="#[da]">&gt;&gt;</a>&nbsp;&nbsp;&nbsp;radio_getstats
<LI><a href="#[d5]">&gt;&gt;</a>&nbsp;&nbsp;&nbsp;printerror
<LI><a href="#[56]">&gt;&gt;</a>&nbsp;&nbsp;&nbsp;__2printf
</UL>
<BR>[Address Reference Count : 1]<UL><LI> app_cli.o(.data.commands)
</UL>
<P><STRONG><a name="[c]"></a>cli_getstatus</STRONG> (Thumb, 44 bytes, Stack size 16 bytes, app_cli.o(.text.cli_getstatus))
<BR><BR>[Stack]<UL><LI>Max Depth = 40<LI>Call Chain = cli_getstatus &rArr; printerror &rArr; puts &rArr; fputc
</UL>
<BR>[Calls]<UL><LI><a href="#[db]">&gt;&gt;</a>&nbsp;&nbsp;&nbsp;radio_get_status
<LI><a href="#[d5]">&gt;&gt;</a>&nbsp;&nbsp;&nbsp;printerror
<LI><a href="#[56]">&gt;&gt;</a>&nbsp;&nbsp;&nbsp;__2printf
</UL>
<BR>[Address Reference Count : 1]<UL><LI> app_cli.o(.data.commands)
</UL>
<P><STRONG><a name="[2]"></a>cli_getver</STRONG> (Thumb, 12 bytes, Stack size 0 bytes, app_cli.o(.text.cli_getver))
<BR><BR>[Stack]<UL><LI>Max Depth = 24<LI>Call Chain = cli_getver &rArr; __2printf
</UL>
<BR>[Calls]<UL><LI><a href="#[56]">&gt;&gt;</a>&nbsp;&nbsp;&nbsp;__2printf
</UL>
[...]
</UL>

<P><STRONG><a name="[10f]"></a>uart_cmd</STRONG> (Thumb, 12 bytes, Stack size 0 bytes, tremo_uart.o(.text.uart_cmd))
<BR><BR>[Called By]<UL><LI><a href="#[8d]">&gt;&gt;</a>&nbsp;&nbsp;&nbsp;myuart_init
</UL>

<P><STRONG><a name="[10d]"></a>uart_config_init</STRONG> (Thumb, 24 bytes, Stack size 0 bytes, tremo_uart.o(.text.uart_config_init))
<BR><BR>[Called By]<UL><LI><a href="#[8d]">&gt;&gt;</a>&nbsp;&nbsp;&nbsp;myuart_init
</UL>

<P><STRONG><a name="[110]"></a>uart_config_interrupt</STRONG> (Thumb, 16 bytes, Stack size 0 bytes, tremo_uart.o(.text.uart_config_interrupt))
<BR><BR>[Called By]<UL><LI><a href="#[8d]">&gt;&gt;</a>&nbsp;&nbsp;&nbsp;myuart_init
</UL>

<P><STRONG><a name="[c8]"></a>uart_get_flag_status</STRONG> (Thumb, 10 bytes, Stack size 0 bytes, tremo_uart.o(.text.uart_get_flag_status))
<BR><BR>[Called By]<UL><LI><a href="#[c0]">&gt;&gt;</a>&nbsp;&nbsp;&nbsp;cbRETARGET_Rx
<LI><a href="#[59]">&gt;&gt;</a>&nbsp;&nbsp;&nbsp;fputc
</UL>

<P><STRONG><a name="[10e]"></a>uart_init</STRONG> (Thumb, 288 bytes, Stack size 16 bytes, tremo_uart.o(.text.uart_init))
<BR><BR>[Stack]<UL><LI>Max Depth = 16<LI>Call Chain = uart_init
</UL>
<BR>[Calls]<UL><LI><a href="#[ef]">&gt;&gt;</a>&nbsp;&nbsp;&nbsp;rcc_get_clk_freq
<LI><a href="#[120]">&gt;&gt;</a>&nbsp;&nbsp;&nbsp;rcc_get_uart3_clk_source
<LI><a href="#[11f]">&gt;&gt;</a>&nbsp;&nbsp;&nbsp;rcc_get_uart2_clk_source
<LI><a href="#[11d]">&gt;&gt;</a>&nbsp;&nbsp;&nbsp;rcc_get_uart1_clk_source
<LI><a href="#[11e]">&gt;&gt;</a>&nbsp;&nbsp;&nbsp;rcc_get_uart0_clk_source
</UL>
<BR>[Called By]<UL><LI><a href="#[8d]">&gt;&gt;</a>&nbsp;&nbsp;&nbsp;myuart_init
</UL>

<P><STRONG><a name="[c9]"></a>uart_receive_data</STRONG> (Thumb, 12 bytes, Stack size 0 bytes, tremo_uart.o(.text.uart_receive_data))
<BR><BR>[Calls]<UL><LI><a href="#[c9]">&gt;&gt;</a>&nbsp;&nbsp;&nbsp;uart_receive_data
</UL>
<BR>[Called By]<UL><LI><a href="#[c9]">&gt;&gt;</a>&nbsp;&nbsp;&nbsp;uart_receive_data
<LI><a href="#[c0]">&gt;&gt;</a>&nbsp;&nbsp;&nbsp;cbRETARGET_Rx
</UL>

<P><STRONG><a name="[f0]"></a>uart_send_data</STRONG> (Thumb, 10 bytes, Stack size 0 bytes, tremo_uart.o(.text.uart_send_data))
<BR><BR>[Calls]<UL><LI><a href="#[f0]">&gt;&gt;</a>&nbsp;&nbsp;&nbsp;uart_send_data
</UL>
<BR>[Called By]<UL><LI><a href="#[f0]">&gt;&gt;</a>&nbsp;&nbsp;&nbsp;uart_send_data
<LI><a href="#[59]">&gt;&gt;</a>&nbsp;&nbsp;&nbsp;fputc
</UL>

<P><STRONG><a name="[fa]"></a>ustimer_init</STRONG> (Thumb, 112 bytes, Stack size 32 bytes, ustimer.o(.text.ustimer_init))
<BR><BR>[Stack]<UL><LI>Max Depth = 40<LI>Call Chain = ustimer_init &rArr; timer_init
</UL>
<BR>[Calls]<UL><LI><a href="#[57]">&gt;&gt;</a>&nbsp;&nbsp;&nbsp;rcc_enable_peripheral_clk
<LI><a href="#[123]">&gt;&gt;</a>&nbsp;&nbsp;&nbsp;timer_generate_event
<LI><a href="#[bf]">&gt;&gt;</a>&nbsp;&nbsp;&nbsp;timer_clear_status
<LI><a href="#[121]">&gt;&gt;</a>&nbsp;&nbsp;&nbsp;timer_config_interrupt
<LI><a href="#[124]">&gt;&gt;</a>&nbsp;&nbsp;&nbsp;timer_cmd
<LI><a href="#[122]">&gt;&gt;</a>&nbsp;&nbsp;&nbsp;timer_init
</UL>
<BR>[Called By]<UL><LI><a href="#[f6]">&gt;&gt;</a>&nbsp;&nbsp;&nbsp;init_peripherals
</UL>

<P><STRONG><a name="[e3]"></a>writeconfig</STRONG> (Thumb, 40 bytes, Stack size 16 bytes, flash.o(.text.writeconfig))
<BR><BR>[Stack]<UL><LI>Max Depth = 56<LI>Call Chain = writeconfig &rArr; flash_program_bytes
</UL>
<BR>[Calls]<UL><LI><a href="#[126]">&gt;&gt;</a>&nbsp;&nbsp;&nbsp;flash_program_bytes
<LI><a href="#[125]">&gt;&gt;</a>&nbsp;&nbsp;&nbsp;flash_erase_page
<LI><a href="#[11a]">&gt;&gt;</a>&nbsp;&nbsp;&nbsp;__aeabi_memcpy4
</UL>
<BR>[Called By]<UL><LI><a href="#[1b]">&gt;&gt;</a>&nbsp;&nbsp;&nbsp;cli_storeconfig
<LI><a href="#[df]">&gt;&gt;</a>&nbsp;&nbsp;&nbsp;radio_initconfig
<LI><a href="#[4]">&gt;&gt;</a>&nbsp;&nbsp;&nbsp;cli_setdevid
</UL>

<P><STRONG><a name="[127]"></a>__0printf</STRONG> (Thumb, 22 bytes, Stack size 24 bytes, printfa.o(i.__0printf), UNUSED)
<BR><BR>[Calls]<UL><LI><a href="#[128]">&gt;&gt;</a>&nbsp;&nbsp;&nbsp;_printf_core
</UL>

<P><STRONG><a name="[141]"></a>__1printf</STRONG> (Thumb, 0 bytes, Stack size 24 bytes, printfa.o(i.__0printf), UNUSED)

<P><STRONG><a name="[56]"></a>__2printf</STRONG> (Thumb, 0 bytes, Stack size 24 bytes, printfa.o(i.__0printf))
<BR><BR>[Stack]<UL><LI>Max Depth = 24<LI>Call Chain = __2printf
</UL>
<BR>[Called By]<UL><LI><a href="#[103]">&gt;&gt;</a>&nbsp;&nbsp;&nbsp;radio_proc
<LI><a href="#[50]">&gt;&gt;</a>&nbsp;&nbsp;&nbsp;main
<LI><a href="#[20]">&gt;&gt;</a>&nbsp;&nbsp;&nbsp;cli_sweeprx
<LI><a href="#[1f]">&gt;&gt;</a>&nbsp;&nbsp;&nbsp;cli_sweeptx
<LI><a href="#[1e]">&gt;&gt;</a>&nbsp;&nbsp;&nbsp;cli_setopmode
<LI><a href="#[1d]">&gt;&gt;</a>&nbsp;&nbsp;&nbsp;cli_radioinit
<LI><a href="#[1c]">&gt;&gt;</a>&nbsp;&nbsp;&nbsp;cli_getchip
<LI><a href="#[1b]">&gt;&gt;</a>&nbsp;&nbsp;&nbsp;cli_storeconfig
<LI><a href="#[1a]">&gt;&gt;</a>&nbsp;&nbsp;&nbsp;cli_initconfig
<LI><a href="#[19]">&gt;&gt;</a>&nbsp;&nbsp;&nbsp;cli_dumpregs
<LI><a href="#[18]">&gt;&gt;</a>&nbsp;&nbsp;&nbsp;cli_writereg
<LI><a href="#[17]">&gt;&gt;</a>&nbsp;&nbsp;&nbsp;cli_readreg
<LI><a href="#[15]">&gt;&gt;</a>&nbsp;&nbsp;&nbsp;cli_clearstats
<LI><a href="#[14]">&gt;&gt;</a>&nbsp;&nbsp;&nbsp;cli_getstats
<LI><a href="#[13]">&gt;&gt;</a>&nbsp;&nbsp;&nbsp;cli_txstream
<LI><a href="#[11]">&gt;&gt;</a>&nbsp;&nbsp;&nbsp;cli_sendburst
<LI><a href="#[10]">&gt;&gt;</a>&nbsp;&nbsp;&nbsp;cli_setpacketparams
<LI><a href="#[e]">&gt;&gt;</a>&nbsp;&nbsp;&nbsp;cli_setmodparams
<LI><a href="#[d]">&gt;&gt;</a>&nbsp;&nbsp;&nbsp;cli_getmodparams
<LI><a href="#[c]">&gt;&gt;</a>&nbsp;&nbsp;&nbsp;cli_getstatus
<LI><a href="#[b]">&gt;&gt;</a>&nbsp;&nbsp;&nbsp;cli_getRSSI
<LI><a href="#[a]">&gt;&gt;</a>&nbsp;&nbsp;&nbsp;cli_setxotrim
<LI><a href="#[9]">&gt;&gt;</a>&nbsp;&nbsp;&nbsp;cli_getxotrim
<LI><a href="#[8]">&gt;&gt;</a>&nbsp;&nbsp;&nbsp;cli_setpower
<LI><a href="#[7]">&gt;&gt;</a>&nbsp;&nbsp;&nbsp;cli_getpower
<LI><a href="#[6]">&gt;&gt;</a>&nbsp;&nbsp;&nbsp;cli_setfreq
<LI><a href="#[5]">&gt;&gt;</a>&nbsp;&nbsp;&nbsp;cli_getfreq
<LI><a href="#[4]">&gt;&gt;</a>&nbsp;&nbsp;&nbsp;cli_setdevid
<LI><a href="#[3]">&gt;&gt;</a>&nbsp;&nbsp;&nbsp;cli_getdevid
<LI><a href="#[2]">&gt;&gt;</a>&nbsp;&nbsp;&nbsp;cli_getver
<LI><a href="#[1]">&gt;&gt;</a>&nbsp;&nbsp;&nbsp;cli_info
<LI><a href="#[112]">&gt;&gt;</a>&nbsp;&nbsp;&nbsp;print_meshtastic_packet
<LI><a href="#[111]">&gt;&gt;</a>&nbsp;&nbsp;&nbsp;prepareTxPacket
<LI><a href="#[cc]">&gt;&gt;</a>&nbsp;&nbsp;&nbsp;ciPrintHelp
</UL>
<BR>[Address Reference Count : 2]<UL><LI> app_cli.o(.text.cli_setpacketparams)
<LI> mesh_packet.o(.text.print_meshtastic_packet)
</UL>
<P><STRONG><a name="[142]"></a>__c89printf</STRONG> (Thumb, 0 bytes, Stack size 24 bytes, printfa.o(i.__0printf), UNUSED)

<P><STRONG><a name="[143]"></a>printf</STRONG> (Thumb, 0 bytes, Stack size 24 bytes, printfa.o(i.__0printf), UNUSED)

<P><STRONG><a name="[61]"></a>__aeabi_errno_addr</STRONG> (Thumb, 4 bytes, Stack size 0 bytes, errno.o(i.__aeabi_errno_addr))
<BR><BR>[Called By]<UL><LI><a href="#[62]">&gt;&gt;</a>&nbsp;&nbsp;&nbsp;strtoul
<LI><a href="#[5e]">&gt;&gt;</a>&nbsp;&nbsp;&nbsp;strtol
<LI><a href="#[d2]">&gt;&gt;</a>&nbsp;&nbsp;&nbsp;validateInteger
<LI><a href="#[60]">&gt;&gt;</a>&nbsp;&nbsp;&nbsp;_strtoul
</UL>

<P><STRONG><a name="[144]"></a>__rt_errno_addr</STRONG> (Thumb, 0 bytes, Stack size 0 bytes, errno.o(i.__aeabi_errno_addr), UNUSED)

<P><STRONG><a name="[145]"></a>__scatterload_copy</STRONG> (Thumb, 14 bytes, Stack size unknown bytes, handlers.o(i.__scatterload_copy), UNUSED)

<P><STRONG><a name="[146]"></a>__scatterload_null</STRONG> (Thumb, 2 bytes, Stack size unknown bytes, handlers.o(i.__scatterload_null), UNUSED)

<P><STRONG><a name="[147]"></a>__scatterload_zeroinit</STRONG> (Thumb, 14 bytes, Stack size unknown bytes, handlers.o(i.__scatterload_zeroinit), UNUSED)

<P><STRONG><a name="[54]"></a>puts</STRONG> (Thumb, 30 bytes, Stack size 8 bytes, puts.o(i.puts))
<BR><BR>[Stack]<UL><LI>Max Depth = 24<LI>Call Chain = puts &rArr; fputc
</UL>
<BR>[Calls]<UL><LI><a href="#[59]">&gt;&gt;</a>&nbsp;&nbsp;&nbsp;fputc
</UL>
<BR>[Called By]<UL><LI><a href="#[2a]">&gt;&gt;</a>&nbsp;&nbsp;&nbsp;SysTick_Handler
<LI><a href="#[23]">&gt;&gt;</a>&nbsp;&nbsp;&nbsp;HardFault_Handler
<LI><a href="#[50]">&gt;&gt;</a>&nbsp;&nbsp;&nbsp;main
<LI><a href="#[ca]">&gt;&gt;</a>&nbsp;&nbsp;&nbsp;ciErrorCallback
<LI><a href="#[20]">&gt;&gt;</a>&nbsp;&nbsp;&nbsp;cli_sweeprx
<LI><a href="#[1f]">&gt;&gt;</a>&nbsp;&nbsp;&nbsp;cli_sweeptx
<LI><a href="#[1d]">&gt;&gt;</a>&nbsp;&nbsp;&nbsp;cli_radioinit
<LI><a href="#[1b]">&gt;&gt;</a>&nbsp;&nbsp;&nbsp;cli_storeconfig
<LI><a href="#[1a]">&gt;&gt;</a>&nbsp;&nbsp;&nbsp;cli_initconfig
<LI><a href="#[19]">&gt;&gt;</a>&nbsp;&nbsp;&nbsp;cli_dumpregs
<LI><a href="#[16]">&gt;&gt;</a>&nbsp;&nbsp;&nbsp;cli_getvt
<LI><a href="#[15]">&gt;&gt;</a>&nbsp;&nbsp;&nbsp;cli_clearstats
<LI><a href="#[13]">&gt;&gt;</a>&nbsp;&nbsp;&nbsp;cli_txstream
<LI><a href="#[12]">&gt;&gt;</a>&nbsp;&nbsp;&nbsp;cli_stopburst
<LI><a href="#[10]">&gt;&gt;</a>&nbsp;&nbsp;&nbsp;cli_setpacketparams
<LI><a href="#[e]">&gt;&gt;</a>&nbsp;&nbsp;&nbsp;cli_setmodparams
<LI><a href="#[d]">&gt;&gt;</a>&nbsp;&nbsp;&nbsp;cli_getmodparams
<LI><a href="#[d5]">&gt;&gt;</a>&nbsp;&nbsp;&nbsp;printerror
<LI><a href="#[0]">&gt;&gt;</a>&nbsp;&nbsp;&nbsp;cli_reset
<LI><a href="#[112]">&gt;&gt;</a>&nbsp;&nbsp;&nbsp;print_meshtastic_packet
<LI><a href="#[cc]">&gt;&gt;</a>&nbsp;&nbsp;&nbsp;ciPrintHelp
</UL>
<BR>[Address Reference Count : 1]<UL><LI> app_cli.o(.text.cli_getpacketparams)
</UL><P>
<H3>
Local Symbols
</H3>
<P><STRONG><a name="[7c]"></a>OUTLINED_FUNCTION_0</STRONG> (Thumb, 6 bytes, Stack size 0 bytes, app_cli.o(.text.OUTLINED_FUNCTION_0))
<BR><BR>[Stack]<UL><LI>Max Depth = 80<LI>Call Chain = OUTLINED_FUNCTION_0 &rArr; ciGetUnsigned &rArr; strtoul &rArr; _strtoul
</UL>
<BR>[Calls]<UL><LI><a href="#[55]">&gt;&gt;</a>&nbsp;&nbsp;&nbsp;ciGetUnsigned
</UL>
<BR>[Called By]<UL><LI><a href="#[1e]">&gt;&gt;</a>&nbsp;&nbsp;&nbsp;cli_setopmode
<LI><a href="#[17]">&gt;&gt;</a>&nbsp;&nbsp;&nbsp;cli_readreg
<LI><a href="#[a]">&gt;&gt;</a>&nbsp;&nbsp;&nbsp;cli_setxotrim
<LI><a href="#[4]">&gt;&gt;</a>&nbsp;&nbsp;&nbsp;cli_setdevid
</UL>

<P><STRONG><a name="[c7]"></a>__NVIC_SystemReset</STRONG> (Thumb, 28 bytes, Stack size 0 bytes, bsp.o(.text.__NVIC_SystemReset))
<BR><BR>[Called By]<UL><LI><a href="#[c6]">&gt;&gt;</a>&nbsp;&nbsp;&nbsp;bsp_reset_proc
</UL>

<P><STRONG><a name="[7a]"></a>__NVIC_SystemReset</STRONG> (Thumb, 28 bytes, Stack size 0 bytes, tremo_it.o(.text.__NVIC_SystemReset))
<BR><BR>[Called By]<UL><LI><a href="#[23]">&gt;&gt;</a>&nbsp;&nbsp;&nbsp;HardFault_Handler
</UL>

<P><STRONG><a name="[c2]"></a>OUTLINED_FUNCTION_0</STRONG> (Thumb, 10 bytes, Stack size 0 bytes, tremo_adc.o(.text.OUTLINED_FUNCTION_0))
<BR><BR>[Called By]<UL><LI><a href="#[c1]">&gt;&gt;</a>&nbsp;&nbsp;&nbsp;adc_config_conv_mode
</UL>

<P><STRONG><a name="[f1]"></a>OUTLINED_FUNCTION_0</STRONG> (Thumb, 16 bytes, Stack size 0 bytes, tremo_gpio.o(.text.OUTLINED_FUNCTION_0))
<BR><BR>[Called By]<UL><LI><a href="#[58]">&gt;&gt;</a>&nbsp;&nbsp;&nbsp;gpio_init
</UL>

<P><STRONG><a name="[f2]"></a>OUTLINED_FUNCTION_1</STRONG> (Thumb, 28 bytes, Stack size 0 bytes, tremo_gpio.o(.text.OUTLINED_FUNCTION_1))
<BR><BR>[Called By]<UL><LI><a href="#[58]">&gt;&gt;</a>&nbsp;&nbsp;&nbsp;gpio_init
</UL>

<P><STRONG><a name="[f3]"></a>OUTLINED_FUNCTION_3</STRONG> (Thumb, 14 bytes, Stack size 0 bytes, tremo_gpio.o(.text.OUTLINED_FUNCTION_3))
<BR><BR>[Called By]<UL><LI><a href="#[58]">&gt;&gt;</a>&nbsp;&nbsp;&nbsp;gpio_init
</UL>

<P><STRONG><a name="[f5]"></a>OUTLINED_FUNCTION_2</STRONG> (Thumb, 16 bytes, Stack size 0 bytes, tremo_gpio.o(.text.OUTLINED_FUNCTION_2))
<BR><BR>[Called By]<UL><LI><a href="#[f4]">&gt;&gt;</a>&nbsp;&nbsp;&nbsp;gpio_write
</UL>

<P><STRONG><a name="[119]"></a>OUTLINED_FUNCTION_0</STRONG> (Thumb, 6 bytes, Stack size 0 bytes, tremo_rcc.o(.text.OUTLINED_FUNCTION_0))
<BR><BR>[Called By]<UL><LI><a href="#[100]">&gt;&gt;</a>&nbsp;&nbsp;&nbsp;rcc_set_systick_source
<LI><a href="#[ff]">&gt;&gt;</a>&nbsp;&nbsp;&nbsp;rcc_set_pclk_div
<LI><a href="#[fe]">&gt;&gt;</a>&nbsp;&nbsp;&nbsp;rcc_set_hclk_div
<LI><a href="#[fd]">&gt;&gt;</a>&nbsp;&nbsp;&nbsp;rcc_set_sys_clk_source
<LI><a href="#[104]">&gt;&gt;</a>&nbsp;&nbsp;&nbsp;rcc_set_adc_clk_source
<LI><a href="#[10c]">&gt;&gt;</a>&nbsp;&nbsp;&nbsp;rcc_set_uart0_clk_source
</UL>

<P><STRONG><a name="[84]"></a>OUTLINED_FUNCTION_2</STRONG> (Thumb, 6 bytes, Stack size 0 bytes, radio_func.o(.text.OUTLINED_FUNCTION_2))
<BR><BR>[Stack]<UL><LI>Max Depth = 40<LI>Call Chain = OUTLINED_FUNCTION_2 &rArr; SX126X_setopmode &rArr; SX126X_SetTx &rArr; SX126X_writeCmd
</UL>
<BR>[Calls]<UL><LI><a href="#[85]">&gt;&gt;</a>&nbsp;&nbsp;&nbsp;SX126X_setopmode
</UL>
<BR>[Called By]<UL><LI><a href="#[e1]">&gt;&gt;</a>&nbsp;&nbsp;&nbsp;radio_init
<LI><a href="#[e6]">&gt;&gt;</a>&nbsp;&nbsp;&nbsp;radio_setpktparams
<LI><a href="#[e4]">&gt;&gt;</a>&nbsp;&nbsp;&nbsp;radio_setmodparams
<LI><a href="#[e8]">&gt;&gt;</a>&nbsp;&nbsp;&nbsp;radio_setxotrim
<LI><a href="#[e7]">&gt;&gt;</a>&nbsp;&nbsp;&nbsp;radio_set_power
<LI><a href="#[80]">&gt;&gt;</a>&nbsp;&nbsp;&nbsp;radio_set_freq
</UL>

<P><STRONG><a name="[83]"></a>OUTLINED_FUNCTION_1</STRONG> (Thumb, 12 bytes, Stack size 0 bytes, radio_func.o(.text.OUTLINED_FUNCTION_1))
<BR><BR>[Stack]<UL><LI>Max Depth = 48<LI>Call Chain = OUTLINED_FUNCTION_1 &rArr; SX126X_writeReg &rArr; SX126X_writeRegs
</UL>
<BR>[Calls]<UL><LI><a href="#[7e]">&gt;&gt;</a>&nbsp;&nbsp;&nbsp;SX126X_writeReg
</UL>
<BR>[Called By]<UL><LI><a href="#[e1]">&gt;&gt;</a>&nbsp;&nbsp;&nbsp;radio_init
<LI><a href="#[e8]">&gt;&gt;</a>&nbsp;&nbsp;&nbsp;radio_setxotrim
</UL>

<P><STRONG><a name="[7d]"></a>OUTLINED_FUNCTION_0</STRONG> (Thumb, 12 bytes, Stack size 0 bytes, radio_func.o(.text.OUTLINED_FUNCTION_0))
<BR><BR>[Stack]<UL><LI>Max Depth = 48<LI>Call Chain = OUTLINED_FUNCTION_0 &rArr; SX126X_writeReg &rArr; SX126X_writeRegs
</UL>
<BR>[Calls]<UL><LI><a href="#[7e]">&gt;&gt;</a>&nbsp;&nbsp;&nbsp;SX126X_writeReg
</UL>
<BR>[Called By]<UL><LI><a href="#[e1]">&gt;&gt;</a>&nbsp;&nbsp;&nbsp;radio_init
<LI><a href="#[e8]">&gt;&gt;</a>&nbsp;&nbsp;&nbsp;radio_setxotrim
</UL>

<P><STRONG><a name="[86]"></a>OUTLINED_FUNCTION_3</STRONG> (Thumb, 6 bytes, Stack size 0 bytes, sx126x.o(.text.OUTLINED_FUNCTION_3))
<BR><BR>[Stack]<UL><LI>Max Depth = 24<LI>Call Chain = OUTLINED_FUNCTION_3 &rArr; SX126X_writeCmd
</UL>
<BR>[Calls]<UL><LI><a href="#[87]">&gt;&gt;</a>&nbsp;&nbsp;&nbsp;SX126X_writeCmd
</UL>
<BR>[Called By]<UL><LI><a href="#[ac]">&gt;&gt;</a>&nbsp;&nbsp;&nbsp;SX126X_SetStandby
<LI><a href="#[9d]">&gt;&gt;</a>&nbsp;&nbsp;&nbsp;SX126X_SetDIO2AsRfSwitchCtrl
<LI><a href="#[a5]">&gt;&gt;</a>&nbsp;&nbsp;&nbsp;SX126X_SetPacketType
<LI><a href="#[a6]">&gt;&gt;</a>&nbsp;&nbsp;&nbsp;SX126X_SetRegulatorMode
</UL>

<P><STRONG><a name="[aa]"></a>OUTLINED_FUNCTION_2</STRONG> (Thumb, 12 bytes, Stack size 0 bytes, sx126x.o(.text.OUTLINED_FUNCTION_2))
<BR><BR>[Called By]<UL><LI><a href="#[ad]">&gt;&gt;</a>&nbsp;&nbsp;&nbsp;SX126X_SetTx
<LI><a href="#[a8]">&gt;&gt;</a>&nbsp;&nbsp;&nbsp;SX126X_SetRx
</UL>

<P><STRONG><a name="[88]"></a>OUTLINED_FUNCTION_4</STRONG> (Thumb, 10 bytes, Stack size 0 bytes, sx126x.o(.text.OUTLINED_FUNCTION_4))
<BR><BR>[Stack]<UL><LI>Max Depth = 24<LI>Call Chain = OUTLINED_FUNCTION_4 &rArr; SX126X_readCmd
</UL>
<BR>[Calls]<UL><LI><a href="#[89]">&gt;&gt;</a>&nbsp;&nbsp;&nbsp;SX126X_readCmd
</UL>
<BR>[Called By]<UL><LI><a href="#[92]">&gt;&gt;</a>&nbsp;&nbsp;&nbsp;SX126X_GetLoRaPacketStatus
</UL>

<P><STRONG><a name="[93]"></a>OUTLINED_FUNCTION_1</STRONG> (Thumb, 22 bytes, Stack size 0 bytes, sx126x.o(.text.OUTLINED_FUNCTION_1))
<BR><BR>[Called By]<UL><LI><a href="#[92]">&gt;&gt;</a>&nbsp;&nbsp;&nbsp;SX126X_GetLoRaPacketStatus
</UL>

<P><STRONG><a name="[8a]"></a>OUTLINED_FUNCTION_5</STRONG> (Thumb, 10 bytes, Stack size 0 bytes, sx126x.o(.text.OUTLINED_FUNCTION_5))
<BR><BR>[Stack]<UL><LI>Max Depth = 24<LI>Call Chain = OUTLINED_FUNCTION_5 &rArr; SX126X_readCmd
</UL>
<BR>[Calls]<UL><LI><a href="#[89]">&gt;&gt;</a>&nbsp;&nbsp;&nbsp;SX126X_readCmd
</UL>
<BR>[Called By]<UL><LI><a href="#[97]">&gt;&gt;</a>&nbsp;&nbsp;&nbsp;SX126X_LoRaGetStats
</UL>

<P><STRONG><a name="[98]"></a>OUTLINED_FUNCTION_0</STRONG> (Thumb, 38 bytes, Stack size 0 bytes, sx126x.o(.text.OUTLINED_FUNCTION_0))
<BR><BR>[Called By]<UL><LI><a href="#[97]">&gt;&gt;</a>&nbsp;&nbsp;&nbsp;SX126X_LoRaGetStats
</UL>

<P><STRONG><a name="[7f]"></a>OUTLINED_FUNCTION_0</STRONG> (Thumb, 10 bytes, Stack size 0 bytes, radio_proc.o(.text.OUTLINED_FUNCTION_0))
<BR><BR>[Stack]<UL><LI>Max Depth = 72<LI>Call Chain = OUTLINED_FUNCTION_0 &rArr; radio_set_freq &rArr; __aeabi_ui2d &rArr; _double_epilogue &rArr; _double_round
</UL>
<BR>[Calls]<UL><LI><a href="#[80]">&gt;&gt;</a>&nbsp;&nbsp;&nbsp;radio_set_freq
</UL>
<BR>[Called By]<UL><LI><a href="#[e9]">&gt;&gt;</a>&nbsp;&nbsp;&nbsp;radio_rxscan
<LI><a href="#[ec]">&gt;&gt;</a>&nbsp;&nbsp;&nbsp;radio_txsweep
</UL>

<P><STRONG><a name="[81]"></a>OUTLINED_FUNCTION_0</STRONG> (Thumb, 10 bytes, Stack size 0 bytes, sx126x_interface.o(.text.OUTLINED_FUNCTION_0))
<BR><BR>[Calls]<UL><LI><a href="#[82]">&gt;&gt;</a>&nbsp;&nbsp;&nbsp;SX126X_checkBusy
</UL>
<BR>[Called By]<UL><LI><a href="#[89]">&gt;&gt;</a>&nbsp;&nbsp;&nbsp;SX126X_readCmd
<LI><a href="#[b3]">&gt;&gt;</a>&nbsp;&nbsp;&nbsp;SX126X_readBuffer
<LI><a href="#[b9]">&gt;&gt;</a>&nbsp;&nbsp;&nbsp;SX126X_writeBuffer
<LI><a href="#[b4]">&gt;&gt;</a>&nbsp;&nbsp;&nbsp;SX126X_readRegs
<LI><a href="#[ba]">&gt;&gt;</a>&nbsp;&nbsp;&nbsp;SX126X_writeRegs
</UL>

<P><STRONG><a name="[d2]"></a>validateInteger</STRONG> (Thumb, 84 bytes, Stack size 24 bytes, command_interpreter.o(.text.validateInteger))
<BR><BR>[Stack]<UL><LI>Max Depth = 104<LI>Call Chain = validateInteger &rArr; strtoul &rArr; _strtoul
</UL>
<BR>[Calls]<UL><LI><a href="#[62]">&gt;&gt;</a>&nbsp;&nbsp;&nbsp;strtoul
<LI><a href="#[5e]">&gt;&gt;</a>&nbsp;&nbsp;&nbsp;strtol
<LI><a href="#[61]">&gt;&gt;</a>&nbsp;&nbsp;&nbsp;__aeabi_errno_addr
<LI><a href="#[cd]">&gt;&gt;</a>&nbsp;&nbsp;&nbsp;strlen
</UL>
<BR>[Called By]<UL><LI><a href="#[ce]">&gt;&gt;</a>&nbsp;&nbsp;&nbsp;ciProcessInput
</UL>

<P><STRONG><a name="[129]"></a>_fp_digits</STRONG> (Thumb, 366 bytes, Stack size 64 bytes, printfa.o(i._fp_digits), UNUSED)
<BR><BR>[Calls]<UL><LI><a href="#[63]">&gt;&gt;</a>&nbsp;&nbsp;&nbsp;__aeabi_dadd
<LI><a href="#[6a]">&gt;&gt;</a>&nbsp;&nbsp;&nbsp;__aeabi_dmul
<LI><a href="#[6b]">&gt;&gt;</a>&nbsp;&nbsp;&nbsp;__aeabi_ddiv
<LI><a href="#[71]">&gt;&gt;</a>&nbsp;&nbsp;&nbsp;__aeabi_uldivmod
<LI><a href="#[73]">&gt;&gt;</a>&nbsp;&nbsp;&nbsp;__aeabi_d2ulz
<LI><a href="#[12a]">&gt;&gt;</a>&nbsp;&nbsp;&nbsp;__aeabi_cdrcmple
</UL>
<BR>[Called By]<UL><LI><a href="#[128]">&gt;&gt;</a>&nbsp;&nbsp;&nbsp;_printf_core
</UL>

<P><STRONG><a name="[128]"></a>_printf_core</STRONG> (Thumb, 1744 bytes, Stack size 136 bytes, printfa.o(i._printf_core), UNUSED)
<BR><BR>[Calls]<UL><LI><a href="#[71]">&gt;&gt;</a>&nbsp;&nbsp;&nbsp;__aeabi_uldivmod
<LI><a href="#[12d]">&gt;&gt;</a>&nbsp;&nbsp;&nbsp;__aeabi_uidivmod
<LI><a href="#[12b]">&gt;&gt;</a>&nbsp;&nbsp;&nbsp;_printf_pre_padding
<LI><a href="#[12c]">&gt;&gt;</a>&nbsp;&nbsp;&nbsp;_printf_post_padding
<LI><a href="#[129]">&gt;&gt;</a>&nbsp;&nbsp;&nbsp;_fp_digits
</UL>
<BR>[Called By]<UL><LI><a href="#[127]">&gt;&gt;</a>&nbsp;&nbsp;&nbsp;__0printf
</UL>

<P><STRONG><a name="[12c]"></a>_printf_post_padding</STRONG> (Thumb, 36 bytes, Stack size 24 bytes, printfa.o(i._printf_post_padding), UNUSED)
<BR><BR>[Called By]<UL><LI><a href="#[128]">&gt;&gt;</a>&nbsp;&nbsp;&nbsp;_printf_core
</UL>

<P><STRONG><a name="[12b]"></a>_printf_pre_padding</STRONG> (Thumb, 46 bytes, Stack size 24 bytes, printfa.o(i._printf_pre_padding), UNUSED)
<BR><BR>[Called By]<UL><LI><a href="#[128]">&gt;&gt;</a>&nbsp;&nbsp;&nbsp;_printf_core
</UL>
<P>
<H3>
Undefined Global Symbols
</H3><HR></body></html>
