<html>
<body>
<pre>
<h1>µVision Build Log</h1>
<h2>Tool Versions:</h2>
IDE-Version: µVision V5.42.0.0
Copyright (C) 2025 ARM Ltd and ARM Germany GmbH. All rights reserved.
License Information: Kurt Donnerwetter, freelancer, LIC=FYKYW-Q663M-NNSAF-645PY-8MH3C-059J3
 
Tool Versions:
Toolchain:       MDK-ARM Plus  Version: 5.42.0.0
Toolchain Path:  C:\Keil_v5\ARM\ARMCLANG\Bin
C Compiler:      ArmClang.exe V6.23
Assembler:       Armasm.exe V6.23
Linker/Locator:  ArmLink.exe V6.23
Library Manager: ArmAr.exe V6.23
Hex Converter:   FromElf.exe V6.23
CPU DLL:         SARMCM3.DLL V5.42.0.0
Dialog DLL:      DCM.DLL V1.17.5.0
Target DLL:      Segger\JL2CM3.dll V2.99.45.0
Dialog DLL:      TCM.DLL V1.56.6.0
 
<h2>Project:</h2>
D:\RF_projects\LoRa-platform\FW\mesh_sniffer\FW_RA08\tremo_mesh.uvprojx
Project File Date:  12/14/2025

<h2>Output:</h2>
*** Using Compiler 'V6.23', folder: 'C:\Keil_v5\ARM\ARMCLANG\Bin'
Rebuild target 'asr6601'
compiling main.c...
compiling bsp.c...
compiling app_cli.c...
compiling retarget.c...
assembling startup_tremo.s...
compiling tremo_it.c...
compiling system_tremo.c...
compiling tremo_bstimer.c...
compiling tremo_adc.c...
compiling tremo_crc.c...
compiling tremo_delay.c...
compiling tremo_dac.c...
compiling tremo_flash.c...
compiling tremo_gpio.c...
compiling tremo_dma.c...
compiling tremo_i2c.c...
compiling tremo_i2s.c...
compiling tremo_iwdg.c...
compiling tremo_lcd.c...
compiling tremo_lptimer.c...
compiling tremo_lpuart.c...
compiling tremo_pwr.c...
compiling tremo_rcc.c...
compiling tremo_spi.c...
compiling tremo_rtc.c...
compiling tremo_system.c...
compiling tremo_wdg.c...
compiling tremo_timer.c...
compiling tremo_uart.c...
compiling gpio.c...
compiling uart.c...
compiling lorac.c...
compiling flash.c...
compiling adc.c...
compiling i2c.c...
compiling ustimer.c...
compiling radio_func.c...
compiling userdata_defs.c...
compiling sx126x_proc.c...
compiling sx126x.c...
compiling radio_proc.c...
compiling sx126x_interface.c...
compiling mesh_packet.c...
compiling command_interpreter.c...
linking...
Program Size: Code=18576 RO-data=1460 RW-data=556 ZI-data=8172  
FromELF: creating hex file...
".\Objects\tremo_sniffer.axf" - 0 Error(s), 0 Warning(s).

<h2>Software Packages used:</h2>

Package Vendor: ARM
                https://www.keil.com/pack/ARM.Cortex_DFP.1.1.0.pack
                ARM::Cortex_DFP@1.1.0
                ARM Cortex Reference Subsystems Device Family Pack

<h2>Collection of Component include folders:</h2>
  C:/Users/Admin/AppData/Local/Arm/Packs/ARM/Cortex_DFP/1.1.0/Device/ARMCM4/Include

<h2>Collection of Component Files used:</h2>
Build Time Elapsed:  00:00:06
</pre>
</body>
</html>
