<html>
<body>
<pre>
<h1>µVision Build Log</h1>
<h2>Tool Versions:</h2>
IDE-Version: µVision V5.43.1.0
Copyright (C) 2025 ARM Ltd and ARM Germany GmbH. All rights reserved.
License Information: Kurt Donnerwetter, freelancer, LIC=50D7S-LUZZR-BX4UY-IWJ2K-HGE9I-C075C
 
Tool Versions:
Toolchain:       MDK-ARM Professional  Version: 5.43.0.0
Toolchain Path:  C:\Keil_v535\ARM\ARMCC\Bin
C Compiler:      Armcc.exe V5.06 update 7 (build 960)
Assembler:       Armasm.exe V5.06 update 7 (build 960)
Linker/Locator:  ArmLink.exe V5.06 update 7 (build 960)
Library Manager: ArmAr.exe V5.06 update 7 (build 960)
Hex Converter:   FromElf.exe V5.06 update 7 (build 960)
CPU DLL:         SARMCM3.DLL V5.43.0.0
Dialog DLL:      DCM.DLL V1.17.5.0
Target DLL:      Segger\JL2CM3.dll V2.99.45.0
Dialog DLL:      TCM.DLL V1.56.6.0
 
<h2>Project:</h2>
D:\RFprojects\LoRa-platform\FW\mesh_sniffer\FW_AT32\MDK_V5\M665_sniffer.uvprojx
Project File Date:  12/03/2025

<h2>Output:</h2>
*** Using Compiler 'V5.06 update 7 (build 960)', folder: 'C:\Keil_v535\ARM\ARMCC\Bin'
Build target 'M665FW_AT32'
compiling wk_exint.c...
compiling rtc.c...
compiling wk_adc.c...
compiling at32f413_int.c...
compiling wk_debug.c...
compiling at32f413_wk_config.c...
compiling wk_rtc.c...
compiling wk_spi.c...
compiling wk_gpio.c...
compiling wk_usart.c...
compiling wk_system.c...
compiling wk_usbfs.c...
compiling wk_wdt.c...
compiling at32f413_acc.c...
compiling at32f413_bpr.c...
compiling at32f413_crc.c...
compiling at32f413_adc.c...
compiling at32f413_can.c...
compiling at32f413_debug.c...
compiling at32f413_dma.c...
compiling at32f413_crm.c...
compiling at32f413_exint.c...
compiling at32f413_gpio.c...
compiling at32f413_flash.c...
compiling at32f413_misc.c...
compiling at32f413_i2c.c...
compiling at32f413_pwc.c...
compiling at32f413_rtc.c...
compiling at32f413_sdio.c...
compiling at32f413_spi.c...
assembling startup_at32f413.s...
compiling at32f413_wdt.c...
compiling at32f413_usart.c...
compiling at32f413_usb.c...
compiling at32f413_tmr.c...
compiling at32f413_wwdt.c...
compiling system_at32f413.c...
compiling usbd_int.c...
compiling usbd_core.c...
compiling cdc_desc.c...
compiling usbd_sdr.c...
compiling cdc_class.c...
compiling command_interpreter.c...
compiling retarget.c...
compiling bsp.c...
compiling flash.c...
compiling app_cli.c...
compiling mesh_packet.c...
compiling radio_proc.c...
compiling main.c...
compiling usb_app.c...
compiling sx126x_proc.c...
compiling sx126x.c...
compiling radio_func.c...
compiling sx126x_interface.c...
compiling userdata_defs.c...
compiling sx128x.c...
compiling sx128x_proc.c...
compiling pan_proc.c...
compiling pan_rf.c...
compiling lr112x_proc.c...
compiling lr112x_interface.c...
compiling pan_interface.c...
compiling lr112x.c...
..\radiodriver\lr112x.c(258): warning:  #1035-D: single-precision operand implicitly converted to double-precision
    return 25.0 - 588.235 * (((float)tmp/2048)*1.35-0.7295);
..\radiodriver\lr112x.c: 1 warning, 0 errors
compiling sx128x_interface.c...
compiling ssd1306_interface.c...
compiling ssd1306.c...
compiling test.c...
compiling gui.c...
linking...
Program Size: Code=37384 RO-data=4880 RW-data=976 ZI-data=13424  
FromELF: creating hex file...
".\objects\sniffer.axf" - 0 Error(s), 1 Warning(s).

<h2>Software Packages used:</h2>

Package Vendor: ArteryTek
                
                ArteryTek::AT32F413_DFP@2.1.3
                ArteryTek AT32F413 Series Device Support,Drivers

<h2>Collection of Component include folders:</h2>
  C:/Users/Admin/AppData/Local/Arm/Packs/ArteryTek/AT32F413_DFP/2.1.3/Device/Include

<h2>Collection of Component Files used:</h2>
Build Time Elapsed:  00:00:05
</pre>
</body>
</html>
