Added Component: Designator=C1(C-0805)
Add component (AddParameter): Name = "Voltage"; Value = "50V"; VariantName = "[No Variations]"
Add component (AddParameter): Name = "Вид"; Value = "Конденсатор"; VariantName = "[No Variations]"
Add component (AddParameter): Name = "Виробник"; Value = ""; VariantName = "[No Variations]"
Add component (AddParameter): Name = "Примітки"; Value = ""; VariantName = "[No Variations]"
Add component (AddParameter): Name = "Точність/група"; Value = "NP0"; VariantName = "[No Variations]"
Added Component: Designator=C2(C-0603)
Add component (AddParameter): Name = "Voltage"; Value = "50V"; VariantName = "[No Variations]"
Add component (AddParameter): Name = "Вид"; Value = "Конденсатор"; VariantName = "[No Variations]"
Add component (AddParameter): Name = "Виробник"; Value = ""; VariantName = "[No Variations]"
Add component (AddParameter): Name = "Примітки"; Value = ""; VariantName = "[No Variations]"
Add component (AddParameter): Name = "Точність/група"; Value = "NP0"; VariantName = "[No Variations]"
Added Component: Designator=C3(C-0805)
Add component (AddParameter): Name = "Voltage"; Value = "50V"; VariantName = "[No Variations]"
Add component (AddParameter): Name = "Вид"; Value = "Конденсатор"; VariantName = "[No Variations]"
Add component (AddParameter): Name = "Виробник"; Value = ""; VariantName = "[No Variations]"
Add component (AddParameter): Name = "Примітки"; Value = ""; VariantName = "[No Variations]"
Add component (AddParameter): Name = "Точність/група"; Value = "NP0"; VariantName = "[No Variations]"
Added Component: Designator=C4(C-0603)
Add component (AddParameter): Name = "Voltage"; Value = "50V"; VariantName = "[No Variations]"
Add component (AddParameter): Name = "Вид"; Value = "Конденсатор"; VariantName = "[No Variations]"
Add component (AddParameter): Name = "Виробник"; Value = ""; VariantName = "[No Variations]"
Add component (AddParameter): Name = "Примітки"; Value = ""; VariantName = "[No Variations]"
Add component (AddParameter): Name = "Точність/група"; Value = "NP0"; VariantName = "[No Variations]"
Added Component: Designator=C5(C-0603)
Add component (AddParameter): Name = "Voltage"; Value = "50V"; VariantName = "[No Variations]"
Add component (AddParameter): Name = "Вид"; Value = "Конденсатор"; VariantName = "[No Variations]"
Add component (AddParameter): Name = "Виробник"; Value = ""; VariantName = "[No Variations]"
Add component (AddParameter): Name = "Примітки"; Value = ""; VariantName = "[No Variations]"
Add component (AddParameter): Name = "Точність/група"; Value = "NP0"; VariantName = "[No Variations]"
Added Component: Designator=C6(C-0805)
Add component (AddParameter): Name = "Voltage"; Value = "50V"; VariantName = "[No Variations]"
Add component (AddParameter): Name = "Вид"; Value = "Конденсатор"; VariantName = "[No Variations]"
Add component (AddParameter): Name = "Виробник"; Value = ""; VariantName = "[No Variations]"
Add component (AddParameter): Name = "Примітки"; Value = ""; VariantName = "[No Variations]"
Add component (AddParameter): Name = "Точність/група"; Value = "NP0"; VariantName = "[No Variations]"
Added Component: Designator=C7(C-0805)
Add component (AddParameter): Name = "Voltage"; Value = "50V"; VariantName = "[No Variations]"
Add component (AddParameter): Name = "Вид"; Value = "Конденсатор"; VariantName = "[No Variations]"
Add component (AddParameter): Name = "Виробник"; Value = ""; VariantName = "[No Variations]"
Add component (AddParameter): Name = "Примітки"; Value = ""; VariantName = "[No Variations]"
Add component (AddParameter): Name = "Точність/група"; Value = "NP0"; VariantName = "[No Variations]"
Added Component: Designator=C8(C-0603)
Add component (AddParameter): Name = "Voltage"; Value = "50V"; VariantName = "[No Variations]"
Add component (AddParameter): Name = "Вид"; Value = "Конденсатор"; VariantName = "[No Variations]"
Add component (AddParameter): Name = "Виробник"; Value = ""; VariantName = "[No Variations]"
Add component (AddParameter): Name = "Примітки"; Value = ""; VariantName = "[No Variations]"
Add component (AddParameter): Name = "Точність/група"; Value = "NP0"; VariantName = "[No Variations]"
Added Component: Designator=C9(C-0805)
Add component (AddParameter): Name = "Voltage"; Value = "50V"; VariantName = "[No Variations]"
Add component (AddParameter): Name = "Вид"; Value = "Конденсатор"; VariantName = "[No Variations]"
Add component (AddParameter): Name = "Виробник"; Value = ""; VariantName = "[No Variations]"
Add component (AddParameter): Name = "Примітки"; Value = ""; VariantName = "[No Variations]"
Add component (AddParameter): Name = "Точність/група"; Value = "NP0"; VariantName = "[No Variations]"
Added Component: Designator=D3(LED_3mm_RED)
Add component (AddParameter): Name = "Voltage"; Value = ""; VariantName = "[No Variations]"
Add component (AddParameter): Name = "Вид"; Value = "Світлодіод"; VariantName = "[No Variations]"
Add component (AddParameter): Name = "Виробник"; Value = ""; VariantName = "[No Variations]"
Add component (AddParameter): Name = "Примітки"; Value = ""; VariantName = "[No Variations]"
Added Component: Designator=D4(LED_3mm_RED)
Add component (AddParameter): Name = "Voltage"; Value = ""; VariantName = "[No Variations]"
Add component (AddParameter): Name = "Вид"; Value = "Світлодіод"; VariantName = "[No Variations]"
Add component (AddParameter): Name = "Виробник"; Value = ""; VariantName = "[No Variations]"
Add component (AddParameter): Name = "Примітки"; Value = ""; VariantName = "[No Variations]"
Added Component: Designator=E1(ANT_H868_V)
Add component (AddParameter): Name = "Voltage"; Value = ""; VariantName = "[No Variations]"
Add component (AddParameter): Name = "Вид"; Value = "Антена"; VariantName = "[No Variations]"
Add component (AddParameter): Name = "Виробник"; Value = ""; VariantName = "[No Variations]"
Add component (AddParameter): Name = "Примітки"; Value = "Пряма"; VariantName = "[No Variations]"
Add component (AddParameter): Name = "Точність/група"; Value = ""; VariantName = "[No Variations]"
Added Component: Designator=JP1(USB_C_SMD_SLOT)
Add component (AddParameter): Name = "Mounting  Method"; Value = "SMD"; VariantName = "[No Variations]"
Add component (AddParameter): Name = "Value"; Value = ""; VariantName = "[No Variations]"
Added Component: Designator=JP2(SMA_F_EDGE)
Add component (AddParameter): Name = "Voltage"; Value = ""; VariantName = "[No Variations]"
Add component (AddParameter): Name = "Вид"; Value = "Роз'єм"; VariantName = "[No Variations]"
Add component (AddParameter): Name = "Виробник"; Value = ""; VariantName = "[No Variations]"
Add component (AddParameter): Name = "Примітки"; Value = ""; VariantName = "[No Variations]"
Added Component: Designator=JP3(PLS1-2)
Add component (AddParameter): Name = ""; Value = ""; VariantName = "[No Variations]"
Add component (AddParameter): Name = "Voltage"; Value = ""; VariantName = "[No Variations]"
Add component (AddParameter): Name = "Вид"; Value = "Роз'єм"; VariantName = "[No Variations]"
Add component (AddParameter): Name = "Виробник"; Value = ""; VariantName = "[No Variations]"
Add component (AddParameter): Name = "Примітки"; Value = ""; VariantName = "[No Variations]"
Added Component: Designator=M1(OLED096_I2C)
Added Component: Designator=R1(R-0603)
Add component (AddParameter): Name = "Voltage"; Value = ""; VariantName = "[No Variations]"
Add component (AddParameter): Name = "Вид"; Value = "Резистор"; VariantName = "[No Variations]"
Add component (AddParameter): Name = "Виробник"; Value = ""; VariantName = "[No Variations]"
Add component (AddParameter): Name = "Примітки"; Value = ""; VariantName = "[No Variations]"
Add component (AddParameter): Name = "Точність/група"; Value = "5%"; VariantName = "[No Variations]"
Added Component: Designator=R2(R-0603)
Add component (AddParameter): Name = "Voltage"; Value = ""; VariantName = "[No Variations]"
Add component (AddParameter): Name = "Вид"; Value = "Резистор"; VariantName = "[No Variations]"
Add component (AddParameter): Name = "Виробник"; Value = ""; VariantName = "[No Variations]"
Add component (AddParameter): Name = "Примітки"; Value = ""; VariantName = "[No Variations]"
Add component (AddParameter): Name = "Точність/група"; Value = "5%"; VariantName = "[No Variations]"
Added Component: Designator=R3(R-0603)
Add component (AddParameter): Name = "Voltage"; Value = ""; VariantName = "[No Variations]"
Add component (AddParameter): Name = "Вид"; Value = "Резистор"; VariantName = "[No Variations]"
Add component (AddParameter): Name = "Виробник"; Value = ""; VariantName = "[No Variations]"
Add component (AddParameter): Name = "Примітки"; Value = ""; VariantName = "[No Variations]"
Add component (AddParameter): Name = "Точність/група"; Value = "5%"; VariantName = "[No Variations]"
Added Component: Designator=R4(R-0603)
Add component (AddParameter): Name = "Voltage"; Value = ""; VariantName = "[No Variations]"
Add component (AddParameter): Name = "Вид"; Value = "Резистор"; VariantName = "[No Variations]"
Add component (AddParameter): Name = "Виробник"; Value = ""; VariantName = "[No Variations]"
Add component (AddParameter): Name = "Примітки"; Value = ""; VariantName = "[No Variations]"
Add component (AddParameter): Name = "Точність/група"; Value = "5%"; VariantName = "[No Variations]"
Added Component: Designator=R5(R-0603)
Add component (AddParameter): Name = "Voltage"; Value = ""; VariantName = "[No Variations]"
Add component (AddParameter): Name = "Вид"; Value = "Резистор"; VariantName = "[No Variations]"
Add component (AddParameter): Name = "Виробник"; Value = ""; VariantName = "[No Variations]"
Add component (AddParameter): Name = "Примітки"; Value = ""; VariantName = "[No Variations]"
Add component (AddParameter): Name = "Точність/група"; Value = "5%"; VariantName = "[No Variations]"
Added Component: Designator=S1(SK-12D07VG5)
Add component (AddParameter): Name = ""; Value = ""; VariantName = "[No Variations]"
Add component (AddParameter): Name = "Вид"; Value = "Перемикач"; VariantName = "[No Variations]"
Add component (AddParameter): Name = "Виробник"; Value = ""; VariantName = "[No Variations]"
Add component (AddParameter): Name = "Робоча напруга"; Value = ""; VariantName = "[No Variations]"
Added Component: Designator=S2(KLS7-TS3602)
Add component (AddParameter): Name = "Вид"; Value = "Кнопка"; VariantName = "[No Variations]"
Add component (AddParameter): Name = "Виробник"; Value = ""; VariantName = "[No Variations]"
Add component (AddParameter): Name = "Робоча напруга"; Value = ""; VariantName = "[No Variations]"
Added Component: Designator=U1(SOT223)
Add component (AddParameter): Name = "Вид"; Value = "Мікросхема"; VariantName = "[No Variations]"
Add component (AddParameter): Name = "Виробник"; Value = ""; VariantName = "[No Variations]"
Add component (AddParameter): Name = "Примітки"; Value = ""; VariantName = "[No Variations]"
Added Component: Designator=U2(SOT-23-5)
Add component (AddParameter): Name = "Component Type"; Value = "SMD"; VariantName = "[No Variations]"
Add component (AddParameter): Name = "F17"; Value = ""; VariantName = "[No Variations]"
Add component (AddParameter): Name = "F18"; Value = ""; VariantName = "[No Variations]"
Add component (AddParameter): Name = "Footprint Part"; Value = "IC-package.PcbLib"; VariantName = "[No Variations]"
Add component (AddParameter): Name = "IC Type"; Value = "PMIC"; VariantName = "[No Variations]"
Add component (AddParameter): Name = "Library Part"; Value = "IC`s.SchLib"; VariantName = "[No Variations]"
Add component (AddParameter): Name = "Man#Part Num#"; Value = "TPS61023DRLT"; VariantName = "[No Variations]"
Add component (AddParameter): Name = "Manufacturer"; Value = "Texas Instruments"; VariantName = "[No Variations]"
Add component (AddParameter): Name = "MARCING CODE"; Value = ""; VariantName = "[No Variations]"
Add component (AddParameter): Name = "Mounting  Method"; Value = "SMD"; VariantName = "[No Variations]"
Add component (AddParameter): Name = "Package"; Value = "SOT-563"; VariantName = "[No Variations]"
Add component (AddParameter): Name = "Part Number"; Value = "MCP73831-2ATI/OT"; VariantName = "[No Variations]"
Add component (AddParameter): Name = "Part Type"; Value = "IC"; VariantName = "[No Variations]"
Add component (AddParameter): Name = "Suplier 1"; Value = "https://www.digikey.com.au/en/products/detail/texas-instruments/TPS61023DRLT/11310622?s=N4IgTCBcDaICoAUDKA2AjABjAZgCICUAZOEAXQF8g"; VariantName = "[No Variations]"
Add component (AddParameter): Name = "Temperature Range"; Value = "-40°C ~ 125°C (TJ)"; VariantName = "[No Variations]"
Add component (AddParameter): Name = "URL"; Value = "https://www.ti.com/general/docs/suppproductinfo.tsp?distId=10&gotoUrl=https%3A%2F%2Fwww.ti.com%2Flit%2Fgpn%2Ftps61023"; VariantName = "[No Variations]"
Add component (AddParameter): Name = "Value"; Value = "{Value}"; VariantName = "[No Variations]"
Added Component: Designator=U3(HT-CT62)
Add component (AddParameter): Name = "Value"; Value = "HT-CT62"; VariantName = "[No Variations]"
Added Component: Designator=U4(MSOP-10)
Add component (AddParameter): Name = "Mounting  Method"; Value = "SMD"; VariantName = "[No Variations]"
Add component (AddParameter): Name = "Value"; Value = "{Value}"; VariantName = "[No Variations]"
Added Pin To Net: NetName=DN Pin=JP1-A7
Added Pin To Net: NetName=DN Pin=JP1-B7
Added Pin To Net: NetName=DN Pin=U4-2
Added Net: Name=DN
Added Pin To Net: NetName=DP Pin=JP1-A6
Added Pin To Net: NetName=DP Pin=JP1-B6
Added Pin To Net: NetName=DP Pin=U4-1
Added Net: Name=DP
Added Pin To Net: NetName=GND Pin=C1-1
Added Pin To Net: NetName=GND Pin=C2-1
Added Pin To Net: NetName=GND Pin=C3-2
Added Pin To Net: NetName=GND Pin=C4-1
Added Pin To Net: NetName=GND Pin=C5-1
Added Pin To Net: NetName=GND Pin=C6-2
Added Pin To Net: NetName=GND Pin=C7-2
Added Pin To Net: NetName=GND Pin=C9-1
Added Pin To Net: NetName=GND Pin=D4-2
Added Pin To Net: NetName=GND Pin=JP1-A1
Added Pin To Net: NetName=GND Pin=JP1-A12
Added Pin To Net: NetName=GND Pin=JP1-B1
Added Pin To Net: NetName=GND Pin=JP1-B12
Added Pin To Net: NetName=GND Pin=JP2-2
Added Pin To Net: NetName=GND Pin=JP2-2
Added Pin To Net: NetName=GND Pin=JP2-2
Added Pin To Net: NetName=GND Pin=JP2-2
Added Pin To Net: NetName=GND Pin=JP3-2
Added Pin To Net: NetName=GND Pin=M1-1
Added Pin To Net: NetName=GND Pin=R4-1
Added Pin To Net: NetName=GND Pin=S2-1
Added Pin To Net: NetName=GND Pin=U1-1
Added Pin To Net: NetName=GND Pin=U2-2
Added Pin To Net: NetName=GND Pin=U3-2
Added Pin To Net: NetName=GND Pin=U3-13
Added Pin To Net: NetName=GND Pin=U3-21
Added Pin To Net: NetName=GND Pin=U4-3
Added Net: Name=GND
Added Pin To Net: NetName=NetC2_2 Pin=C2-2
Added Pin To Net: NetName=NetC2_2 Pin=R1-2
Added Pin To Net: NetName=NetC2_2 Pin=U3-11
Added Net: Name=NetC2_2
Added Pin To Net: NetName=NetC8_1 Pin=C8-1
Added Pin To Net: NetName=NetC8_1 Pin=U3-22
Added Net: Name=NetC8_1
Added Pin To Net: NetName=NetC8_2 Pin=C8-2
Added Pin To Net: NetName=NetC8_2 Pin=JP2-1
Added Net: Name=NetC8_2
Added Pin To Net: NetName=NetD1_2 Pin=S1-2
Added Net: Name=NetD1_2
Added Pin To Net: NetName=NetD3_2 Pin=D3-2
Added Pin To Net: NetName=NetD3_2 Pin=R3-2
Added Net: Name=NetD3_2
Added Pin To Net: NetName=NetD4_1 Pin=D4-1
Added Pin To Net: NetName=NetD4_1 Pin=R2-1
Added Net: Name=NetD4_1
Added Pin To Net: NetName=NetE1_1 Pin=E1-1
Added Pin To Net: NetName=NetE1_1 Pin=U3-1
Added Net: Name=NetE1_1
Added Pin To Net: NetName=NetR2_2 Pin=R2-2
Added Pin To Net: NetName=NetR2_2 Pin=U3-8
Added Net: Name=NetR2_2
Added Pin To Net: NetName=NetR3_1 Pin=R3-1
Added Pin To Net: NetName=NetR3_1 Pin=U2-1
Added Net: Name=NetR3_1
Added Pin To Net: NetName=NetR4_2 Pin=R4-2
Added Pin To Net: NetName=NetR4_2 Pin=U2-5
Added Net: Name=NetR4_2
Added Pin To Net: NetName=NetR5_2 Pin=R5-2
Added Pin To Net: NetName=NetR5_2 Pin=S2-2
Added Pin To Net: NetName=NetR5_2 Pin=U3-15
Added Net: Name=NetR5_2
Added Pin To Net: NetName=RXD Pin=U3-19
Added Pin To Net: NetName=RXD Pin=U4-8
Added Net: Name=RXD
Added Pin To Net: NetName=SCL Pin=M1-3
Added Pin To Net: NetName=SCL Pin=U3-10
Added Net: Name=SCL
Added Pin To Net: NetName=SDA Pin=M1-4
Added Pin To Net: NetName=SDA Pin=U3-9
Added Net: Name=SDA
Added Pin To Net: NetName=TXD Pin=U3-20
Added Pin To Net: NetName=TXD Pin=U4-9
Added Net: Name=TXD
Added Pin To Net: NetName=V_BATT Pin=C9-2
Added Pin To Net: NetName=V_BATT Pin=JP3-1
Added Pin To Net: NetName=V_BATT Pin=U2-3
Added Net: Name=V_BATT
Added Pin To Net: NetName=V_BUS Pin=C1-2
Added Pin To Net: NetName=V_BUS Pin=D3-1
Added Pin To Net: NetName=V_BUS Pin=U2-4
Added Net: Name=V_BUS
Added Pin To Net: NetName=V_IN Pin=C3-1
Added Pin To Net: NetName=V_IN Pin=S1-3
Added Pin To Net: NetName=V_IN Pin=U1-3
Added Net: Name=V_IN
Added Pin To Net: NetName=VBUS Pin=JP1-A4
Added Pin To Net: NetName=VBUS Pin=JP1-A9
Added Pin To Net: NetName=VBUS Pin=JP1-B4
Added Pin To Net: NetName=VBUS Pin=JP1-B9
Added Net: Name=VBUS
Added Pin To Net: NetName=VCC Pin=C4-2
Added Pin To Net: NetName=VCC Pin=C5-2
Added Pin To Net: NetName=VCC Pin=C6-1
Added Pin To Net: NetName=VCC Pin=C7-1
Added Pin To Net: NetName=VCC Pin=M1-2
Added Pin To Net: NetName=VCC Pin=R1-1
Added Pin To Net: NetName=VCC Pin=R5-1
Added Pin To Net: NetName=VCC Pin=U1-2
Added Pin To Net: NetName=VCC Pin=U1-4
Added Pin To Net: NetName=VCC Pin=U3-12
Added Pin To Net: NetName=VCC Pin=U4-7
Added Pin To Net: NetName=VCC Pin=U4-10
Added Net: Name=VCC
