Change component parameters: Designator = "JP3" ("JP3"); Footprint = "PLS1-2"; UniqueID = "\DTCZQKBJ" ("\DTCZQKBJ")
Change component parameters (AddParameter): Name = ""; Value = ""; VariantName = "[No Variations]"
Change component parameters (AddParameter): Name = "Voltage"; Value = ""; VariantName = "[No Variations]"
Change component parameters (AddParameter): Name = "Вид"; Value = "Роз'єм"; VariantName = "[No Variations]"
Change component parameters (AddParameter): Name = "Виробник"; Value = ""; VariantName = "[No Variations]"
Change component parameters (AddParameter): Name = "Примітки"; Value = ""; VariantName = "[No Variations]"
Change component parameters: Designator = "S1" ("S1"); Footprint = "SK-12D07VG5"; UniqueID = "\JVIBTWIN" ("\JVIBTWIN")
Change component parameters (AddParameter): Name = ""; Value = ""; VariantName = "[No Variations]"
Change component parameters (AddParameter): Name = "Вид"; Value = "Перемикач"; VariantName = "[No Variations]"
Change component parameters (AddParameter): Name = "Виробник"; Value = ""; VariantName = "[No Variations]"
Change component parameters (AddParameter): Name = "Робоча напруга"; Value = ""; VariantName = "[No Variations]"
Added Component: Designator=D1(D-SMA)
Add component (AddParameter): Name = "Voltage"; Value = ""; VariantName = "[No Variations]"
Add component (AddParameter): Name = "Вид"; Value = "Діод"; VariantName = "[No Variations]"
Add component (AddParameter): Name = "Виробник"; Value = ""; VariantName = "[No Variations]"
Add component (AddParameter): Name = "Примітки"; Value = ""; VariantName = "[No Variations]"
Added Component: Designator=D2(D-SMA)
Add component (AddParameter): Name = "Voltage"; Value = ""; VariantName = "[No Variations]"
Add component (AddParameter): Name = "Вид"; Value = "Діод"; VariantName = "[No Variations]"
Add component (AddParameter): Name = "Виробник"; Value = ""; VariantName = "[No Variations]"
Add component (AddParameter): Name = "Примітки"; Value = ""; VariantName = "[No Variations]"
Added Pin To Net: NetName=VBUS Pin=D1-1
Added Pin To Net: NetName=NetD1_2 Pin=D1-2
Added Pin To Net: NetName=V_BATT Pin=D2-1
Added Pin To Net: NetName=NetD1_2 Pin=D2-2
