<html>
<body>
<pre>
<h1>µVision Build Log</h1>
<h2>Tool Versions:</h2>
IDE-Version: µVision V5.43.1.0
Copyright (C) 2025 ARM Ltd and ARM Germany GmbH. All rights reserved.
License Information: Kurt Donnerwetter, freelancer, LIC=50D7S-LUZZR-BX4UY-IWJ2K-HGE9I-C075C
 
Tool Versions:
Toolchain:       MDK-ARM Professional  Version: 5.43.0.0
Toolchain Path:  C:\Keil_v535\ARM\ARMCLANG\Bin
C Compiler:      ArmClang.exe V6.24
Assembler:       Armasm.exe V6.24
Linker/Locator:  ArmLink.exe V6.24
Library Manager: ArmAr.exe V6.24
Hex Converter:   FromElf.exe V6.24
CPU DLL:         SARMCM3.DLL V5.43.0.0
Dialog DLL:      DCM.DLL V1.17.5.0
Target DLL:      Segger\JL2CM3.dll V2.99.45.0
Dialog DLL:      TCM.DLL V1.56.6.0
 
<h2>Project:</h2>
D:\RFprojects\LoRa-platform\FW\mesh_sniffer\FW_E77\e77_mesh.uvprojx
Project File Date:  11/26/2025

<h2>Output:</h2>
*** Using Compiler 'V6.24', folder: 'C:\Keil_v535\ARM\ARMCLANG\Bin'
Build target 'stm32wle5'
compiling subghz.c...
compiling radio_func.c...
linking...
Program Size: Code=16428 RO-data=1736 RW-data=560 ZI-data=3028  
FromELF: creating hex file...
".\Objects\e77_sniffer.axf" - 0 Error(s), 0 Warning(s).

<h2>Software Packages used:</h2>

Package Vendor: Keil
                https://www.keil.com/pack/Keil.STM32WLxx_DFP.1.2.0.pack
                Keil::STM32WLxx_DFP@1.2.0
                STMicroelectronics STM32WL Series Device Support

<h2>Collection of Component include folders:</h2>
  C:/Users/Admin/AppData/Local/Arm/Packs/Keil/STM32WLxx_DFP/1.2.0/Drivers/CMSIS/Device/ST/STM32WLxx/Include

<h2>Collection of Component Files used:</h2>
Build Time Elapsed:  00:00:01
</pre>
</body>
</html>
