RESET
RESET: OK

RF test board
HW=1,FW=0.1
Radio init: OK
GET_CHIP
GET_CHIP: TODO
INIT_CONFIG:3029:0
INIT_CONFIG: OK
STORE_CONFIG
STORE_CONFIG: OK
GET_RSSI
GET_RSSI: -87.0 dBm
GET_RSSI
GET_RSSI: -86.0 dBm
GET_RSSI
GET_RSSI: -86.0 dBm
RESET
RESET: OK

RF test board
HW=1,FW=0.1
Radio init: TODO
GET_FREQ
GET_FREQ: 433125
TX_STREAM:1
TX_STREAM: CW
TX_STREAM:0
TX_STREAM: OFF
START_TX:5:3000:0x0002
START_TX: 5,3000
TX: 1
TX: 2
TX: 3
TX: 4
TX: 5
TX_STREAM:0
TX_STREAM: OFF
TX: DONE
START_TX:5:3000:0x0002
START_TX: 5,3000
TX: 1
TX: 2
TX: 3
TX: 4
TX: 5
TX: DONE
STOP_TX
STOP_TX: ERROR
TX_STREAM:0
TX_STREAM: OFF
GET_RSSI
GET_RSSI: -86.0 dBm
GET_RSSI
GET_RSSI: -86.0 dBm
GET_RSSI
GET_RSSI: -86.0 dBm
GET_RSSI
GET_RSSI: -87.0 dBm
GET_XOTRIM
GET_XOTRIM: TODO
GET_POWER
GET_POWER: 10 dBm
TX_STREAM:1
TX_STREAM: CW
TX_STREAM:0
TX_STREAM: OFF
