RESET
RESET: OK

RF test board
HW=1,FW=0.1
Radio init: TODO
PAN_READREG:3:0x0d
PAN_READREG: 3,0x0D,0x58
GET_MODPARAMS
GET_MODPARAMS: 
BW=250
SF=11
CR:4_8
LDROPT:OFF
PAN_READREG:3:0x0e
PAN_READREG: 3,0x0E,0xB8
PAN_READREG:3:0x0f
PAN_READREG: 3,0x0F,0xB4
PAN_WRITEREG:3:0x0f:0x2b
PAN_READREG:3:0x0f
PAN_READREG: 3,0x0F,0xB4
PAN_WRITEREG:3:0x0f:0x2b

RF test board
HW=1,FW=0.1
Radio init: TODO
PAN_READREG:3:0x0f
PAN_READREG: 3,0x0F,0xB4
PAN_WRITEREG:3:0x0f:0x2b
PAN_WRITEREG: 3,0x0F,0x2B
PAN_READREG:3:0x0f
PAN_READREG: 3,0x0F,0x2B
GET_MODPARAMS
GET_MODPARAMS: 
BW=250
SF=11
CR:4_8
LDROPT:OFF
PAN_READREG:3:0x0e
PAN_READREG: 3,0x0E,0xB8
PAN_READREG:3:0x0d
PAN_READREG: 3,0x0D,0x58

RF test board
HW=1,FW=0.1
Radio init: TODO
PAN_READREG:3:0x0d
PAN_READREG: 3,0x0D,0x08
PAN_READREG:3:0x0d
PAN_READREG: 3,0x0D,0x08

RF test board
HW=1,FW=0.1
Radio init: TODO
PAN_READREG:3:0x0d
PAN_READREG: 3,0x0D,0x58
PAN_READREG:3:0x0d
PAN_READREG: 3,0x0D,0x58
PAN_WRITEREG:3:0x0d:0x82
PAN_WRITEREG: 3,0x0D,0x82
PAN_READREG:3:0x0d
PAN_READREG: 3,0x0D,0x82
INIT_CONFIG:3029:0
INIT_CONFIG: OK
STORE_CONFIG
STORE_CONFIG: OK
RESET
RESET: OK

RF test board
HW=1,FW=0.1
Radio init: TODO
PAN_READREG:3:0x0d
PAN_READREG: 3,0x0D,0x52
GET_MODPARAMS
GET_MODPARAMS: 
BW=250
SF=11
CR:4_5
LDROPT:OFF

RF test board
HW=1,FW=0.1
Radio init: TODO
INIT_CONFIG:3029:0
INIT_CONFIG: OK
STORE_CONFIG
STORE_CONFIG: OK
RESET
RESET: OK

RF test board
HW=1,FW=0.1
Radio init: TODO
GET_MODPARAMS
GET_MODPARAMS: 
BW=250
SF=11
CR:4_5
LDROPT:OFF
PAN_READREG:3:0x0d
PAN_READREG: 3,0x0D,0x82
START_TX:5:3000:0x0002
START_TX: 5,3000
TX: 1
Flags:0x01
TX: 2
Flags:0x01
TX: 3
Flags:0x01
TX: 4
Flags:0x01
TX: 5
Flags:0x01
TX: DONE
GET_RSSI
GET_RSSI: -86.0 dBm
GET_RSSI
GET_RSSI: -86.0 dBm
START_TX:5:3000:0x0002
START_TX: 5,3000
TX: 1
Flags:0x01
TX: 2
Flags:0x01
TX: 3
Flags:0x01
TX: 4
Flags:0x01
TX: 5
Flags:0x01
TX: DONE
START_TX:5:3000:0x0002
START_TX: 5,3000
TX: 1
Flags:0x01
TX: 2
Flags:0x01
TX: 3
Flags:0x01
TX: 4
Flags:0x01
TX: 5
Flags:0x01
TX: DONE

RF test board
HW=1,FW=0.1
Radio init: TODO
START_TX:5:3000:0x0002
START_TX: 5,3000
TX: 1
TX: 2
TX: 3
TX: 4
TX: 5
TX: DONE
START_TX:5:3000:0x0002
START_TX: 5,3000
TX: 1
TX: 2
TX: 3
TX: 4
TX: 5
TX: DONE
GET_RSSI
GET_RSSI: -72.0 dBm
GET_RSSI
GET_RSSI: -72.0 dBm
GET_RSSI
GET_RSSI: -72.0 dBm
GET_RSSI
GET_RSSI: -72.0 dBm
GET_RSSI
GET_RSSI: -71.0 dBm
GET_RSSI
GET_RSSI: -87.0 dBm
GET_RSSI
GET_RSSI: -86.0 dBm
GET_RSSI
GET_RSSI: -86.0 dBm
TX_STREAM:1
TX_STREAM: CW
TX_STREAM:0
TX_STREAM: OFF
GET_PACKETPARAMS
GET_PACKETPARAMS:
SYNC=0x002B,PRE_LEN=16
PAY_LEN=255
HEADER:EXPLICIT
CRC:ON
INVERTIQ:OFF
GET_FREQ
GET_FREQ: 433125
START_TX:5:3000:0x0002
START_TX: 5,3000
TX: 1
TX: 2
TX: 3
TX: 4
TX: 5
TX: DONE
SET_FREQ:380000
SET_FREQ: INVALID PARAMETER
SET_FREQ:416000
SET_FREQ: 416000
START_TX:5:3000:0x0002
START_TX: 5,3000
TX: 1
TX: 2
TX: 3
TX: 4
TX: 5
TX: DONE
SET_FREQ:416000
SET_FREQ: 416000
START_TX:5:3000:0x0002
START_TX: 5,3000
TX: 1
TX: 2
TX: 3
TX: 4
TX: 5
TX: DONE
STORE_CONFIG
STORE_CONFIG: OK
RESET
RESET: OK

RF test board
HW=1,FW=0.1
Radio init: TODO
GET_FREQ
GET_FREQ: 416000
START_TX:5:3000:0x0002
START_TX: 5,3000
TX: 1
TX: 2
TX: 3
TX: 4
TX: 5
TX: DONE
GET_PACKETPARAMS
GET_PACKETPARAMS:
SYNC=0x002B,PRE_LEN=16
PAY_LEN=255
HEADER:EXPLICIT
CRC:ON
INVERTIQ:OFF
SET_PACKETPARAMS:0x2b:16:0:0:1
INVALID ARGUMENT
SET_PACKETPARAMS:0x2b:16:0:0:1:0
SET_PACKETPARAMS: SET_PACKETPARAMS:
SYNC=0x002B,PRE_LEN=16
PAY_LEN=0
HEADER:EXPLICIT
CRC:ON
INVERTIQ:OFF
START_TX:5:3000:0x0002
START_TX: 5,3000
TX: 1
TX: 2
TX: 3
TX: 4
TX: 5
TX: DONE
GET_PACKETPARAMS
GET_PACKETPARAMS:
SYNC=0x002B,PRE_LEN=16
PAY_LEN=0
HEADER:EXPLICIT
CRC:ON
INVERTIQ:OFF
RESET
RESET: OK

RF test board
HW=1,FW=0.1
Radio init: TODO
GET_PACKETPARAMS
GET_PACKETPARAMS:
SYNC=0x002B,PRE_LEN=16
PAY_LEN=255
HEADER:EXPLICIT
CRC:ON
INVERTIQ:OFF
SET_PACKETPARAMS:0x2b:16:255:0:0:0
SET_PACKETPARAMS: SET_PACKETPARAMS:
SYNC=0x002B,PRE_LEN=16
PAY_LEN=255
HEADER:EXPLICIT
CRC:OFF
INVERTIQ:OFF
START_TX:5:3000:0x0002
START_TX: 5,3000
TX: 1
TX: 2
TX: 3
TX: 4
TX: 5
TX: DONE
TX_STREAM:1
TX_STREAM: CW
TX_STREAM:0
TX_STREAM: OFF
GET_RSSI
GET_RSSI: -11.0 dBm
GET_RSSI
GET_RSSI: -11.0 dBm
GET_RSSI
GET_RSSI: -11.0 dBm
GET_RSSI
GET_RSSI: -11.0 dBm
START_TX:5:3000:0x0002
START_TX: 5,3000
TX: 1
TX: 2
TX: 3
TX: 4
TX: 5
TX: DONE
PAN_READREG:3:0x0f
PAN_READREG: 3,0x0F,0x2B
PAN_READREG:3:0x0e
PAN_READREG: 3,0x0E,0xB0
SET_PACKETPARAMS:0x2b:16:255:0:1:0
SET_PACKETPARAMS: SET_PACKETPARAMS:
SYNC=0x002B,PRE_LEN=16
PAY_LEN=255
HEADER:EXPLICIT
CRC:ON
INVERTIQ:OFF

RF test board
HW=1,FW=0.1
Radio init: TODO
GET_PACKETPARAMS
GET_PACKETPARAMS:
SYNC=0x002B,PRE_LEN=16
PAY_LEN=255
HEADER:EXPLICIT
CRC:ON
INVERTIQ:OFF
PAN_READREG:3:0x0e
PAN_READREG: 3,0x0E,0xB8
PAN_READREG:3:0x0f
PAN_READREG: 3,0x0F,0x2B
PAN_READREG:3:0x10
PAN_READREG: 3,0x10,0xC0
PAN_READREG:3:0x11
PAN_READREG: 3,0x11,0x0F
PAN_READREG:3:0x12
PAN_READREG: 3,0x12,0x16
PAN_READREG:3:0x13
PAN_READREG: 3,0x13,0x10
PAN_READREG:3:0x14
PAN_READREG: 3,0x14,0x00
PAN_READREG:3:0x24
PAN_READREG: 3,0x24,0x00
PAN_READREG:3:0x26
PAN_READREG: 3,0x26,0x20
PAN_READREG:3:0x1a
PAN_READREG: 3,0x1A,0x03
PAN_READREG:3:0x0d
PAN_READREG: 3,0x0D,0x82
PAN_READREG:3:0x06
PAN_READREG: 3,0x06,0x22
PAN_READREG:0:0x75
PAN_READREG: 0,0x75,0x00
PAN_READREG:0:0x74
PAN_READREG: 0,0x74,0x00
PAN_READREG:0:0x54
PAN_READREG: 0,0x54,0x00
PAN_READREG:0:0x58
PAN_READREG: 0,0x58,0x0F
PAN_READREG:0:0x02
PAN_READREG: 0,0x02,0x06
PAN_READREG:0:0x04
PAN_READREG: 0,0x04,0x76
PAN_WRITEREG:0:0x04:0x06
PAN_WRITEREG: 0,0x04,0x06
PAN_READREG:0:0x04
PAN_READREG: 0,0x04,0x06
START_TX:5:3000:0x0002
START_TX: 5,3000
TX: 1
TX: 2
TX: 3
TX: 4
TX: 5
TX: DONE
RESET
RESET: OK

RF test board
HW=1,FW=0.1
Radio init: TODO
START_TX:5:3000:0x0002
START_TX: 5,3000
TX: 1
TX: 2
TX: 3
TX: 4
TX: 5
TX: DONE
PAN_READREG:0:0x04
PAN_READREG: 0,0x04,0x76
GET_MODPARAMS
GET_MODPARAMS: 
BW=250
SF=11
CR:4_5
LDROPT:OFF
GET_VBAT
INVALID COMMAND
GET_RSSI
GET_RSSI: -77.0 dBm
GET_RSSI
GET_RSSI: -78.0 dBm
GET_RSSI
GET_RSSI: -79.0 dBm
GET_RSSI
GET_RSSI: -79.0 dBm
GET_RSSI
GET_RSSI: -78.0 dBm
GET_RSSI
GET_RSSI: -79.0 dBm
GET_RSSI
GET_RSSI: -82.0 dBm
GET_RSSI
GET_RSSI: -83.0 dBm
GET_RSSI
GET_RSSI: -82.0 dBm
GET_RSSI
GET_RSSI: -82.0 dBm
START_TX:5:3000:0x0002
START_TX: 5,3000
TX: 1
TX: 2
TX: 3
TX: 4
TX: 5
TX: DONE
GET_PACKETPARAMS
GET_PACKETPARAMS:
SYNC=0x002B,PRE_LEN=16
PAY_LEN=255
HEADER:EXPLICIT
CRC:ON
INVERTIQ:OFF
SET_PACKETPARAMS:0x12:16:0:0:1:0
SET_PACKETPARAMS: 
SYNC=0x0012,PRE_LEN=16
PAY_LEN=0
HEADER:EXPLICIT
CRC:ON
INVERTIQ:OFF
STORE_CONFIG
STORE_CONFIG: OK
RESET
RESET: OK

RF test board
HW=1,FW=0.1
Radio init: TODO
START_TX:5:3000:0x0002
START_TX: 5,3000
TX: 1
TX: 2
TX: 3
TX: 4
TX: 5
TX: DONE
SET_PACKETPARAMS:0x2b:16:0:0:1:0
SET_PACKETPARAMS: 
SYNC=0x002B,PRE_LEN=16
PAY_LEN=0
HEADER:EXPLICIT
CRC:ON
INVERTIQ:OFF
STORE_CONFIG
STORE_CONFIG: OK
RESET
RESET: OK

RF test board
HW=1,FW=0.1
Radio init: TODO
START_TX:5:3000:0x0002
START_TX: 5,3000
TX: 1
TX: 2
TX: 3
TX: 4
TX: 5
TX: DONE
GET_MODPARAMS
GET_MODPARAMS: 
BW=250
SF=11
CR:4_5
LDROPT:OFF
SET_MODPARAMS:250:11:4:1
SET_MODPARAMS: 
BW=250
SF=11
CR:4_8
LDROPT:ON
GET_MODPARAMS
GET_MODPARAMS: 
BW=250
SF=11
CR:4_8
LDROPT:ON
GET_PACKETPARAMS
GET_PACKETPARAMS:
SYNC=0x002B,PRE_LEN=16
PAY_LEN=0
HEADER:EXPLICIT
CRC:ON
INVERTIQ:OFF
SET_PACKETPARAMS:0x2b:16:255:0:1:0
SET_PACKETPARAMS: 
SYNC=0x002B,PRE_LEN=16
PAY_LEN=255
HEADER:EXPLICIT
CRC:ON
INVERTIQ:OFF
STORE_CONFIG
STORE_CONFIG: OK
RESET
RESET: OK

RF test board
HW=1,FW=0.1
Radio init: TODO
GET_PACKETPARAMS
GET_PACKETPARAMS:
SYNC=0x002B,PRE_LEN=16
PAY_LEN=255
HEADER:EXPLICIT
CRC:ON
INVERTIQ:OFF
START_TX:5:3000:0x0002
START_TX: 5,3000
TX: 1
TX: 2
TX: 3
TX: 4
TX: 5
TX: DONE
PAN_READREG:0:0x00
PAN_READREG: 0,0x00,0x00
PAN_READREG:0:0x01
PAN_READREG: 0,0x01,0x02
PAN_READREG:0:0x01
PAN_READREG: 0,0x01,0x02
PAN_READREG:0:0x01
PAN_READREG: 0,0x01,0x02
PAN_READREG:0:0x01
PAN_READREG: 0,0x01,0x02
PAN_READREG:0:0x01
PAN_READREG: 0,0x01,0x02
PAN_READREG:0:0x02
PAN_READREG: 0,0x02,0x06
PAN_READREG:0:0x02
PAN_READREG: 0,0x02,0x06
PAN_READREG:0:0x02
PAN_READREG: 0,0x02,0x06
PAN_READREG:0:0x03
PAN_READREG: 0,0x03,0x1B
