<html>
<body>
<pre>
<h1>µVision Build Log</h1>
<h2>Tool Versions:</h2>
IDE-Version: µVision V5.40.0.0
Copyright (C) 2024 ARM Ltd and ARM Germany GmbH. All rights reserved.
License Information: Kurt Donnerwetter, freelancer, LIC=50D7S-LUZZR-BX4UY-IWJ2K-HGE9I-C075C
 
Tool Versions:
Toolchain:       MDK-ARM Professional  Version: 5.40.0.3
Toolchain Path:  C:\Keil_v535\ARM\ARMCC\Bin
C Compiler:      Armcc.exe V5.06 update 7 (build 960)
Assembler:       Armasm.exe V5.06 update 7 (build 960)
Linker/Locator:  ArmLink.exe V5.06 update 7 (build 960)
Library Manager: ArmAr.exe V5.06 update 7 (build 960)
Hex Converter:   FromElf.exe V5.06 update 7 (build 960)
CPU DLL:         SARMCM3.DLL V5.40.0.3
Dialog DLL:      DCM.DLL V1.17.5.0
Target DLL:      Segger\JL2CM3.dll V2.99.44.0
Dialog DLL:      TCM.DLL V1.56.4.0
 
<h2>Project:</h2>
D:\RFprojects\zucker\ssd1306\0.96inch_SPI_OLED_Module_SSD1306_MSP096X_V1.0\1-Demo\Demo_STM32\0.96inch_OLED_Demo_STM32F103RCT6_Hardware_3-wire_SPI\PROJECT\OLED.uvprojx
Project File Date:  08/20/2024

<h2>Output:</h2>
*** Using Compiler 'V5.06 update 7 (build 960)', folder: 'C:\Keil_v535\ARM\ARMCC\Bin'
Rebuild target 'QD-OLED'
compiling system_stm32f10x.c...
compiling main.c...
compiling stm32f10x_it.c...
compiling oled.c...
compiling test.c...
compiling gui.c...
assembling startup_stm32f10x_hd.s...
compiling core_cm3.c...
compiling delay.c...
compiling sys.c...
compiling spi.c...
compiling misc.c...
compiling stm32f10x_gpio.c...
compiling stm32f10x_rcc.c...
compiling stm32f10x_spi.c...
linking...
Program Size: Code=10728 RO-data=4384 RW-data=3340 ZI-data=2884  
FromELF: creating hex file...
"..\OBJ\TEST_OLED.axf" - 0 Error(s), 0 Warning(s).

<h2>Software Packages used:</h2>

Package Vendor: ARM
                http://www.keil.com/pack/ARM.CMSIS.5.9.0.pack
                ARM::CMSIS@5.9.0
                CMSIS (Common Microcontroller Software Interface Standard)
   * Component: CORE Version: 5.6.0

Package Vendor: Keil
                https://www.keil.com/pack/Keil.STM32F1xx_DFP.2.4.1.pack
                Keil::STM32F1xx_DFP@2.4.1
                STMicroelectronics STM32F1 Series Device Support, Drivers and Examples

<h2>Collection of Component include folders:</h2>
  ./RTE/_QD-OLED
  C:/Users/Admin/AppData/Local/Arm/Packs/ARM/CMSIS/5.9.0/CMSIS/Core/Include
  C:/Users/Admin/AppData/Local/Arm/Packs/Keil/STM32F1xx_DFP/2.4.1/Device/Include

<h2>Collection of Component Files used:</h2>

   * Component: ARM::CMSIS:CORE@5.6.0
Build Time Elapsed:  00:00:01
</pre>
</body>
</html>
