Removed Pin From Net: NetName=VCC Pin=JP1-1
Removed Pin From Net: NetName=NRST Pin=JP1-2
Removed Pin From Net: NetName=SWDIO Pin=JP1-3
Removed Pin From Net: NetName=SWCLK Pin=JP1-4
Removed Pin From Net: NetName=GND Pin=JP1-5
Change Component Designator: OldDesignator=JP2 NewDesignator=JP1
Change Component Designator: OldDesignator=JP3 NewDesignator=JP4
Added Component: Designator=JP2(PLS1-12)
Add component (AddParameter): Name = ""; Value = ""; VariantName = "[No Variations]"
Add component (AddParameter): Name = "Voltage"; Value = ""; VariantName = "[No Variations]"
Add component (AddParameter): Name = "Вид"; Value = "Роз'єм"; VariantName = "[No Variations]"
Add component (AddParameter): Name = "Виробник"; Value = ""; VariantName = "[No Variations]"
Add component (AddParameter): Name = "Примітки"; Value = ""; VariantName = "[No Variations]"
Added Component: Designator=JP3(PLS1-12)
Add component (AddParameter): Name = ""; Value = ""; VariantName = "[No Variations]"
Add component (AddParameter): Name = "Voltage"; Value = ""; VariantName = "[No Variations]"
Add component (AddParameter): Name = "Вид"; Value = "Роз'єм"; VariantName = "[No Variations]"
Add component (AddParameter): Name = "Виробник"; Value = ""; VariantName = "[No Variations]"
Add component (AddParameter): Name = "Примітки"; Value = ""; VariantName = "[No Variations]"
Added Pin To Net: NetName=VBUS Pin=JP2-7
Added Pin To Net: NetName=VCC Pin=JP2-8
Added Pin To Net: NetName=NRST Pin=JP2-9
Added Pin To Net: NetName=SWDIO Pin=JP2-10
Added Pin To Net: NetName=SWCLK Pin=JP2-11
Added Pin To Net: NetName=GND Pin=JP2-12
Added Pin To Net: NetName=PA0 Pin=JP3-1
Added Pin To Net: NetName=PA0 Pin=M1-7
Added Net: Name=PA0
Added Pin To Net: NetName=PA1 Pin=JP3-2
Added Pin To Net: NetName=PA1 Pin=M1-8
Added Net: Name=PA1
Added Pin To Net: NetName=PA4 Pin=JP3-3
Added Pin To Net: NetName=PA4 Pin=M1-11
Added Net: Name=PA4
Added Pin To Net: NetName=PA5 Pin=JP3-4
Added Pin To Net: NetName=PA5 Pin=M1-12
Added Net: Name=PA5
Added Pin To Net: NetName=PA8 Pin=JP3-5
Added Pin To Net: NetName=PA8 Pin=M1-16
Added Net: Name=PA8
Added Pin To Net: NetName=PA9 Pin=JP3-6
Added Pin To Net: NetName=PA9 Pin=M1-18
Added Net: Name=PA9
Added Pin To Net: NetName=PA10 Pin=JP3-7
Added Pin To Net: NetName=PA10 Pin=M1-21
Added Net: Name=PA10
Added Pin To Net: NetName=PA11 Pin=JP3-8
Added Pin To Net: NetName=PA11 Pin=M1-20
Added Net: Name=PA11
Added Pin To Net: NetName=PA12 Pin=JP3-9
Added Pin To Net: NetName=PA12 Pin=M1-19
Added Net: Name=PA12
Added Pin To Net: NetName=PA15 Pin=JP3-10
Added Pin To Net: NetName=PA15 Pin=M1-25
Added Net: Name=PA15
Added Pin To Net: NetName=PB2 Pin=JP3-11
Added Pin To Net: NetName=PB2 Pin=M1-23
Added Net: Name=PB2
Added Pin To Net: NetName=PB3 Pin=JP3-12
Added Pin To Net: NetName=PB3 Pin=M1-1
Added Net: Name=PB3
Added Pin To Net: NetName=PB5 Pin=JP2-1
Added Pin To Net: NetName=PB5 Pin=M1-3
Added Net: Name=PB5
Added Pin To Net: NetName=PB6 Pin=JP2-2
Added Pin To Net: NetName=PB6 Pin=M1-4
Added Net: Name=PB6
Added Pin To Net: NetName=PB7 Pin=JP2-3
Added Pin To Net: NetName=PB7 Pin=M1-5
Added Net: Name=PB7
Added Pin To Net: NetName=PB8 Pin=JP2-4
Added Pin To Net: NetName=PB8 Pin=M1-6
Added Net: Name=PB8
Added Pin To Net: NetName=PB12 Pin=JP2-5
Added Pin To Net: NetName=PB12 Pin=M1-22
Added Net: Name=PB12
Added Pin To Net: NetName=PC13 Pin=JP2-6
Added Pin To Net: NetName=PC13 Pin=M1-26
Added Net: Name=PC13
