Added Component: Designator=C1(C-0603)
Add component (AddParameter): Name = "Voltage"; Value = "50V"; VariantName = "[No Variations]"
Add component (AddParameter): Name = "Вид"; Value = "Конденсатор"; VariantName = "[No Variations]"
Add component (AddParameter): Name = "Виробник"; Value = ""; VariantName = "[No Variations]"
Add component (AddParameter): Name = "Примітки"; Value = ""; VariantName = "[No Variations]"
Add component (AddParameter): Name = "Точність/група"; Value = "NP0"; VariantName = "[No Variations]"
Added Component: Designator=C2(C-0603)
Add component (AddParameter): Name = "Voltage"; Value = "50V"; VariantName = "[No Variations]"
Add component (AddParameter): Name = "Вид"; Value = "Конденсатор"; VariantName = "[No Variations]"
Add component (AddParameter): Name = "Виробник"; Value = ""; VariantName = "[No Variations]"
Add component (AddParameter): Name = "Примітки"; Value = ""; VariantName = "[No Variations]"
Add component (AddParameter): Name = "Точність/група"; Value = "NP0"; VariantName = "[No Variations]"
Added Component: Designator=C3(C-0805)
Add component (AddParameter): Name = "Voltage"; Value = "50V"; VariantName = "[No Variations]"
Add component (AddParameter): Name = "Вид"; Value = "Конденсатор"; VariantName = "[No Variations]"
Add component (AddParameter): Name = "Виробник"; Value = ""; VariantName = "[No Variations]"
Add component (AddParameter): Name = "Примітки"; Value = ""; VariantName = "[No Variations]"
Add component (AddParameter): Name = "Точність/група"; Value = "NP0"; VariantName = "[No Variations]"
Added Component: Designator=C4(C-0603)
Add component (AddParameter): Name = "Voltage"; Value = "50V"; VariantName = "[No Variations]"
Add component (AddParameter): Name = "Вид"; Value = "Конденсатор"; VariantName = "[No Variations]"
Add component (AddParameter): Name = "Виробник"; Value = ""; VariantName = "[No Variations]"
Add component (AddParameter): Name = "Примітки"; Value = ""; VariantName = "[No Variations]"
Add component (AddParameter): Name = "Точність/група"; Value = "NP0"; VariantName = "[No Variations]"
Added Component: Designator=C5(C-0805)
Add component (AddParameter): Name = "Voltage"; Value = "50V"; VariantName = "[No Variations]"
Add component (AddParameter): Name = "Вид"; Value = "Конденсатор"; VariantName = "[No Variations]"
Add component (AddParameter): Name = "Виробник"; Value = ""; VariantName = "[No Variations]"
Add component (AddParameter): Name = "Примітки"; Value = ""; VariantName = "[No Variations]"
Add component (AddParameter): Name = "Точність/група"; Value = "NP0"; VariantName = "[No Variations]"
Added Component: Designator=C6(C-0603)
Add component (AddParameter): Name = "Voltage"; Value = "50V"; VariantName = "[No Variations]"
Add component (AddParameter): Name = "Вид"; Value = "Конденсатор"; VariantName = "[No Variations]"
Add component (AddParameter): Name = "Виробник"; Value = ""; VariantName = "[No Variations]"
Add component (AddParameter): Name = "Примітки"; Value = ""; VariantName = "[No Variations]"
Add component (AddParameter): Name = "Точність/група"; Value = "NP0"; VariantName = "[No Variations]"
Added Component: Designator=C7(C-0603)
Add component (AddParameter): Name = "Voltage"; Value = "50V"; VariantName = "[No Variations]"
Add component (AddParameter): Name = "Вид"; Value = "Конденсатор"; VariantName = "[No Variations]"
Add component (AddParameter): Name = "Виробник"; Value = ""; VariantName = "[No Variations]"
Add component (AddParameter): Name = "Примітки"; Value = ""; VariantName = "[No Variations]"
Add component (AddParameter): Name = "Точність/група"; Value = "NP0"; VariantName = "[No Variations]"
Added Component: Designator=C8(C-0603)
Add component (AddParameter): Name = "Voltage"; Value = "50V"; VariantName = "[No Variations]"
Add component (AddParameter): Name = "Вид"; Value = "Конденсатор"; VariantName = "[No Variations]"
Add component (AddParameter): Name = "Виробник"; Value = ""; VariantName = "[No Variations]"
Add component (AddParameter): Name = "Примітки"; Value = ""; VariantName = "[No Variations]"
Add component (AddParameter): Name = "Точність/група"; Value = "NP0"; VariantName = "[No Variations]"
Add Component: Footprint Not Found LED-0805
Added Component: Designator=JP1(PLS1-5)
Add component (AddParameter): Name = ""; Value = ""; VariantName = "[No Variations]"
Add component (AddParameter): Name = "Voltage"; Value = ""; VariantName = "[No Variations]"
Add component (AddParameter): Name = "Вид"; Value = "Роз'єм"; VariantName = "[No Variations]"
Add component (AddParameter): Name = "Виробник"; Value = ""; VariantName = "[No Variations]"
Add component (AddParameter): Name = "Примітки"; Value = ""; VariantName = "[No Variations]"
Added Component: Designator=JP2(L-KLS1-5473)
Add component (AddParameter): Name = "Mounting  Method"; Value = "SMD"; VariantName = "[No Variations]"
Add component (AddParameter): Name = "Value"; Value = ""; VariantName = "[No Variations]"
Added Component: Designator=JP3(SMA_F_EDGE)
Add component (AddParameter): Name = "Voltage"; Value = ""; VariantName = "[No Variations]"
Add component (AddParameter): Name = "Вид"; Value = "Роз'єм"; VariantName = "[No Variations]"
Add component (AddParameter): Name = "Виробник"; Value = ""; VariantName = "[No Variations]"
Add component (AddParameter): Name = "Примітки"; Value = ""; VariantName = "[No Variations]"
Added Component: Designator=M1(E77XX-M22)
Added Component: Designator=R1(R-0603)
Add component (AddParameter): Name = "Voltage"; Value = ""; VariantName = "[No Variations]"
Add component (AddParameter): Name = "Вид"; Value = "Резистор"; VariantName = "[No Variations]"
Add component (AddParameter): Name = "Виробник"; Value = ""; VariantName = "[No Variations]"
Add component (AddParameter): Name = "Примітки"; Value = ""; VariantName = "[No Variations]"
Add component (AddParameter): Name = "Точність/група"; Value = "5%"; VariantName = "[No Variations]"
Added Component: Designator=R2(R-0603)
Add component (AddParameter): Name = "Voltage"; Value = ""; VariantName = "[No Variations]"
Add component (AddParameter): Name = "Вид"; Value = "Резистор"; VariantName = "[No Variations]"
Add component (AddParameter): Name = "Виробник"; Value = ""; VariantName = "[No Variations]"
Add component (AddParameter): Name = "Примітки"; Value = ""; VariantName = "[No Variations]"
Add component (AddParameter): Name = "Точність/група"; Value = "5%"; VariantName = "[No Variations]"
Added Component: Designator=R3(R-0603)
Add component (AddParameter): Name = "Voltage"; Value = ""; VariantName = "[No Variations]"
Add component (AddParameter): Name = "Вид"; Value = "Резистор"; VariantName = "[No Variations]"
Add component (AddParameter): Name = "Виробник"; Value = ""; VariantName = "[No Variations]"
Add component (AddParameter): Name = "Примітки"; Value = ""; VariantName = "[No Variations]"
Add component (AddParameter): Name = "Точність/група"; Value = "5%"; VariantName = "[No Variations]"
Added Component: Designator=R4(R-0603)
Add component (AddParameter): Name = "Voltage"; Value = ""; VariantName = "[No Variations]"
Add component (AddParameter): Name = "Вид"; Value = "Резистор"; VariantName = "[No Variations]"
Add component (AddParameter): Name = "Виробник"; Value = ""; VariantName = "[No Variations]"
Add component (AddParameter): Name = "Примітки"; Value = ""; VariantName = "[No Variations]"
Add component (AddParameter): Name = "Точність/група"; Value = "5%"; VariantName = "[No Variations]"
Added Component: Designator=U1(SOT-23-5)
Add component (AddParameter): Name = "Вид"; Value = "Мікросхема"; VariantName = "[No Variations]"
Add component (AddParameter): Name = "Виробник"; Value = ""; VariantName = "[No Variations]"
Add component (AddParameter): Name = "Примітки"; Value = ""; VariantName = "[No Variations]"
Added Component: Designator=U2(MSOP-10)
Add component (AddParameter): Name = "Mounting  Method"; Value = "SMD"; VariantName = "[No Variations]"
Add component (AddParameter): Name = "Value"; Value = "{Value}"; VariantName = "[No Variations]"
Added Pin To Net: NetName=DN Pin=JP2-A7
Added Pin To Net: NetName=DN Pin=JP2-B7
Added Pin To Net: NetName=DN Pin=U2-2
Added Net: Name=DN
Added Pin To Net: NetName=DP Pin=JP2-A6
Added Pin To Net: NetName=DP Pin=JP2-B6
Added Pin To Net: NetName=DP Pin=U2-1
Added Net: Name=DP
Added Pin To Net: NetName=GND Pin=C1-1
Added Pin To Net: NetName=GND Pin=C2-1
Added Pin To Net: NetName=GND Pin=C3-2
Added Pin To Net: NetName=GND Pin=C4-2
Added Pin To Net: NetName=GND Pin=C5-2
Added Pin To Net: NetName=GND Pin=C6-1
Added Pin To Net: NetName=GND Pin=C8-1
Added Pin To Net: NetName=GND Pin=JP1-5
Added Pin To Net: NetName=GND Pin=JP2-A1
Added Pin To Net: NetName=GND Pin=JP2-A12
Added Pin To Net: NetName=GND Pin=JP2-B1
Added Pin To Net: NetName=GND Pin=JP2-B12
Added Pin To Net: NetName=GND Pin=JP3-2
Added Pin To Net: NetName=GND Pin=JP3-2
Added Pin To Net: NetName=GND Pin=JP3-2
Added Pin To Net: NetName=GND Pin=JP3-2
Added Pin To Net: NetName=GND Pin=M1-13
Added Pin To Net: NetName=GND Pin=M1-15
Added Pin To Net: NetName=GND Pin=M1-27
Added Pin To Net: NetName=GND Pin=U1-2
Added Pin To Net: NetName=GND Pin=U2-3
Added Net: Name=GND
Added Pin To Net: NetName=LED Pin=M1-2
Added Pin To Net: NetName=LED Pin=R4-2
Added Net: Name=LED
Added Pin To Net: NetName=NetC2_2 Pin=C2-2
Added Pin To Net: NetName=NetC2_2 Pin=U2-7
Added Pin To Net: NetName=NetC2_2 Pin=U2-10
Added Net: Name=NetC2_2
Added Pin To Net: NetName=NetC4_1 Pin=C4-1
Added Pin To Net: NetName=NetC4_1 Pin=U1-4
Added Net: Name=NetC4_1
Added Pin To Net: NetName=NetC6_2 Pin=C6-2
Added Pin To Net: NetName=NetC6_2 Pin=C7-1
Added Pin To Net: NetName=NetC6_2 Pin=M1-14
Added Net: Name=NetC6_2
Added Pin To Net: NetName=NetC7_2 Pin=C7-2
Added Pin To Net: NetName=NetC7_2 Pin=C8-2
Added Pin To Net: NetName=NetC7_2 Pin=JP3-1
Added Net: Name=NetC7_2
Added Pin To Net: NetName=NetD1_A Pin=R4-1
Added Net: Name=NetD1_A
Added Pin To Net: NetName=NetR2_2 Pin=R2-2
Added Pin To Net: NetName=NetR2_2 Pin=U2-9
Added Net: Name=NetR2_2
Added Pin To Net: NetName=NetR3_2 Pin=R3-2
Added Pin To Net: NetName=NetR3_2 Pin=U2-8
Added Net: Name=NetR3_2
Added Pin To Net: NetName=NRST Pin=C1-2
Added Pin To Net: NetName=NRST Pin=JP1-2
Added Pin To Net: NetName=NRST Pin=M1-17
Added Pin To Net: NetName=NRST Pin=R1-1
Added Net: Name=NRST
Added Pin To Net: NetName=RXD1 Pin=M1-10
Added Pin To Net: NetName=RXD1 Pin=R3-1
Added Net: Name=RXD1
Added Pin To Net: NetName=SWCLK Pin=JP1-4
Added Pin To Net: NetName=SWCLK Pin=M1-30
Added Net: Name=SWCLK
Added Pin To Net: NetName=SWDIO Pin=JP1-3
Added Pin To Net: NetName=SWDIO Pin=M1-29
Added Net: Name=SWDIO
Added Pin To Net: NetName=TXD1 Pin=M1-9
Added Pin To Net: NetName=TXD1 Pin=R2-1
Added Net: Name=TXD1
Added Pin To Net: NetName=VBUS Pin=C3-1
Added Pin To Net: NetName=VBUS Pin=JP2-A4
Added Pin To Net: NetName=VBUS Pin=JP2-A9
Added Pin To Net: NetName=VBUS Pin=JP2-B4
Added Pin To Net: NetName=VBUS Pin=JP2-B9
Added Pin To Net: NetName=VBUS Pin=U1-1
Added Pin To Net: NetName=VBUS Pin=U1-3
Added Net: Name=VBUS
Added Pin To Net: NetName=VCC Pin=C5-1
Added Pin To Net: NetName=VCC Pin=JP1-1
Added Pin To Net: NetName=VCC Pin=M1-28
Added Pin To Net: NetName=VCC Pin=R1-2
Added Pin To Net: NetName=VCC Pin=U1-5
Added Net: Name=VCC
