Removed Pin From Net: NetName=PB5 Pin=JP2-1
Removed Pin From Net: NetName=PB6 Pin=JP2-2
Removed Pin From Net: NetName=PB7 Pin=JP2-3
Removed Pin From Net: NetName=PB8 Pin=JP2-4
Removed Pin From Net: NetName=PB12 Pin=JP2-5
Removed Pin From Net: NetName=PA10 Pin=JP3-7
Removed Pin From Net: NetName=PA11 Pin=JP3-8
Removed Pin From Net: NetName=PA15 Pin=JP3-10
Removed Pin From Net: NetName=PB2 Pin=JP3-11
Change component parameters: Designator = "JP2" ("JP2"); Footprint = "PLS1-12"; UniqueID = "\MAZIIRKU" ("\MAZIIRKU")
Change component parameters (AddParameter): Name = ""; Value = ""; VariantName = "[No Variations]"
Change component parameters (AddParameter): Name = "Voltage"; Value = ""; VariantName = "[No Variations]"
Change component parameters (AddParameter): Name = "Вид"; Value = "Роз'єм"; VariantName = "[No Variations]"
Change component parameters (AddParameter): Name = "Виробник"; Value = ""; VariantName = "[No Variations]"
Change component parameters (AddParameter): Name = "Примітки"; Value = ""; VariantName = "[No Variations]"
Change component parameters: Designator = "JP3" ("JP3"); Footprint = "PLS1-12"; UniqueID = "\BJFMJOPI" ("\BJFMJOPI")
Change component parameters (AddParameter): Name = ""; Value = ""; VariantName = "[No Variations]"
Change component parameters (AddParameter): Name = "Voltage"; Value = ""; VariantName = "[No Variations]"
Change component parameters (AddParameter): Name = "Вид"; Value = "Роз'єм"; VariantName = "[No Variations]"
Change component parameters (AddParameter): Name = "Виробник"; Value = ""; VariantName = "[No Variations]"
Change component parameters (AddParameter): Name = "Примітки"; Value = ""; VariantName = "[No Variations]"
Added Pin To Net: NetName=PA11 Pin=JP2-1
Added Pin To Net: NetName=PA10 Pin=JP2-2
Added Pin To Net: NetName=PB12 Pin=JP2-3
Added Pin To Net: NetName=PB2 Pin=JP2-4
Added Pin To Net: NetName=PA15 Pin=JP2-5
Added Pin To Net: NetName=PB5 Pin=JP3-7
Added Pin To Net: NetName=PB6 Pin=JP3-8
Added Pin To Net: NetName=PB8 Pin=JP3-10
Added Pin To Net: NetName=PB7 Pin=JP3-11
